<html>
<body>
<pre>
<h1>µVision Build Log</h1>
<h2>Tool Versions:</h2>
IDE-Version: ¦ÌVision V5.16a
Copyright (C) 2015 ARM Ltd and ARM Germany GmbH. All rights reserved.
License Information: guo Administrator, guo, LIC=VGXHL-0H5K7-BSCYX-HU5BC-H8EH5-TYFTE
 
Tool Versions:
Toolchain:       MDK-ARM Standard  Version: 5.16a
Toolchain Path:  C:\Keil_v5\ARM\ARMCC\Bin
C Compiler:      Armcc.exe V5.06 (build 20)
Assembler:       Armasm.exe V5.06 (build 20)
Linker/Locator:  ArmLink.exe V5.06 (build 20)
Library Manager: ArmAr.exe V5.06 (build 20)
Hex Converter:   FromElf.exe V5.06 (build 20)
CPU DLL:         SARMCM3.DLL V5.16a
Dialog DLL:      DARMP1.DLL V1.25.0.0
Target DLL:      UL2CM3.DLL V1.155.12.0
Dialog DLL:      TARMP1.DLL V1.24.0.0
 
<h2>Project:</h2>
D:\VMCSource\V1.0__20161106\V1.0__20161106\V1.0\VMC.uvprojx
Project File Date:  11/08/2016

<h2>Output:</h2>
*** Using Compiler 'V5.06 (build 20)', folder: 'C:\Keil_v5\ARM\ARMCC\Bin'
Build target 'ReleaseInFlash'
compiling MdbBillDeviceOperation.c...
compiling maintenance.c...
APP\maintenance.c(715): warning:  #111-D: statement is unreachable
  						break;
APP\maintenance.c(721): warning:  #111-D: statement is unreachable
  						break;
APP\maintenance.c(727): warning:  #111-D: statement is unreachable
  						break;
APP\maintenance.c: 3 warnings, 0 errors
linking...
Program Size: Code=38368 RO-data=16528 RW-data=168 ZI-data=17872  
FromELF: creating hex file...
".\Objects\LPC1768.axf" - 0 Error(s), 3 Warning(s).
Build Time Elapsed:  00:00:01
</pre>
</body>
</html>
