<html>
<body>
<pre>
<h1>µVision Build Log</h1>
<h2>Tool Versions:</h2>
IDE-Version: ¦ÌVision V5.16a
Copyright (C) 2015 ARM Ltd and ARM Germany GmbH. All rights reserved.
License Information: guo Administrator, guo, LIC=VGXHL-0H5K7-BSCYX-HU5BC-H8EH5-TYFTE
 
Tool Versions:
Toolchain:       MDK-ARM Standard  Version: 5.16a
Toolchain Path:  C:\Keil_v5\ARM\ARMCC\Bin
C Compiler:      Armcc.exe V5.06 (build 20)
Assembler:       Armasm.exe V5.06 (build 20)
Linker/Locator:  ArmLink.exe V5.06 (build 20)
Library Manager: ArmAr.exe V5.06 (build 20)
Hex Converter:   FromElf.exe V5.06 (build 20)
CPU DLL:         SARMCM3.DLL V5.16a
Dialog DLL:      DARMP1.DLL V1.25.0.0
Target DLL:      UL2CM3.DLL V1.155.12.0
Dialog DLL:      TARMP1.DLL V1.24.0.0
 
<h2>Project:</h2>
D:\VMCSource\V1.0__20161106\V1.0__20161106\V1.0\VMC.uvprojx
Project File Date:  08/26/2016

<h2>Output:</h2>
*** Using Compiler 'V5.06 (build 20)', folder: 'C:\Keil_v5\ARM\ARMCC\Bin'
Rebuild target 'ReleaseInFlash'
compiling vendservice.c...
compiling main.c...
compiling ParamDefine.c...
compiling MdbBillDeviceOperation.c...
compiling MdbCashlessDeviceOperation.c...
compiling Menu.c...
compiling MdbCoinDeviceOperation.c...
compiling System.C...
compiling maintenance.c...
APP\maintenance.c(705): warning:  #111-D: statement is unreachable
  						break;
APP\maintenance.c(711): warning:  #111-D: statement is unreachable
  						break;
APP\maintenance.c(717): warning:  #111-D: statement is unreachable
  						break;
APP\maintenance.c(723): warning:  #111-D: statement is unreachable
  						break;
APP\maintenance.c: 4 warnings, 0 errors
compiling CoinAcceptorChanger.C...
compiling BillValidatorRecycler.C...
compiling COM.C...
compiling Display.C...
compiling FRAM.C...
compiling Keyboard.C...
compiling RealTimeClock.C...
compiling Vending.C...
compiling croutine.c...
compiling event_groups.c...
compiling list.c...
compiling queue.c...
compiling timers.c...
compiling tasks.c...
compiling heap.c...
compiling port.c...
compiling FreeRTOSHooks.c...
compiling UART0.C...
compiling PINSELECT.C...
compiling RTC.C...
compiling LCM.C...
compiling KEY.C...
compiling TIMER.C...
compiling BUZZER.C...
compiling I2C.C...
compiling MDB.C...
compiling MOTOR.C...
compiling LIB.C...
compiling system_LPC17xx.c...
assembling startup_LPC17xx.s...
linking...
Program Size: Code=36568 RO-data=16484 RW-data=168 ZI-data=17856  
FromELF: creating hex file...
".\Objects\LPC1768.axf" - 0 Error(s), 4 Warning(s).
Build Time Elapsed:  00:00:05
</pre>
</body>
</html>
