Component: ARM Compiler 5.06 (build 20) Tool: armlink [4d35a3]

==============================================================================

Section Cross References

    main.o(i.main) refers to tasks.o(i.xTaskCreate) for xTaskCreate
    main.o(i.main) refers to tasks.o(i.vTaskStartScheduler) for vTaskStartScheduler
    main.o(i.main) refers to vendservice.o(i.VendService) for VendService
    main.o(i.main) refers to maintenance.o(i.Maintenance) for Maintenance
    paramdefine.o(i.InitSingleLog) refers to paramdefine.o(.bss) for SingleTradeLog
    paramdefine.o(i.InitSysErrCode) refers to paramdefine.o(.data) for SysError
    paramdefine.o(i.InitTotalLog) refers to fram.o(i.API_FRAM_ReadFram) for API_FRAM_ReadFram
    paramdefine.o(i.InitTotalLog) refers to paramdefine.o(i.CrcCheck) for CrcCheck
    paramdefine.o(i.InitTotalLog) refers to paramdefine.o(i.LoadNewTotalLog) for LoadNewTotalLog
    paramdefine.o(i.InitTotalLog) refers to uart0.o(i.Trace) for Trace
    paramdefine.o(i.InitTotalLog) refers to paramdefine.o(.bss) for TotalTradeLog
    paramdefine.o(i.InitTotalLog) refers to paramdefine.o(.data) for SysError
    paramdefine.o(i.InitTradeParam) refers to fram.o(i.API_FRAM_ReadFram) for API_FRAM_ReadFram
    paramdefine.o(i.InitTradeParam) refers to paramdefine.o(i.CrcCheck) for CrcCheck
    paramdefine.o(i.InitTradeParam) refers to uart0.o(i.Trace) for Trace
    paramdefine.o(i.InitTradeParam) refers to paramdefine.o(.bss) for TradeParam
    paramdefine.o(i.InitTradeParam) refers to paramdefine.o(.data) for SysError
    paramdefine.o(i.InitVmcParam) refers to fram.o(i.API_FRAM_ReadFram) for API_FRAM_ReadFram
    paramdefine.o(i.InitVmcParam) refers to paramdefine.o(i.CrcCheck) for CrcCheck
    paramdefine.o(i.InitVmcParam) refers to uart0.o(i.Trace) for Trace
    paramdefine.o(i.InitVmcParam) refers to paramdefine.o(i.LoadDefaultVmcParam) for LoadDefaultVmcParam
    paramdefine.o(i.InitVmcParam) refers to paramdefine.o(.bss) for VMCParam
    paramdefine.o(i.LoadDefaultVmcParam) refers to paramdefine.o(i.CrcCheck) for CrcCheck
    paramdefine.o(i.LoadDefaultVmcParam) refers to fram.o(i.API_FRAM_WriteFram) for API_FRAM_WriteFram
    paramdefine.o(i.LoadDefaultVmcParam) refers to tasks.o(i.vTaskDelay) for vTaskDelay
    paramdefine.o(i.LoadDefaultVmcParam) refers to uart0.o(i.Trace) for Trace
    paramdefine.o(i.LoadDefaultVmcParam) refers to paramdefine.o(.bss) for VMCParam
    paramdefine.o(i.LoadNewSingleLog) refers to paramdefine.o(i.CrcCheck) for CrcCheck
    paramdefine.o(i.LoadNewSingleLog) refers to fram.o(i.API_FRAM_WriteFram) for API_FRAM_WriteFram
    paramdefine.o(i.LoadNewSingleLog) refers to tasks.o(i.vTaskDelay) for vTaskDelay
    paramdefine.o(i.LoadNewSingleLog) refers to paramdefine.o(i.LoadNewTotalLog) for LoadNewTotalLog
    paramdefine.o(i.LoadNewSingleLog) refers to paramdefine.o(.bss) for SingleTradeLog
    paramdefine.o(i.LoadNewTotalLog) refers to paramdefine.o(i.CrcCheck) for CrcCheck
    paramdefine.o(i.LoadNewTotalLog) refers to fram.o(i.API_FRAM_WriteFram) for API_FRAM_WriteFram
    paramdefine.o(i.LoadNewTotalLog) refers to tasks.o(i.vTaskDelay) for vTaskDelay
    paramdefine.o(i.LoadNewTotalLog) refers to paramdefine.o(.bss) for TotalTradeLog
    paramdefine.o(i.LoadNewTradeParam) refers to uart0.o(i.Trace) for Trace
    paramdefine.o(i.LoadNewTradeParam) refers to paramdefine.o(i.CrcCheck) for CrcCheck
    paramdefine.o(i.LoadNewTradeParam) refers to fram.o(i.API_FRAM_WriteFram) for API_FRAM_WriteFram
    paramdefine.o(i.LoadNewTradeParam) refers to tasks.o(i.vTaskDelay) for vTaskDelay
    paramdefine.o(i.LoadNewTradeParam) refers to paramdefine.o(.bss) for TradeParam
    paramdefine.o(i.LoadNewTradeParam) refers to paramdefine.o(.data) for SysError
    paramdefine.o(i.LoadNewVmcParam) refers to paramdefine.o(i.CrcCheck) for CrcCheck
    paramdefine.o(i.LoadNewVmcParam) refers to fram.o(i.API_FRAM_WriteFram) for API_FRAM_WriteFram
    paramdefine.o(i.LoadNewVmcParam) refers to tasks.o(i.vTaskDelay) for vTaskDelay
    paramdefine.o(i.LoadNewVmcParam) refers to uart0.o(i.Trace) for Trace
    paramdefine.o(i.LoadNewVmcParam) refers to paramdefine.o(.bss) for VMCParam
    vendservice.o(i.VendService) refers to system.o(i.API_SYSTEM_PinFuctionSelect) for API_SYSTEM_PinFuctionSelect
    vendservice.o(i.VendService) refers to fram.o(i.API_FRAM_Init) for API_FRAM_Init
    vendservice.o(i.VendService) refers to system.o(i.API_SYSTEM_TimerInit) for API_SYSTEM_TimerInit
    vendservice.o(i.VendService) refers to com.o(i.API_COM_Init) for API_COM_Init
    vendservice.o(i.VendService) refers to mdb.o(i.API_MDB_UartInit) for API_MDB_UartInit
    vendservice.o(i.VendService) refers to display.o(i.API_LCM_Init) for API_LCM_Init
    vendservice.o(i.VendService) refers to keyboard.o(i.API_KEY_KeyboardInit) for API_KEY_KeyboardInit
    vendservice.o(i.VendService) refers to keyboard.o(i.API_BUZZER_Buzzer) for API_BUZZER_Buzzer
[...]
    i.vApplicationStackOverflowHook          0x00008514   Section        0  freertoshooks.o(i.vApplicationStackOverflowHook)
    i.vApplicationTickHook                   0x00008564   Section        0  freertoshooks.o(i.vApplicationTickHook)
    i.vListInitialise                        0x00008566   Section        0  list.o(i.vListInitialise)
    i.vListInitialiseItem                    0x00008580   Section        0  list.o(i.vListInitialiseItem)
    i.vListInsert                            0x00008586   Section        0  list.o(i.vListInsert)
    i.vListInsertEnd                         0x000085ba   Section        0  list.o(i.vListInsertEnd)
    i.vPortEnterCritical                     0x000085d4   Section        0  port.o(i.vPortEnterCritical)
    i.vPortExitCritical                      0x000085f8   Section        0  port.o(i.vPortExitCritical)
    i.vPortFree                              0x00008618   Section        0  heap.o(i.vPortFree)
    i.vPortSetupTimerInterrupt               0x00008660   Section        0  port.o(i.vPortSetupTimerInterrupt)
    i.vTaskDelay                             0x00008674   Section        0  tasks.o(i.vTaskDelay)
    i.vTaskMissedYield                       0x000086a8   Section        0  tasks.o(i.vTaskMissedYield)
    i.vTaskPlaceOnEventList                  0x000086b4   Section        0  tasks.o(i.vTaskPlaceOnEventList)
    i.vTaskPriorityInherit                   0x000086d4   Section        0  tasks.o(i.vTaskPriorityInherit)
    i.vTaskSetTimeOutState                   0x00008784   Section        0  tasks.o(i.vTaskSetTimeOutState)
    i.vTaskStartScheduler                    0x0000879c   Section        0  tasks.o(i.vTaskStartScheduler)
    i.vTaskSuspendAll                        0x00008800   Section        0  tasks.o(i.vTaskSuspendAll)
    i.vTaskSwitchContext                     0x00008810   Section        0  tasks.o(i.vTaskSwitchContext)
    i.xPortStartScheduler                    0x000088a8   Section        0  port.o(i.xPortStartScheduler)
    i.xQueueGenericCreate                    0x000088dc   Section        0  queue.o(i.xQueueGenericCreate)
    i.xQueueGenericReceive                   0x00008914   Section        0  queue.o(i.xQueueGenericReceive)
    i.xQueueGenericReset                     0x00008a70   Section        0  queue.o(i.xQueueGenericReset)
    i.xQueueGenericSendFromISR               0x00008af0   Section        0  queue.o(i.xQueueGenericSendFromISR)
    i.xTaskCheckForTimeOut                   0x00008b78   Section        0  tasks.o(i.xTaskCheckForTimeOut)
    i.xTaskCreate                            0x00008bd4   Section        0  tasks.o(i.xTaskCreate)
    i.xTaskIncrementTick                     0x00008c34   Section        0  tasks.o(i.xTaskIncrementTick)
    i.xTaskPriorityDisinherit                0x00008d5c   Section        0  tasks.o(i.xTaskPriorityDisinherit)
    i.xTaskRemoveFromEventList               0x00008de0   Section        0  tasks.o(i.xTaskRemoveFromEventList)
    i.xTaskResumeAll                         0x00008e60   Section        0  tasks.o(i.xTaskResumeAll)
    locale$$code                             0x00008f48   Section       44  lc_numeric_c.o(locale$$code)
    locale$$code                             0x00008f74   Section       44  lc_ctype_c.o(locale$$code)
    x$fpl$printf1                            0x00008fa0   Section        4  printf1.o(x$fpl$printf1)
    .constdata                               0x00008fa4   Section     1136  menu.o(.constdata)
    x$fpl$usenofp                            0x00008fa4   Section        0  usenofp.o(x$fpl$usenofp)
    .constdata                               0x00009414   Section       18  key.o(.constdata)
    .constdata                               0x00009426   Section    10808  lib.o(.constdata)
    .constdata                               0x0000be5e   Section       17  __printf_flags_ss_wp.o(.constdata)
    maptable                                 0x0000be5e   Data          17  __printf_flags_ss_wp.o(.constdata)
    .constdata                               0x0000be70   Section        8  _printf_wctomb.o(.constdata)
    initial_mbstate                          0x0000be70   Data           8  _printf_wctomb.o(.constdata)
    .constdata                               0x0000be78   Section       40  _printf_hex_int_ll_ptr.o(.constdata)
    uc_hextab                                0x0000be78   Data          20  _printf_hex_int_ll_ptr.o(.constdata)
    lc_hextab                                0x0000be8c   Data          20  _printf_hex_int_ll_ptr.o(.constdata)
    .constdata                               0x0000bea0   Section      148  bigflt0.o(.constdata)
    tenpwrs_x                                0x0000bea0   Data          60  bigflt0.o(.constdata)
    tenpwrs_i                                0x0000bedc   Data          64  bigflt0.o(.constdata)
    .conststring                             0x0000bf34   Section       73  mdbbilldeviceoperation.o(.conststring)
    .conststring                             0x0000bf80   Section     3680  menu.o(.conststring)
    locale$$data                             0x0000ce10   Section       28  lc_numeric_c.o(locale$$data)
    __lcnum_c_name                           0x0000ce14   Data           2  lc_numeric_c.o(locale$$data)
    __lcnum_c_start                          0x0000ce1c   Data           0  lc_numeric_c.o(locale$$data)
    __lcnum_c_point                          0x0000ce28   Data           0  lc_numeric_c.o(locale$$data)
    __lcnum_c_thousands                      0x0000ce2a   Data           0  lc_numeric_c.o(locale$$data)
    __lcnum_c_grouping                       0x0000ce2b   Data           0  lc_numeric_c.o(locale$$data)
    locale$$data                             0x0000ce2c   Section      272  lc_ctype_c.o(locale$$data)
    __lcnum_c_end                            0x0000ce2c   Data           0  lc_numeric_c.o(locale$$data)
    __lcctype_c_name                         0x0000ce30   Data           2  lc_ctype_c.o(locale$$data)
    __lcctype_c_start                        0x0000ce38   Data           0  lc_ctype_c.o(locale$$data)
    __lcctype_c_end                          0x0000cf3c   Data           0  lc_ctype_c.o(locale$$data)
    .bss                                     0x10000000   Section    16384  heap.o(.bss)
    ucHeap                                   0x10000000   Data       16384  heap.o(.bss)
    .data                                    0x2007c000   Section       11  paramdefine.o(.data)
    .data                                    0x2007c00c   Section       60  tasks.o(.data)
    pxDelayedTaskList                        0x2007c010   Data           4  tasks.o(.data)
    pxOverflowDelayedTaskList                0x2007c014   Data           4  tasks.o(.data)
    uxDeletedTasksWaitingCleanUp             0x2007c018   Data           4  tasks.o(.data)
    uxCurrentNumberOfTasks                   0x2007c01c   Data           4  tasks.o(.data)
    xTickCount                               0x2007c020   Data           4  tasks.o(.data)
    uxTopReadyPriority                       0x2007c024   Data           4  tasks.o(.data)
    xSchedulerRunning                        0x2007c028   Data           4  tasks.o(.data)
    uxPendedTicks                            0x2007c02c   Data           4  tasks.o(.data)
    xYieldPending                            0x2007c030   Data           4  tasks.o(.data)
    xNumOfOverflows                          0x2007c034   Data           4  tasks.o(.data)
    uxTaskNumber                             0x2007c038   Data           4  tasks.o(.data)
    xNextTaskUnblockTime                     0x2007c03c   Data           4  tasks.o(.data)
    xIdleTaskHandle                          0x2007c040   Data           4  tasks.o(.data)
    uxSchedulerSuspended                     0x2007c044   Data           4  tasks.o(.data)
    .data                                    0x2007c048   Section        4  port.o(.data)
    uxCriticalNesting                        0x2007c048   Data           4  port.o(.data)
    .data                                    0x2007c04c   Section       24  heap.o(.data)
    xStart                                   0x2007c04c   Data           8  heap.o(.data)
    pxEnd                                    0x2007c054   Data           4  heap.o(.data)
    xFreeBytesRemaining                      0x2007c058   Data           4  heap.o(.data)
    xMinimumEverFreeBytesRemaining           0x2007c05c   Data           4  heap.o(.data)
    xBlockAllocatedBit                       0x2007c060   Data           4  heap.o(.data)
    .data                                    0x2007c064   Section        2  uart0.o(.data)
    .data                                    0x2007c068   Section        4  key.o(.data)
    .data                                    0x2007c06c   Section       32  timer.o(.data)
    n                                        0x2007c070   Data           1  timer.o(.data)
    key                                      0x2007c071   Data           6  timer.o(.data)
    xHigherPriorityTaskWoken                 0x2007c078   Data           4  timer.o(.data)
    BuzerTimer                               0x2007c07c   Data           4  timer.o(.data)
    PreMaintKey                              0x2007c080   Data           1  timer.o(.data)
    CurMaintKey                              0x2007c081   Data           1  timer.o(.data)
    Key                                      0x2007c082   Data           1  timer.o(.data)
    Delay                                    0x2007c084   Data           4  timer.o(.data)
    xHigherPriorityTaskWoken                 0x2007c088   Data           4  timer.o(.data)
    .data                                    0x2007c08c   Section       22  i2c.o(.data)
    .data                                    0x2007c0a2   Section        4  mdb.o(.data)
    checksum                                 0x2007c0a5   Data           1  mdb.o(.data)
    .bss                                     0x2007c0a8   Section      512  paramdefine.o(.bss)
    .bss                                     0x2007c2a8   Section      220  tasks.o(.bss)
    pxReadyTasksLists                        0x2007c2a8   Data         120  tasks.o(.bss)
    xDelayedTaskList1                        0x2007c320   Data          20  tasks.o(.bss)
    xDelayedTaskList2                        0x2007c334   Data          20  tasks.o(.bss)
    xPendingReadyList                        0x2007c348   Data          20  tasks.o(.bss)
    xTasksWaitingTermination                 0x2007c35c   Data          20  tasks.o(.bss)
    xSuspendedTaskList                       0x2007c370   Data          20  tasks.o(.bss)
    .bss                                     0x2007c384   Section       64  uart0.o(.bss)
    .bss                                     0x2007c3c4   Section       32  timer.o(.bss)
    .bss                                     0x2007c3e4   Section       36  mdb.o(.bss)
    .bss                                     0x2007c408   Section       96  libspace.o(.bss)
    HEAP                                     0x2007c468   Section        0  startup_lpc17xx.o(HEAP)
    STACK                                    0x2007c468   Section      512  startup_lpc17xx.o(STACK)
    Heap_Mem                                 0x2007c468   Data           0  startup_lpc17xx.o(HEAP)
    Stack_Mem                                0x2007c468   Data         512  startup_lpc17xx.o(STACK)
    __initial_sp                             0x2007c668   Data           0  startup_lpc17xx.o(STACK)

    Global Symbols

    Symbol Name                              Value     Ov Type        Size  Object(Section)

    BuildAttributes$$THM_ISAv4$P$D$K$B$S$PE$A:L22UL41UL21$X:L11$S22US41US21$IEEE1$IW$USESV6$~STKCKD$USESV7$~SHL$OTIME$ROPI$IEEEJ$EBA8$UX$STANDARDLIB$REQ8$PRES8$EABIv2 0x00000000   Number         0  anon$$obj.o ABSOLUTE
    __ARM_use_no_argv                        0x00000000   Number         0  main.o ABSOLUTE
    __Vectors                                0x00000000   Data           4  startup_lpc17xx.o(RESET)
    _printf_flags                            0x00000000   Number         0  printf_stubs.o ABSOLUTE
    _printf_return_value                     0x00000000   Number         0  printf_stubs.o ABSOLUTE
    _printf_sizespec                         0x00000000   Number         0  printf_stubs.o ABSOLUTE
    _printf_widthprec                        0x00000000   Number         0  printf_stubs.o ABSOLUTE
    __ARM_exceptions_init                     - Undefined Weak Reference
    __alloca_initialize                       - Undefined Weak Reference
    __arm_preinit_                            - Undefined Weak Reference
    __cpp_initialize__aeabi_                  - Undefined Weak Reference
    __cxa_finalize                            - Undefined Weak Reference
    __sigvec_lookup                           - Undefined Weak Reference
    _atexit_init                              - Undefined Weak Reference
    _call_atexit_fns                          - Undefined Weak Reference
    _clock_init                               - Undefined Weak Reference
    _fp_trap_init                             - Undefined Weak Reference
    _fp_trap_shutdown                         - Undefined Weak Reference
    _get_lc_collate                           - Undefined Weak Reference
    _get_lc_monetary                          - Undefined Weak Reference
    _get_lc_time                              - Undefined Weak Reference
    _getenv_init                              - Undefined Weak Reference
    _handle_redirection                       - Undefined Weak Reference
    _init_alloc                               - Undefined Weak Reference
    _init_user_alloc                          - Undefined Weak Reference
    _initio                                   - Undefined Weak Reference
    _printf_fp_hex                            - Undefined Weak Reference
    _printf_mbtowc                            - Undefined Weak Reference
    _printf_wc                                - Undefined Weak Reference
    _rand_init                                - Undefined Weak Reference
    _signal_finish                            - Undefined Weak Reference
    _signal_init                              - Undefined Weak Reference
    _terminate_alloc                          - Undefined Weak Reference
    _terminate_user_alloc                     - Undefined Weak Reference
    _terminateio                              - Undefined Weak Reference
    __main                                   0x000000cd   Thumb Code     8  __main.o(!!!main)
    __scatterload                            0x000000d5   Thumb Code     0  __scatter.o(!!!scatter)
    __scatterload_rt2                        0x000000d5   Thumb Code    44  __scatter.o(!!!scatter)
    __scatterload_rt2_thumb_only             0x000000d5   Thumb Code     0  __scatter.o(!!!scatter)
    __scatterload_null                       0x000000e3   Thumb Code     0  __scatter.o(!!!scatter)
    __scatterload_copy                       0x00000109   Thumb Code    26  __scatter_copy.o(!!handler_copy)
    __scatterload_zeroinit                   0x00000125   Thumb Code    28  __scatter_zi.o(!!handler_zi)
    _printf_n                                0x00000141   Thumb Code     0  _printf_n.o(.ARM.Collect$$_printf_percent$$00000001)
    _printf_percent                          0x00000141   Thumb Code     0  _printf_percent.o(.ARM.Collect$$_printf_percent$$00000000)
    _printf_p                                0x00000147   Thumb Code     0  _printf_p.o(.ARM.Collect$$_printf_percent$$00000002)
    _printf_f                                0x0000014d   Thumb Code     0  _printf_f.o(.ARM.Collect$$_printf_percent$$00000003)
    _printf_e                                0x00000153   Thumb Code     0  _printf_e.o(.ARM.Collect$$_printf_percent$$00000004)
    _printf_g                                0x00000159   Thumb Code     0  _printf_g.o(.ARM.Collect$$_printf_percent$$00000005)
    _printf_a                                0x0000015f   Thumb Code     0  _printf_a.o(.ARM.Collect$$_printf_percent$$00000006)
    _printf_ll                               0x00000165   Thumb Code     0  _printf_ll.o(.ARM.Collect$$_printf_percent$$00000007)
    _printf_i                                0x0000016f   Thumb Code     0  _printf_i.o(.ARM.Collect$$_printf_percent$$00000008)
    _printf_d                                0x00000175   Thumb Code     0  _printf_d.o(.ARM.Collect$$_printf_percent$$00000009)
    _printf_u                                0x0000017b   Thumb Code     0  _printf_u.o(.ARM.Collect$$_printf_percent$$0000000A)
    _printf_o                                0x00000181   Thumb Code     0  _printf_o.o(.ARM.Collect$$_printf_percent$$0000000B)
    _printf_x                                0x00000187   Thumb Code     0  _printf_x.o(.ARM.Collect$$_printf_percent$$0000000C)
    _printf_lli                              0x0000018d   Thumb Code     0  _printf_lli.o(.ARM.Collect$$_printf_percent$$0000000D)
    _printf_lld                              0x00000193   Thumb Code     0  _printf_lld.o(.ARM.Collect$$_printf_percent$$0000000E)
    _printf_llu                              0x00000199   Thumb Code     0  _printf_llu.o(.ARM.Collect$$_printf_percent$$0000000F)
    _printf_llo                              0x0000019f   Thumb Code     0  _printf_llo.o(.ARM.Collect$$_printf_percent$$00000010)
    _printf_llx                              0x000001a5   Thumb Code     0  _printf_llx.o(.ARM.Collect$$_printf_percent$$00000011)
    _printf_l                                0x000001ab   Thumb Code     0  _printf_l.o(.ARM.Collect$$_printf_percent$$00000012)
    _printf_c                                0x000001b5   Thumb Code     0  _printf_c.o(.ARM.Collect$$_printf_percent$$00000013)
    _printf_s                                0x000001bb   Thumb Code     0  _printf_s.o(.ARM.Collect$$_printf_percent$$00000014)
    _printf_lc                               0x000001c1   Thumb Code     0  _printf_lc.o(.ARM.Collect$$_printf_percent$$00000015)
    _printf_ls                               0x000001c7   Thumb Code     0  _printf_ls.o(.ARM.Collect$$_printf_percent$$00000016)
    _printf_percent_end                      0x000001cd   Thumb Code     0  _printf_percent_end.o(.ARM.Collect$$_printf_percent$$00000017)
    __rt_lib_init                            0x000001d1   Thumb Code     0  libinit.o(.ARM.Collect$$libinit$$00000000)
    __rt_lib_init_fp_1                       0x000001d3   Thumb Code     0  libinit2.o(.ARM.Collect$$libinit$$00000002)
    __rt_lib_init_heap_1                     0x000001d3   Thumb Code     0  libinit2.o(.ARM.Collect$$libinit$$0000000A)
    __rt_lib_init_lc_common                  0x000001d3   Thumb Code     0  libinit2.o(.ARM.Collect$$libinit$$0000000F)
    __rt_lib_init_preinit_1                  0x000001d3   Thumb Code     0  libinit2.o(.ARM.Collect$$libinit$$00000004)
    __rt_lib_init_rand_1                     0x000001d3   Thumb Code     0  libinit2.o(.ARM.Collect$$libinit$$0000000E)
    __rt_lib_init_user_alloc_1               0x000001d3   Thumb Code     0  libinit2.o(.ARM.Collect$$libinit$$0000000C)
    __rt_lib_init_lc_collate_1               0x000001d9   Thumb Code     0  libinit2.o(.ARM.Collect$$libinit$$00000011)
    __rt_lib_init_lc_ctype_2                 0x000001d9   Thumb Code     0  libinit2.o(.ARM.Collect$$libinit$$00000012)
    __rt_lib_init_lc_ctype_1                 0x000001e5   Thumb Code     0  libinit2.o(.ARM.Collect$$libinit$$00000013)
    __rt_lib_init_lc_monetary_1              0x000001e5   Thumb Code     0  libinit2.o(.ARM.Collect$$libinit$$00000015)
    __rt_lib_init_lc_numeric_2               0x000001e5   Thumb Code     0  libinit2.o(.ARM.Collect$$libinit$$00000016)
    __rt_lib_init_alloca_1                   0x000001ef   Thumb Code     0  libinit2.o(.ARM.Collect$$libinit$$0000002E)
    __rt_lib_init_argv_1                     0x000001ef   Thumb Code     0  libinit2.o(.ARM.Collect$$libinit$$0000002C)
    __rt_lib_init_atexit_1                   0x000001ef   Thumb Code     0  libinit2.o(.ARM.Collect$$libinit$$0000001B)
    __rt_lib_init_clock_1                    0x000001ef   Thumb Code     0  libinit2.o(.ARM.Collect$$libinit$$00000021)
    __rt_lib_init_cpp_1                      0x000001ef   Thumb Code     0  libinit2.o(.ARM.Collect$$libinit$$00000032)
    __rt_lib_init_exceptions_1               0x000001ef   Thumb Code     0  libinit2.o(.ARM.Collect$$libinit$$00000030)
    __rt_lib_init_fp_trap_1                  0x000001ef   Thumb Code     0  libinit2.o(.ARM.Collect$$libinit$$0000001F)
    __rt_lib_init_getenv_1                   0x000001ef   Thumb Code     0  libinit2.o(.ARM.Collect$$libinit$$00000023)
    __rt_lib_init_lc_numeric_1               0x000001ef   Thumb Code     0  libinit2.o(.ARM.Collect$$libinit$$00000017)
    __rt_lib_init_lc_time_1                  0x000001ef   Thumb Code     0  libinit2.o(.ARM.Collect$$libinit$$00000019)
    __rt_lib_init_return                     0x000001ef   Thumb Code     0  libinit2.o(.ARM.Collect$$libinit$$00000033)
    __rt_lib_init_signal_1                   0x000001ef   Thumb Code     0  libinit2.o(.ARM.Collect$$libinit$$0000001D)
    __rt_lib_init_stdio_1                    0x000001ef   Thumb Code     0  libinit2.o(.ARM.Collect$$libinit$$00000025)
    __rt_lib_shutdown                        0x000001f1   Thumb Code     0  libshutdown.o(.ARM.Collect$$libshutdown$$00000000)
    __rt_lib_shutdown_cpp_1                  0x000001f3   Thumb Code     0  libshutdown2.o(.ARM.Collect$$libshutdown$$00000002)
    __rt_lib_shutdown_fp_trap_1              0x000001f3   Thumb Code     0  libshutdown2.o(.ARM.Collect$$libshutdown$$00000007)
    __rt_lib_shutdown_heap_1                 0x000001f3   Thumb Code     0  libshutdown2.o(.ARM.Collect$$libshutdown$$0000000F)
    __rt_lib_shutdown_return                 0x000001f3   Thumb Code     0  libshutdown2.o(.ARM.Collect$$libshutdown$$00000010)
    __rt_lib_shutdown_signal_1               0x000001f3   Thumb Code     0  libshutdown2.o(.ARM.Collect$$libshutdown$$0000000A)
    __rt_lib_shutdown_stdio_1                0x000001f3   Thumb Code     0  libshutdown2.o(.ARM.Collect$$libshutdown$$00000004)
    __rt_lib_shutdown_user_alloc_1           0x000001f3   Thumb Code     0  libshutdown2.o(.ARM.Collect$$libshutdown$$0000000C)
    __rt_entry                               0x000001f5   Thumb Code     0  __rtentry.o(.ARM.Collect$$rtentry$$00000000)
    __rt_entry_presh_1                       0x000001f5   Thumb Code     0  __rtentry2.o(.ARM.Collect$$rtentry$$00000002)
    __rt_entry_sh                            0x000001f5   Thumb Code     0  __rtentry4.o(.ARM.Collect$$rtentry$$00000004)
    __rt_entry_li                            0x000001fb   Thumb Code     0  __rtentry2.o(.ARM.Collect$$rtentry$$0000000A)
    __rt_entry_postsh_1                      0x000001fb   Thumb Code     0  __rtentry2.o(.ARM.Collect$$rtentry$$00000009)
    __rt_entry_main                          0x000001ff   Thumb Code     0  __rtentry2.o(.ARM.Collect$$rtentry$$0000000D)
    __rt_entry_postli_1                      0x000001ff   Thumb Code     0  __rtentry2.o(.ARM.Collect$$rtentry$$0000000C)
    __rt_exit                                0x00000207   Thumb Code     0  rtexit.o(.ARM.Collect$$rtexit$$00000000)
    __rt_exit_ls                             0x00000209   Thumb Code     0  rtexit2.o(.ARM.Collect$$rtexit$$00000003)
    __rt_exit_prels_1                        0x00000209   Thumb Code     0  rtexit2.o(.ARM.Collect$$rtexit$$00000002)
    __rt_exit_exit                           0x0000020d   Thumb Code     0  rtexit2.o(.ARM.Collect$$rtexit$$00000004)
    SVC_Handler                              0x00000215   Thumb Code    32  port.o(.emb_text)
    __asm___6_port_c_39a90d8d__prvStartFirstTask 0x00000239   Thumb Code    28  port.o(.emb_text)
    PendSV_Handler                           0x00000259   Thumb Code    72  port.o(.emb_text)
    vPortGetIPSR                             0x000002a5   Thumb Code     6  port.o(.emb_text)
    Reset_Handler                            0x000002ad   Thumb Code     8  startup_lpc17xx.o(.text)
    NMI_Handler                              0x000002b5   Thumb Code     2  startup_lpc17xx.o(.text)
    HardFault_Handler                        0x000002b7   Thumb Code     2  startup_lpc17xx.o(.text)
    MemManage_Handler                        0x000002b9   Thumb Code     2  startup_lpc17xx.o(.text)
    BusFault_Handler                         0x000002bb   Thumb Code     2  startup_lpc17xx.o(.text)
    UsageFault_Handler                       0x000002bd   Thumb Code     2  startup_lpc17xx.o(.text)
    DebugMon_Handler                         0x000002c1   Thumb Code     2  startup_lpc17xx.o(.text)
    ADC_IRQHandler                           0x000002c7   Thumb Code     0  startup_lpc17xx.o(.text)
    BOD_IRQHandler                           0x000002c7   Thumb Code     0  startup_lpc17xx.o(.text)
    CANActivity_IRQHandler                   0x000002c7   Thumb Code     0  startup_lpc17xx.o(.text)
    CAN_IRQHandler                           0x000002c7   Thumb Code     0  startup_lpc17xx.o(.text)
    DMA_IRQHandler                           0x000002c7   Thumb Code     0  startup_lpc17xx.o(.text)
    EINT0_IRQHandler                         0x000002c7   Thumb Code     0  startup_lpc17xx.o(.text)
    EINT2_IRQHandler                         0x000002c7   Thumb Code     0  startup_lpc17xx.o(.text)
    EINT3_IRQHandler                         0x000002c7   Thumb Code     0  startup_lpc17xx.o(.text)
    ENET_IRQHandler                          0x000002c7   Thumb Code     0  startup_lpc17xx.o(.text)
    I2C1_IRQHandler                          0x000002c7   Thumb Code     0  startup_lpc17xx.o(.text)
    I2C2_IRQHandler                          0x000002c7   Thumb Code     0  startup_lpc17xx.o(.text)
    I2S_IRQHandler                           0x000002c7   Thumb Code     0  startup_lpc17xx.o(.text)
    MCPWM_IRQHandler                         0x000002c7   Thumb Code     0  startup_lpc17xx.o(.text)
    PLL0_IRQHandler                          0x000002c7   Thumb Code     0  startup_lpc17xx.o(.text)
    PLL1_IRQHandler                          0x000002c7   Thumb Code     0  startup_lpc17xx.o(.text)
    PWM1_IRQHandler                          0x000002c7   Thumb Code     0  startup_lpc17xx.o(.text)
    QEI_IRQHandler                           0x000002c7   Thumb Code     0  startup_lpc17xx.o(.text)
    RIT_IRQHandler                           0x000002c7   Thumb Code     0  startup_lpc17xx.o(.text)
    RTC_IRQHandler                           0x000002c7   Thumb Code     0  startup_lpc17xx.o(.text)
    SPI_IRQHandler                           0x000002c7   Thumb Code     0  startup_lpc17xx.o(.text)
    SSP0_IRQHandler                          0x000002c7   Thumb Code     0  startup_lpc17xx.o(.text)
    SSP1_IRQHandler                          0x000002c7   Thumb Code     0  startup_lpc17xx.o(.text)
    UART1_IRQHandler                         0x000002c7   Thumb Code     0  startup_lpc17xx.o(.text)
    UART3_IRQHandler                         0x000002c7   Thumb Code     0  startup_lpc17xx.o(.text)
    USBActivity_IRQHandler                   0x000002c7   Thumb Code     0  startup_lpc17xx.o(.text)
    USB_IRQHandler                           0x000002c7   Thumb Code     0  startup_lpc17xx.o(.text)
    WDT_IRQHandler                           0x000002c7   Thumb Code     0  startup_lpc17xx.o(.text)
    __user_initial_stackheap                 0x000002c9   Thumb Code     0  startup_lpc17xx.o(.text)
    __aeabi_memset                           0x000002e9   Thumb Code    16  aeabi_memset.o(.text)
    __I$use$semihosting                      0x000002f9   Thumb Code     0  use_no_semi.o(.text)
    __use_no_semihosting_swi                 0x000002f9   Thumb Code     2  use_no_semi.o(.text)
    __semihosting_library_function           0x000002fb   Thumb Code     0  indicate_semi.o(.text)
    vApplicationIdleHook                     0x000002fb   Thumb Code     2  freertoshooks.o(i.vApplicationIdleHook)
    __c89vsprintf                            0x00000301   Thumb Code    32  c89vsprintf.o(.text)
    _printf_str                              0x00000325   Thumb Code    82  _printf_str.o(.text)
    _printf_int_dec                          0x00000379   Thumb Code   104  _printf_dec.o(.text)
    __printf                                 0x000003f1   Thumb Code   388  __printf_flags_ss_wp.o(.text)
    strstr                                   0x00000579   Thumb Code    36  strstr.o(.text)
    strlen                                   0x0000059d   Thumb Code    62  strlen.o(.text)
    __aeabi_memcpy                           0x000005db   Thumb Code     0  rt_memcpy_v6.o(.text)
    __rt_memcpy                              0x000005db   Thumb Code   138  rt_memcpy_v6.o(.text)
    _memcpy_lastbytes                        0x00000641   Thumb Code     0  rt_memcpy_v6.o(.text)
    __aeabi_memclr                           0x00000665   Thumb Code     0  rt_memclr.o(.text)
    __rt_memclr                              0x00000665   Thumb Code    68  rt_memclr.o(.text)
    _memset                                  0x00000669   Thumb Code     0  rt_memclr.o(.text)
    __use_two_region_memory                  0x000006a9   Thumb Code     2  heapauxi.o(.text)
    __rt_heap_escrow$2region                 0x000006ab   Thumb Code     2  heapauxi.o(.text)
    __rt_heap_expand$2region                 0x000006ad   Thumb Code     2  heapauxi.o(.text)
    _printf_pre_padding                      0x000006af   Thumb Code    44  _printf_pad.o(.text)
    _printf_post_padding                     0x000006db   Thumb Code    34  _printf_pad.o(.text)
    _printf_truncate_signed                  0x000006fd   Thumb Code    18  _printf_truncate.o(.text)
    _printf_truncate_unsigned                0x0000070f   Thumb Code    18  _printf_truncate.o(.text)
    _printf_int_common                       0x00000721   Thumb Code   178  _printf_intcommon.o(.text)
    _printf_charcount                        0x000007d3   Thumb Code    40  _printf_charcount.o(.text)
    _printf_char_common                      0x00000807   Thumb Code    32  _printf_char_common.o(.text)
    _sputc                                   0x0000082d   Thumb Code    10  _sputc.o(.text)
    _printf_cs_common                        0x00000837   Thumb Code    20  _printf_char.o(.text)
    _printf_char                             0x0000084b   Thumb Code    16  _printf_char.o(.text)
    _printf_string                           0x0000085b   Thumb Code     8  _printf_char.o(.text)
    _printf_wctomb                           0x00000865   Thumb Code   182  _printf_wctomb.o(.text)
    _printf_longlong_dec                     0x00000921   Thumb Code   108  _printf_longlong_dec.o(.text)
    _printf_longlong_oct                     0x0000099d   Thumb Code    68  _printf_oct_int_ll.o(.text)
    _printf_int_oct                          0x000009e1   Thumb Code    24  _printf_oct_int_ll.o(.text)
    _printf_ll_oct                           0x000009f9   Thumb Code    12  _printf_oct_int_ll.o(.text)
    _printf_longlong_hex                     0x00000a0d   Thumb Code    86  _printf_hex_int_ll_ptr.o(.text)
    _printf_int_hex                          0x00000a63   Thumb Code    28  _printf_hex_int_ll_ptr.o(.text)
    _printf_ll_hex                           0x00000a7f   Thumb Code    12  _printf_hex_int_ll_ptr.o(.text)
    _printf_hex_ptr                          0x00000a8b   Thumb Code    18  _printf_hex_int_ll_ptr.o(.text)
    __aeabi_memcpy4                          0x00000aa1   Thumb Code     0  rt_memcpy_w.o(.text)
    __aeabi_memcpy8                          0x00000aa1   Thumb Code     0  rt_memcpy_w.o(.text)
    __rt_memcpy_w                            0x00000aa1   Thumb Code   100  rt_memcpy_w.o(.text)
    _memcpy_lastbytes_aligned                0x00000ae9   Thumb Code     0  rt_memcpy_w.o(.text)
    __aeabi_memclr4                          0x00000b05   Thumb Code     0  rt_memclr_w.o(.text)
    __aeabi_memclr8                          0x00000b05   Thumb Code     0  rt_memclr_w.o(.text)
    __rt_memclr_w                            0x00000b05   Thumb Code    78  rt_memclr_w.o(.text)
    _memset_w                                0x00000b09   Thumb Code     0  rt_memclr_w.o(.text)
    _ll_udiv10                               0x00000b53   Thumb Code   138  lludiv10.o(.text)
    __lib_sel_fp_printf                      0x00000bdd   Thumb Code     2  _printf_fp_dec.o(.text)
    _printf_fp_dec_real                      0x00000d8b   Thumb Code   620  _printf_fp_dec.o(.text)
    _printf_lcs_common                       0x00000ff7   Thumb Code    20  _printf_wchar.o(.text)
    _printf_wchar                            0x0000100b   Thumb Code    16  _printf_wchar.o(.text)
    _printf_wstring                          0x0000101b   Thumb Code     8  _printf_wchar.o(.text)
    _wcrtomb                                 0x00001023   Thumb Code    64  _wcrtomb.o(.text)
    __user_setup_stackheap                   0x00001063   Thumb Code    74  sys_stackheap_outer.o(.text)
    __rt_ctype_table                         0x000010ad   Thumb Code    16  rt_ctype_table.o(.text)
    __rt_locale                              0x000010bd   Thumb Code     8  rt_locale_intlibspace.o(.text)
    _printf_fp_infnan                        0x000010c5   Thumb Code   112  _printf_fp_infnan.o(.text)
    _btod_etento                             0x00001145   Thumb Code   216  bigflt0.o(.text)
    exit                                     0x00001221   Thumb Code    18  exit.o(.text)
    __user_libspace                          0x00001235   Thumb Code     8  libspace.o(.text)
    __user_perproc_libspace                  0x00001235   Thumb Code     0  libspace.o(.text)
    __user_perthread_libspace                0x00001235   Thumb Code     0  libspace.o(.text)
    strcmp                                   0x0000123d   Thumb Code   128  strcmpv7m.o(.text)
    _sys_exit                                0x000012bd   Thumb Code     8  sys_exit.o(.text)
    _btod_d2e                                0x000012c9   Thumb Code    62  btod.o(CL$$btod_d2e)
    _d2e_denorm_low                          0x00001307   Thumb Code    70  btod.o(CL$$btod_d2e_denorm_low)
    _d2e_norm_op1                            0x0000134d   Thumb Code    96  btod.o(CL$$btod_d2e_norm_op1)
    __btod_div_common                        0x000013ad   Thumb Code   696  btod.o(CL$$btod_div_common)
    _e2e                                     0x000016e5   Thumb Code   198  btod.o(CL$$btod_e2e)
    _btod_ediv                               0x000017ab   Thumb Code    40  btod.o(CL$$btod_ediv)
    _btod_emul                               0x000017d3   Thumb Code    40  btod.o(CL$$btod_emul)
    __btod_mult_common                       0x000017fb   Thumb Code   580  btod.o(CL$$btod_mult_common)
    API_BUZZER_Buzzer                        0x00001a3f   Thumb Code     8  keyboard.o(i.API_BUZZER_Buzzer)
    API_COM_Init                             0x00001a47   Thumb Code    36  com.o(i.API_COM_Init)
    API_COM_RecBufferIsNotEmpty              0x00001a6b   Thumb Code    38  com.o(i.API_COM_RecBufferIsNotEmpty)
    API_FRAM_Init                            0x00001a91   Thumb Code     8  fram.o(i.API_FRAM_Init)
    API_FRAM_ReadFram                        0x00001a99   Thumb Code    26  fram.o(i.API_FRAM_ReadFram)
    API_FRAM_WriteFram                       0x00001ab3   Thumb Code    26  fram.o(i.API_FRAM_WriteFram)
    API_KEY_KeyboardInit                     0x00001acd   Thumb Code     8  keyboard.o(i.API_KEY_KeyboardInit)
    API_KEY_ReadKey                          0x00001ad5   Thumb Code     8  keyboard.o(i.API_KEY_ReadKey)
    API_LCM_ClearArea                        0x00001add   Thumb Code    28  display.o(i.API_LCM_ClearArea)
    API_LCM_ClearScreen                      0x00001af9   Thumb Code     8  display.o(i.API_LCM_ClearScreen)
    API_LCM_DrawLine                         0x00001b01   Thumb Code    16  display.o(i.API_LCM_DrawLine)
    API_LCM_Init                             0x00001b11   Thumb Code     8  display.o(i.API_LCM_Init)
    API_LCM_Printf                           0x00001b19   Thumb Code   180  display.o(i.API_LCM_Printf)
    API_MDB_BillType_BillDevice              0x00001bcd   Thumb Code    58  billvalidatorrecycler.o(i.API_MDB_BillType_BillDevice)
    API_MDB_L2FeatureEnable_BillDevice       0x00001c07   Thumb Code    62  billvalidatorrecycler.o(i.API_MDB_L2FeatureEnable_BillDevice)
    API_MDB_L2IdentificationWithOptBit_BillDevice 0x00001c45   Thumb Code    36  billvalidatorrecycler.o(i.API_MDB_L2IdentificationWithOptBit_BillDevice)
    API_MDB_Poll_BillDevice                  0x00001c69   Thumb Code    28  billvalidatorrecycler.o(i.API_MDB_Poll_BillDevice)
    API_MDB_Reset_BillDevice                 0x00001c85   Thumb Code    24  billvalidatorrecycler.o(i.API_MDB_Reset_BillDevice)
    API_MDB_Setup_BillDevice                 0x00001c9d   Thumb Code    28  billvalidatorrecycler.o(i.API_MDB_Setup_BillDevice)
    API_MDB_Stacker_BillDevice               0x00001cb9   Thumb Code    28  billvalidatorrecycler.o(i.API_MDB_Stacker_BillDevice)
    API_MDB_UartInit                         0x00001cd5   Thumb Code   112  mdb.o(i.API_MDB_UartInit)
    API_RTC_Read                             0x00001d55   Thumb Code    12  realtimeclock.o(i.API_RTC_Read)
    API_RTC_Write                            0x00001d61   Thumb Code    12  realtimeclock.o(i.API_RTC_Write)
    API_SYSTEM_PinFuctionSelect              0x00001d6d   Thumb Code     8  system.o(i.API_SYSTEM_PinFuctionSelect)
    API_SYSTEM_TimerChannelSet               0x00001d75   Thumb Code    26  system.o(i.API_SYSTEM_TimerChannelSet)
    API_SYSTEM_TimerInit                     0x00001d95   Thumb Code    38  system.o(i.API_SYSTEM_TimerInit)
    API_SYSTEM_TimerReadChannelValue         0x00001dc1   Thumb Code    18  system.o(i.API_SYSTEM_TimerReadChannelValue)
    Buzzer                                   0x00001dd9   Thumb Code    34  buzzer.o(i.Buzzer)
    CrcCheck                                 0x00001e81   Thumb Code    78  paramdefine.o(i.CrcCheck)
    EINT1_IRQHandler                         0x00001ed1   Thumb Code    48  key.o(i.EINT1_IRQHandler)
    I2C0Init                                 0x000020fd   Thumb Code    88  i2c.o(i.I2C0Init)
    I2C0RdNByte                              0x00002165   Thumb Code   138  i2c.o(i.I2C0RdNByte)
    I2C0WrNByte                              0x00002211   Thumb Code   132  i2c.o(i.I2C0WrNByte)
    I2C0_IRQHandler                          0x000022b5   Thumb Code   508  i2c.o(i.I2C0_IRQHandler)
    InitTimer                                0x000024d1   Thumb Code   256  timer.o(i.InitTimer)
    InitTradeParam                           0x000025e1   Thumb Code   360  paramdefine.o(i.InitTradeParam)
    InitUart0                                0x00002875   Thumb Code   124  uart0.o(i.InitUart0)
    InitVmcParam                             0x00002911   Thumb Code   334  paramdefine.o(i.InitVmcParam)
    KeyBoardScan                             0x00002b41   Thumb Code   228  key.o(i.KeyBoardScan)
    KeyboardCtrl                             0x00002c31   Thumb Code    76  key.o(i.KeyboardCtrl)
    KeyboardInit                             0x00002c89   Thumb Code   128  key.o(i.KeyboardInit)
    LCMBacklightControl                      0x00002d2d   Thumb Code    40  lcm.o(i.LCMBacklightControl)
    LCMClearArea                             0x00002d59   Thumb Code    60  lcm.o(i.LCMClearArea)
    LCMClearScreen                           0x00002d95   Thumb Code    42  lcm.o(i.LCMClearScreen)
    LCMDrawline                              0x00002dbf   Thumb Code    38  lcm.o(i.LCMDrawline)
    LCMInit                                  0x00002de5   Thumb Code    74  lcm.o(i.LCMInit)
    LCMPrintfOneAscIICh16x8                  0x00002e31   Thumb Code   214  lcm.o(i.LCMPrintfOneAscIICh16x8)
    LCMPrintfOneAscIICh32x16                 0x00002f11   Thumb Code   414  lcm.o(i.LCMPrintfOneAscIICh32x16)
    LCMPrintfOneChinese16x16                 0x000030b9   Thumb Code   192  lcm.o(i.LCMPrintfOneChinese16x16)
    LCMSetXY                                 0x00003199   Thumb Code    34  lcm.o(i.LCMSetXY)
    LoadDefaultVmcParam                      0x000031bd   Thumb Code   330  paramdefine.o(i.LoadDefaultVmcParam)
    LoadNewTradeParam                        0x0000339d   Thumb Code   386  paramdefine.o(i.LoadNewTradeParam)
    LoadNewVmcParam                          0x00003645   Thumb Code   326  paramdefine.o(i.LoadNewVmcParam)
    MDBConversation                          0x000039ad   Thumb Code   184  mdb.o(i.MDBConversation)
    Maintenance                              0x000069c5   Thumb Code    60  maintenance.o(i.Maintenance)
    MdbBillResetAndSetup                     0x00006a05   Thumb Code   968  mdbbilldeviceoperation.o(i.MdbBillResetAndSetup)
    PinFuctionSelect                         0x000072cd   Thumb Code    62  pinselect.o(i.PinFuctionSelect)
    RTCReadTime                              0x00007455   Thumb Code    52  rtc.o(i.RTCReadTime)
    RTCSetTime                               0x0000748d   Thumb Code    48  rtc.o(i.RTCSetTime)
    ReadKeyValue                             0x000074c1   Thumb Code    30  key.o(i.ReadKeyValue)
    SetSystemTimerValue                      0x00007575   Thumb Code    18  timer.o(i.SetSystemTimerValue)
    SysTick_Handler                          0x00007589   Thumb Code    46  port.o(i.SysTick_Handler)
    SystemInit                               0x000075bd   Thumb Code   298  system_lpc17xx.o(i.SystemInit)
    TIMER0_IRQHandler                        0x000076f1   Thumb Code    66  timer.o(i.TIMER0_IRQHandler)
    TIMER1_IRQHandler                        0x00007739   Thumb Code   164  timer.o(i.TIMER1_IRQHandler)
    TIMER2_IRQHandler                        0x000077f5   Thumb Code    66  timer.o(i.TIMER2_IRQHandler)
    TIMER3_IRQHandler                        0x00007845   Thumb Code   110  timer.o(i.TIMER3_IRQHandler)
    TimerCtrl                                0x000078d9   Thumb Code   114  timer.o(i.TimerCtrl)
    Trace                                    0x00007959   Thumb Code    52  uart0.o(i.Trace)
    UART0_IRQHandler                         0x0000798d   Thumb Code   146  uart0.o(i.UART0_IRQHandler)
    UART2_IRQHandler                         0x00007a31   Thumb Code   238  mdb.o(i.UART2_IRQHandler)
    Uart0BuffIsNotEmpty                      0x00007b35   Thumb Code    20  uart0.o(i.Uart0BuffIsNotEmpty)
    Uart0PutChar                             0x00007b51   Thumb Code    20  uart0.o(i.Uart0PutChar)
    VendService                              0x00007b69   Thumb Code    98  vendservice.o(i.VendService)
    __ARM_fpclassify                         0x00007da1   Thumb Code    40  fpclassify.o(i.__ARM_fpclassify)
    _is_digit                                0x00007dc9   Thumb Code    14  __printf_wp.o(i._is_digit)
    main                                     0x00007dd9   Thumb Code    52  main.o(i.main)
    pvPortMalloc                             0x00008399   Thumb Code   198  heap.o(i.pvPortMalloc)
    pvTaskIncrementMutexHeldCount            0x00008475   Thumb Code    26  tasks.o(i.pvTaskIncrementMutexHeldCount)
    pxPortInitialiseStack                    0x00008495   Thumb Code    30  port.o(i.pxPortInitialiseStack)
    uxListRemove                             0x000084b9   Thumb Code    40  list.o(i.uxListRemove)
    vApplicationMallocFailedHook             0x000084e1   Thumb Code    10  freertoshooks.o(i.vApplicationMallocFailedHook)
    vApplicationStackOverflowHook            0x00008515   Thumb Code    32  freertoshooks.o(i.vApplicationStackOverflowHook)
    vApplicationTickHook                     0x00008565   Thumb Code     2  freertoshooks.o(i.vApplicationTickHook)
    vListInitialise                          0x00008567   Thumb Code    26  list.o(i.vListInitialise)
    vListInitialiseItem                      0x00008581   Thumb Code     6  list.o(i.vListInitialiseItem)
    vListInsert                              0x00008587   Thumb Code    52  list.o(i.vListInsert)
    vListInsertEnd                           0x000085bb   Thumb Code    24  list.o(i.vListInsertEnd)
    vPortEnterCritical                       0x000085d5   Thumb Code    30  port.o(i.vPortEnterCritical)
    vPortExitCritical                        0x000085f9   Thumb Code    28  port.o(i.vPortExitCritical)
    vPortFree                                0x00008619   Thumb Code    64  heap.o(i.vPortFree)
    vPortSetupTimerInterrupt                 0x00008661   Thumb Code    14  port.o(i.vPortSetupTimerInterrupt)
    vTaskDelay                               0x00008675   Thumb Code    46  tasks.o(i.vTaskDelay)
    vTaskMissedYield                         0x000086a9   Thumb Code     8  tasks.o(i.vTaskMissedYield)
    vTaskPlaceOnEventList                    0x000086b5   Thumb Code    28  tasks.o(i.vTaskPlaceOnEventList)
    vTaskPriorityInherit                     0x000086d5   Thumb Code   164  tasks.o(i.vTaskPriorityInherit)
    vTaskSetTimeOutState                     0x00008785   Thumb Code    14  tasks.o(i.vTaskSetTimeOutState)
    vTaskStartScheduler                      0x0000879d   Thumb Code    72  tasks.o(i.vTaskStartScheduler)
    vTaskSuspendAll                          0x00008801   Thumb Code    12  tasks.o(i.vTaskSuspendAll)
    vTaskSwitchContext                       0x00008811   Thumb Code   132  tasks.o(i.vTaskSwitchContext)
    xPortStartScheduler                      0x000088a9   Thumb Code    42  port.o(i.xPortStartScheduler)
    xQueueGenericCreate                      0x000088dd   Thumb Code    56  queue.o(i.xQueueGenericCreate)
    xQueueGenericReceive                     0x00008915   Thumb Code   342  queue.o(i.xQueueGenericReceive)
    xQueueGenericReset                       0x00008a71   Thumb Code   122  queue.o(i.xQueueGenericReset)
    xQueueGenericSendFromISR                 0x00008af1   Thumb Code   134  queue.o(i.xQueueGenericSendFromISR)
    xTaskCheckForTimeOut                     0x00008b79   Thumb Code    84  tasks.o(i.xTaskCheckForTimeOut)
    xTaskCreate                              0x00008bd5   Thumb Code    96  tasks.o(i.xTaskCreate)
    xTaskIncrementTick                       0x00008c35   Thumb Code   252  tasks.o(i.xTaskIncrementTick)
    xTaskPriorityDisinherit                  0x00008d5d   Thumb Code   122  tasks.o(i.xTaskPriorityDisinherit)
    xTaskRemoveFromEventList                 0x00008de1   Thumb Code   104  tasks.o(i.xTaskRemoveFromEventList)
    xTaskResumeAll                           0x00008e61   Thumb Code   196  tasks.o(i.xTaskResumeAll)
    _get_lc_numeric                          0x00008f49   Thumb Code    44  lc_numeric_c.o(locale$$code)
    _get_lc_ctype                            0x00008f75   Thumb Code    44  lc_ctype_c.o(locale$$code)
    _printf_fp_dec                           0x00008fa1   Thumb Code     4  printf1.o(x$fpl$printf1)
    UIMenu                                   0x00008fa4   Data          16  menu.o(.constdata)
    __I$use$fp                               0x00008fa4   Number         0  usenofp.o(x$fpl$usenofp)
    LoginUI                                  0x00008fb4   Data          32  menu.o(.constdata)
    MaintenUI                                0x00008fd4   Data          56  menu.o(.constdata)
    DevInfo                                  0x0000900c   Data          40  menu.o(.constdata)
    DevConfig                                0x00009034   Data         112  menu.o(.constdata)
    DevTest                                  0x000090a4   Data          48  menu.o(.constdata)
    BillTest                                 0x000090d4   Data          80  menu.o(.constdata)
    CoinTest                                 0x00009124   Data          80  menu.o(.constdata)
    CashlessTest                             0x00009174   Data          80  menu.o(.constdata)
    ChannelTest                              0x000091c4   Data          80  menu.o(.constdata)
    TradeConfig                              0x00009214   Data          56  menu.o(.constdata)
    TradeConfigGC                            0x0000924c   Data          72  menu.o(.constdata)
    TradeConfigBillEscrow                    0x00009294   Data          72  menu.o(.constdata)
    TradeConfigBillChannel                   0x000092dc   Data          72  menu.o(.constdata)
    TradeConfigCoinChannel                   0x00009324   Data          48  menu.o(.constdata)
    TradeConfigAddGoods                      0x00009354   Data         136  menu.o(.constdata)
    TradeLog                                 0x000093dc   Data          56  menu.o(.constdata)
    KEYTABLE                                 0x00009414   Data          18  key.o(.constdata)
    ASCII16X8INDEX                           0x00009426   Data          93  lib.o(.constdata)
    ASCII16X8LIB                             0x00009483   Data        1472  lib.o(.constdata)
    ASCII32X16INDEX                          0x00009a43   Data          12  lib.o(.constdata)
    ASCII32X16LIB                            0x00009a4f   Data         704  lib.o(.constdata)
    RMB                                      0x00009d0f   Data         128  lib.o(.constdata)
    CHINESE16X16INDEX                        0x00009d8f   Data         495  lib.o(.constdata)
    CHINESE16X16LIB                          0x00009f7e   Data        7904  lib.o(.constdata)
    Region$$Table$$Base                      0x0000cde0   Number         0  anon$$obj.o(Region$$Table)
    Region$$Table$$Limit                     0x0000ce10   Number         0  anon$$obj.o(Region$$Table)
    __ctype                                  0x0000ce39   Data           0  lc_ctype_c.o(locale$$data)
    SysError                                 0x2007c000   Data           4  paramdefine.o(.data)
    Rtc                                      0x2007c004   Data           7  paramdefine.o(.data)
    pxCurrentTCB                             0x2007c00c   Data           4  tasks.o(.data)
    Uart0RxdHead                             0x2007c064   Data           1  uart0.o(.data)
    Uart0RxdTail                             0x2007c065   Data           1  uart0.o(.data)
    KeyQueue                                 0x2007c068   Data           4  key.o(.data)
    SystemTimer                              0x2007c06c   Data           4  timer.o(.data)
    I2C0_sla                                 0x2007c08c   Data           1  i2c.o(.data)
    I2C0_suba                                0x2007c090   Data           4  i2c.o(.data)
    I2C0_suba_num                            0x2007c094   Data           1  i2c.o(.data)
    I2C0_buf                                 0x2007c098   Data           4  i2c.o(.data)
    I2C0_num                                 0x2007c09c   Data           4  i2c.o(.data)
    I2C0_end                                 0x2007c0a0   Data           1  i2c.o(.data)
    I2C0_suba_en                             0x2007c0a1   Data           1  i2c.o(.data)
    MdbBufRIndex                             0x2007c0a2   Data           1  mdb.o(.data)
    MdbBufFIndex                             0x2007c0a3   Data           1  mdb.o(.data)
    MdbStatus                                0x2007c0a4   Data           1  mdb.o(.data)
    VMCParam                                 0x2007c0a8   Data         122  paramdefine.o(.bss)
    TradeParam                               0x2007c122   Data         152  paramdefine.o(.bss)
    TotalTradeLog                            0x2007c1bc   Data          36  paramdefine.o(.bss)
    SingleTradeLog                           0x2007c1e0   Data          24  paramdefine.o(.bss)
    MDBCoinDevice                            0x2007c1f8   Data          63  paramdefine.o(.bss)
    MDBBillDevice                            0x2007c238   Data         112  paramdefine.o(.bss)
    Uart0RevBuff                             0x2007c384   Data          64  uart0.o(.bss)
    TimerForAPP                              0x2007c3c4   Data          32  timer.o(.bss)
    MdbBuffer                                0x2007c3e4   Data          36  mdb.o(.bss)
    __libspace_start                         0x2007c408   Data          96  libspace.o(.bss)
    __temporary_stack_top$libspace           0x2007c468   Data           0  libspace.o(.bss)



==============================================================================

Memory Map of the image

  Image Entry point : 0x000000cd

  Load Region LR_IROM1 (Base: 0x00000000, Size: 0x0000cfe4, Max: 0x00080000, ABSOLUTE)

    Execution Region ER_IROM1 (Base: 0x00000000, Size: 0x0000cf3c, Max: 0x00080000, ABSOLUTE)

    Base Addr    Size         Type   Attr      Idx    E Section Name        Object

    0x00000000   0x000000cc   Data   RO         2353    RESET               startup_lpc17xx.o
    0x000000cc   0x00000008   Code   RO         2412  * !!!main             c_w.l(__main.o)
    0x000000d4   0x00000034   Code   RO         2699    !!!scatter          c_w.l(__scatter.o)
    0x00000108   0x0000001a   Code   RO         2701    !!handler_copy      c_w.l(__scatter_copy.o)
    0x00000122   0x00000002   PAD
    0x00000124   0x0000001c   Code   RO         2703    !!handler_zi        c_w.l(__scatter_zi.o)
    0x00000140   0x00000000   Code   RO         2397    .ARM.Collect$$_printf_percent$$00000000  c_w.l(_printf_percent.o)
    0x00000140   0x00000006   Code   RO         2462    .ARM.Collect$$_printf_percent$$00000001  c_w.l(_printf_n.o)
    0x00000146   0x00000006   Code   RO         2464    .ARM.Collect$$_printf_percent$$00000002  c_w.l(_printf_p.o)
    0x0000014c   0x00000006   Code   RO         2468    .ARM.Collect$$_printf_percent$$00000003  c_w.l(_printf_f.o)
    0x00000152   0x00000006   Code   RO         2469    .ARM.Collect$$_printf_percent$$00000004  c_w.l(_printf_e.o)
    0x00000158   0x00000006   Code   RO         2470    .ARM.Collect$$_printf_percent$$00000005  c_w.l(_printf_g.o)
    0x0000015e   0x00000006   Code   RO         2471    .ARM.Collect$$_printf_percent$$00000006  c_w.l(_printf_a.o)
    0x00000164   0x0000000a   Code   RO         2476    .ARM.Collect$$_printf_percent$$00000007  c_w.l(_printf_ll.o)
    0x0000016e   0x00000006   Code   RO         2466    .ARM.Collect$$_printf_percent$$00000008  c_w.l(_printf_i.o)
    0x00000174   0x00000006   Code   RO         2467    .ARM.Collect$$_printf_percent$$00000009  c_w.l(_printf_d.o)
    0x0000017a   0x00000006   Code   RO         2396    .ARM.Collect$$_printf_percent$$0000000A  c_w.l(_printf_u.o)
    0x00000180   0x00000006   Code   RO         2465    .ARM.Collect$$_printf_percent$$0000000B  c_w.l(_printf_o.o)
    0x00000186   0x00000006   Code   RO         2463    .ARM.Collect$$_printf_percent$$0000000C  c_w.l(_printf_x.o)
    0x0000018c   0x00000006   Code   RO         2473    .ARM.Collect$$_printf_percent$$0000000D  c_w.l(_printf_lli.o)
    0x00000192   0x00000006   Code   RO         2474    .ARM.Collect$$_printf_percent$$0000000E  c_w.l(_printf_lld.o)
    0x00000198   0x00000006   Code   RO         2475    .ARM.Collect$$_printf_percent$$0000000F  c_w.l(_printf_llu.o)
    0x0000019e   0x00000006   Code   RO         2480    .ARM.Collect$$_printf_percent$$00000010  c_w.l(_printf_llo.o)
    0x000001a4   0x00000006   Code   RO         2481    .ARM.Collect$$_printf_percent$$00000011  c_w.l(_printf_llx.o)
    0x000001aa   0x0000000a   Code   RO         2477    .ARM.Collect$$_printf_percent$$00000012  c_w.l(_printf_l.o)
    0x000001b4   0x00000006   Code   RO         2395    .ARM.Collect$$_printf_percent$$00000013  c_w.l(_printf_c.o)
    0x000001ba   0x00000006   Code   RO         2461    .ARM.Collect$$_printf_percent$$00000014  c_w.l(_printf_s.o)
    0x000001c0   0x00000006   Code   RO         2478    .ARM.Collect$$_printf_percent$$00000015  c_w.l(_printf_lc.o)
    0x000001c6   0x00000006   Code   RO         2479    .ARM.Collect$$_printf_percent$$00000016  c_w.l(_printf_ls.o)
    0x000001cc   0x00000004   Code   RO         2472    .ARM.Collect$$_printf_percent$$00000017  c_w.l(_printf_percent_end.o)
    0x000001d0   0x00000002   Code   RO         2559    .ARM.Collect$$libinit$$00000000  c_w.l(libinit.o)
    0x000001d2   0x00000000   Code   RO         2576    .ARM.Collect$$libinit$$00000002  c_w.l(libinit2.o)
    0x000001d2   0x00000000   Code   RO         2578    .ARM.Collect$$libinit$$00000004  c_w.l(libinit2.o)
    0x000001d2   0x00000000   Code   RO         2581    .ARM.Collect$$libinit$$0000000A  c_w.l(libinit2.o)
    0x000001d2   0x00000000   Code   RO         2583    .ARM.Collect$$libinit$$0000000C  c_w.l(libinit2.o)
    0x000001d2   0x00000000   Code   RO         2585    .ARM.Collect$$libinit$$0000000E  c_w.l(libinit2.o)
    0x000001d2   0x00000006   Code   RO         2586    .ARM.Collect$$libinit$$0000000F  c_w.l(libinit2.o)
    0x000001d8   0x00000000   Code   RO         2588    .ARM.Collect$$libinit$$00000011  c_w.l(libinit2.o)
    0x000001d8   0x0000000c   Code   RO         2589    .ARM.Collect$$libinit$$00000012  c_w.l(libinit2.o)
    0x000001e4   0x00000000   Code   RO         2590    .ARM.Collect$$libinit$$00000013  c_w.l(libinit2.o)
    0x000001e4   0x00000000   Code   RO         2592    .ARM.Collect$$libinit$$00000015  c_w.l(libinit2.o)
    0x000001e4   0x0000000a   Code   RO         2593    .ARM.Collect$$libinit$$00000016  c_w.l(libinit2.o)
    0x000001ee   0x00000000   Code   RO         2594    .ARM.Collect$$libinit$$00000017  c_w.l(libinit2.o)
    0x000001ee   0x00000000   Code   RO         2596    .ARM.Collect$$libinit$$00000019  c_w.l(libinit2.o)
    0x000001ee   0x00000000   Code   RO         2598    .ARM.Collect$$libinit$$0000001B  c_w.l(libinit2.o)
    0x000001ee   0x00000000   Code   RO         2600    .ARM.Collect$$libinit$$0000001D  c_w.l(libinit2.o)
    0x000001ee   0x00000000   Code   RO         2602    .ARM.Collect$$libinit$$0000001F  c_w.l(libinit2.o)
    0x000001ee   0x00000000   Code   RO         2604    .ARM.Collect$$libinit$$00000021  c_w.l(libinit2.o)
    0x000001ee   0x00000000   Code   RO         2606    .ARM.Collect$$libinit$$00000023  c_w.l(libinit2.o)
    0x000001ee   0x00000000   Code   RO         2608    .ARM.Collect$$libinit$$00000025  c_w.l(libinit2.o)
    0x000001ee   0x00000000   Code   RO         2612    .ARM.Collect$$libinit$$0000002C  c_w.l(libinit2.o)
    0x000001ee   0x00000000   Code   RO         2614    .ARM.Collect$$libinit$$0000002E  c_w.l(libinit2.o)
    0x000001ee   0x00000000   Code   RO         2616    .ARM.Collect$$libinit$$00000030  c_w.l(libinit2.o)
    0x000001ee   0x00000000   Code   RO         2618    .ARM.Collect$$libinit$$00000032  c_w.l(libinit2.o)
    0x000001ee   0x00000002   Code   RO         2619    .ARM.Collect$$libinit$$00000033  c_w.l(libinit2.o)
    0x000001f0   0x00000002   Code   RO         2639    .ARM.Collect$$libshutdown$$00000000  c_w.l(libshutdown.o)
    0x000001f2   0x00000000   Code   RO         2652    .ARM.Collect$$libshutdown$$00000002  c_w.l(libshutdown2.o)
    0x000001f2   0x00000000   Code   RO         2654    .ARM.Collect$$libshutdown$$00000004  c_w.l(libshutdown2.o)
    0x000001f2   0x00000000   Code   RO         2657    .ARM.Collect$$libshutdown$$00000007  c_w.l(libshutdown2.o)
    0x000001f2   0x00000000   Code   RO         2660    .ARM.Collect$$libshutdown$$0000000A  c_w.l(libshutdown2.o)
    0x000001f2   0x00000000   Code   RO         2662    .ARM.Collect$$libshutdown$$0000000C  c_w.l(libshutdown2.o)
    0x000001f2   0x00000000   Code   RO         2665    .ARM.Collect$$libshutdown$$0000000F  c_w.l(libshutdown2.o)
    0x000001f2   0x00000002   Code   RO         2666    .ARM.Collect$$libshutdown$$00000010  c_w.l(libshutdown2.o)
    0x000001f4   0x00000000   Code   RO         2414    .ARM.Collect$$rtentry$$00000000  c_w.l(__rtentry.o)
    0x000001f4   0x00000000   Code   RO         2489    .ARM.Collect$$rtentry$$00000002  c_w.l(__rtentry2.o)
    0x000001f4   0x00000006   Code   RO         2501    .ARM.Collect$$rtentry$$00000004  c_w.l(__rtentry4.o)
    0x000001fa   0x00000000   Code   RO         2491    .ARM.Collect$$rtentry$$00000009  c_w.l(__rtentry2.o)
    0x000001fa   0x00000004   Code   RO         2492    .ARM.Collect$$rtentry$$0000000A  c_w.l(__rtentry2.o)
    0x000001fe   0x00000000   Code   RO         2494    .ARM.Collect$$rtentry$$0000000C  c_w.l(__rtentry2.o)
    0x000001fe   0x00000008   Code   RO         2495    .ARM.Collect$$rtentry$$0000000D  c_w.l(__rtentry2.o)
    0x00000206   0x00000002   Code   RO         2568    .ARM.Collect$$rtexit$$00000000  c_w.l(rtexit.o)
    0x00000208   0x00000000   Code   RO         2621    .ARM.Collect$$rtexit$$00000002  c_w.l(rtexit2.o)
    0x00000208   0x00000004   Code   RO         2622    .ARM.Collect$$rtexit$$00000003  c_w.l(rtexit2.o)
    0x0000020c   0x00000006   Code   RO         2623    .ARM.Collect$$rtexit$$00000004  c_w.l(rtexit2.o)
    0x00000212   0x00000002   PAD
    0x00000214   0x00000096   Code   RO         1544    .emb_text           port.o
    0x000002aa   0x00000002   PAD
    0x000002ac   0x0000003c   Code   RO         2355    .text               startup_lpc17xx.o
    0x000002e8   0x00000010   Code   RO         2406    .text               c_w.l(aeabi_memset.o)
    0x000002f8   0x00000002   Code   RO         2642    .text               c_w.l(use_no_semi.o)
    0x000002fa   0x00000000   Code   RO         2644    .text               c_w.l(indicate_semi.o)
    0x000002fa   0x00000002   Code   RO         1707    i.vApplicationIdleHook  freertoshooks.o
    0x000002fc   0x00000004   Code   RO         2354    .ARM.__at_0x02FC    startup_lpc17xx.o
    0x00000300   0x00000024   Code   RO         2363    .text               c_w.l(c89vsprintf.o)
    0x00000324   0x00000052   Code   RO         2371    .text               c_w.l(_printf_str.o)
    0x00000376   0x00000002   PAD
    0x00000378   0x00000078   Code   RO         2373    .text               c_w.l(_printf_dec.o)
    0x000003f0   0x00000188   Code   RO         2392    .text               c_w.l(__printf_flags_ss_wp.o)
    0x00000578   0x00000024   Code   RO         2398    .text               c_w.l(strstr.o)
    0x0000059c   0x0000003e   Code   RO         2402    .text               c_w.l(strlen.o)
    0x000005da   0x0000008a   Code   RO         2404    .text               c_w.l(rt_memcpy_v6.o)
    0x00000664   0x00000044   Code   RO         2408    .text               c_w.l(rt_memclr.o)
    0x000006a8   0x00000006   Code   RO         2410    .text               c_w.l(heapauxi.o)
    0x000006ae   0x0000004e   Code   RO         2415    .text               c_w.l(_printf_pad.o)
    0x000006fc   0x00000024   Code   RO         2417    .text               c_w.l(_printf_truncate.o)
    0x00000720   0x000000b2   Code   RO         2419    .text               c_w.l(_printf_intcommon.o)
    0x000007d2   0x00000028   Code   RO         2421    .text               c_w.l(_printf_charcount.o)
    0x000007fa   0x00000002   PAD
    0x000007fc   0x00000030   Code   RO         2423    .text               c_w.l(_printf_char_common.o)
    0x0000082c   0x0000000a   Code   RO         2425    .text               c_w.l(_sputc.o)
    0x00000836   0x0000002c   Code   RO         2427    .text               c_w.l(_printf_char.o)
    0x00000862   0x00000002   PAD
    0x00000864   0x000000bc   Code   RO         2429    .text               c_w.l(_printf_wctomb.o)
    0x00000920   0x0000007c   Code   RO         2432    .text               c_w.l(_printf_longlong_dec.o)
    0x0000099c   0x00000070   Code   RO         2438    .text               c_w.l(_printf_oct_int_ll.o)
    0x00000a0c   0x00000094   Code   RO         2458    .text               c_w.l(_printf_hex_int_ll_ptr.o)
    0x00000aa0   0x00000064   Code   RO         2482    .text               c_w.l(rt_memcpy_w.o)
    0x00000b04   0x0000004e   Code   RO         2484    .text               c_w.l(rt_memclr_w.o)
    0x00000b52   0x0000008a   Code   RO         2503    .text               c_w.l(lludiv10.o)
    0x00000bdc   0x0000041a   Code   RO         2505    .text               c_w.l(_printf_fp_dec.o)
    0x00000ff6   0x0000002c   Code   RO         2509    .text               c_w.l(_printf_wchar.o)
    0x00001022   0x00000040   Code   RO         2511    .text               c_w.l(_wcrtomb.o)
    0x00001062   0x0000004a   Code   RO         2513    .text               c_w.l(sys_stackheap_outer.o)
    0x000010ac   0x00000010   Code   RO         2515    .text               c_w.l(rt_ctype_table.o)
    0x000010bc   0x00000008   Code   RO         2520    .text               c_w.l(rt_locale_intlibspace.o)
    0x000010c4   0x00000080   Code   RO         2522    .text               c_w.l(_printf_fp_infnan.o)
    0x00001144   0x000000dc   Code   RO         2524    .text               c_w.l(bigflt0.o)
    0x00001220   0x00000012   Code   RO         2552    .text               c_w.l(exit.o)
    0x00001232   0x00000002   PAD
    0x00001234   0x00000008   Code   RO         2565    .text               c_w.l(libspace.o)
    0x0000123c   0x00000080   Code   RO         2573    .text               c_w.l(strcmpv7m.o)
    0x000012bc   0x0000000c   Code   RO         2631    .text               c_w.l(sys_exit.o)
    0x000012c8   0x0000003e   Code   RO         2527    CL$$btod_d2e        c_w.l(btod.o)
    0x00001306   0x00000046   Code   RO         2529    CL$$btod_d2e_denorm_low  c_w.l(btod.o)
    0x0000134c   0x00000060   Code   RO         2528    CL$$btod_d2e_norm_op1  c_w.l(btod.o)
    0x000013ac   0x00000338   Code   RO         2537    CL$$btod_div_common  c_w.l(btod.o)
    0x000016e4   0x000000c6   Code   RO         2534    CL$$btod_e2e        c_w.l(btod.o)
    0x000017aa   0x00000028   Code   RO         2531    CL$$btod_ediv       c_w.l(btod.o)
    0x000017d2   0x00000028   Code   RO         2530    CL$$btod_emul       c_w.l(btod.o)
    0x000017fa   0x00000244   Code   RO         2536    CL$$btod_mult_common  c_w.l(btod.o)
    0x00001a3e   0x00000008   Code   RO          699    i.API_BUZZER_Buzzer  keyboard.o
    0x00001a46   0x00000024   Code   RO          601    i.API_COM_Init      com.o
    0x00001a6a   0x00000026   Code   RO          603    i.API_COM_RecBufferIsNotEmpty  com.o
    0x00001a90   0x00000008   Code   RO          735    i.API_FRAM_Init     fram.o
    0x00001a98   0x0000001a   Code   RO          736    i.API_FRAM_ReadFram  fram.o
    0x00001ab2   0x0000001a   Code   RO          737    i.API_FRAM_WriteFram  fram.o
    0x00001acc   0x00000008   Code   RO          701    i.API_KEY_KeyboardInit  keyboard.o
    0x00001ad4   0x00000008   Code   RO          702    i.API_KEY_ReadKey   keyboard.o
    0x00001adc   0x0000001c   Code   RO          634    i.API_LCM_ClearArea  display.o
    0x00001af8   0x00000008   Code   RO          635    i.API_LCM_ClearScreen  display.o
    0x00001b00   0x00000010   Code   RO          636    i.API_LCM_DrawLine  display.o
    0x00001b10   0x00000008   Code   RO          637    i.API_LCM_Init      display.o
    0x00001b18   0x000000b4   Code   RO          638    i.API_LCM_Printf    display.o
    0x00001bcc   0x0000003a   Code   RO          535    i.API_MDB_BillType_BillDevice  billvalidatorrecycler.o
    0x00001c06   0x0000003e   Code   RO          537    i.API_MDB_L2FeatureEnable_BillDevice  billvalidatorrecycler.o
    0x00001c44   0x00000024   Code   RO          538    i.API_MDB_L2IdentificationWithOptBit_BillDevice  billvalidatorrecycler.o
    0x00001c68   0x0000001c   Code   RO          539    i.API_MDB_Poll_BillDevice  billvalidatorrecycler.o
    0x00001c84   0x00000018   Code   RO          541    i.API_MDB_Reset_BillDevice  billvalidatorrecycler.o
    0x00001c9c   0x0000001c   Code   RO          543    i.API_MDB_Setup_BillDevice  billvalidatorrecycler.o
    0x00001cb8   0x0000001c   Code   RO          544    i.API_MDB_Stacker_BillDevice  billvalidatorrecycler.o
    0x00001cd4   0x00000080   Code   RO         2230    i.API_MDB_UartInit  mdb.o
    0x00001d54   0x0000000c   Code   RO          762    i.API_RTC_Read      realtimeclock.o
    0x00001d60   0x0000000c   Code   RO          764    i.API_RTC_Write     realtimeclock.o
    0x00001d6c   0x00000008   Code   RO          416    i.API_SYSTEM_PinFuctionSelect  system.o
    0x00001d74   0x00000020   Code   RO          417    i.API_SYSTEM_TimerChannelSet  system.o
    0x00001d94   0x0000002c   Code   RO          418    i.API_SYSTEM_TimerInit  system.o
    0x00001dc0   0x00000018   Code   RO          419    i.API_SYSTEM_TimerReadChannelValue  system.o
    0x00001dd8   0x00000028   Code   RO         2179    i.Buzzer            buzzer.o
    0x00001e00   0x00000080   Code   RO         2024    i.ClrAllKeyRow      key.o
    0x00001e80   0x0000004e   Code   RO          132    i.CrcCheck          paramdefine.o
    0x00001ece   0x00000002   PAD
    0x00001ed0   0x0000003c   Code   RO         2025    i.EINT1_IRQHandler  key.o
    0x00001f0c   0x00000154   Code   RO          302    i.EnterMaintenance  maintenance.o
    0x00002060   0x00000010   Code   RO         2026    i.GPIOChangeDirectionDelay  key.o
    0x00002070   0x0000008c   Code   RO         2027    i.GetAKeyRowValue   key.o
    0x000020fc   0x00000068   Code   RO         2191    i.I2C0Init          i2c.o
    0x00002164   0x000000ac   Code   RO         2192    i.I2C0RdNByte       i2c.o
    0x00002210   0x000000a4   Code   RO         2193    i.I2C0WrNByte       i2c.o
    0x000022b4   0x0000021c   Code   RO         2194    i.I2C0_IRQHandler   i2c.o
    0x000024d0   0x00000110   Code   RO         2109    i.InitTimer         timer.o
    0x000025e0   0x00000294   Code   RO          136    i.InitTradeParam    paramdefine.o
    0x00002874   0x0000009c   Code   RO         1760    i.InitUart0         uart0.o
    0x00002910   0x00000230   Code   RO          137    i.InitVmcParam      paramdefine.o
    0x00002b40   0x000000f0   Code   RO         2028    i.KeyBoardScan      key.o
    0x00002c30   0x00000058   Code   RO         2030    i.KeyboardCtrl      key.o
    0x00002c88   0x000000a4   Code   RO         2031    i.KeyboardInit      key.o
    0x00002d2c   0x0000002c   Code   RO         1943    i.LCMBacklightControl  lcm.o
    0x00002d58   0x0000003c   Code   RO         1944    i.LCMClearArea      lcm.o
    0x00002d94   0x0000002a   Code   RO         1945    i.LCMClearScreen    lcm.o
    0x00002dbe   0x00000026   Code   RO         1946    i.LCMDrawline       lcm.o
    0x00002de4   0x0000004a   Code   RO         1947    i.LCMInit           lcm.o
    0x00002e2e   0x00000002   PAD
    0x00002e30   0x000000e0   Code   RO         1948    i.LCMPrintfOneAscIICh16x8  lcm.o
    0x00002f10   0x000001a8   Code   RO         1949    i.LCMPrintfOneAscIICh32x16  lcm.o
    0x000030b8   0x000000c8   Code   RO         1950    i.LCMPrintfOneChinese16x16  lcm.o
    0x00003180   0x00000018   Code   RO         1951    i.LCMPutChar        lcm.o
    0x00003198   0x00000022   Code   RO         1952    i.LCMSetXY          lcm.o
    0x000031ba   0x00000002   PAD
    0x000031bc   0x000001e0   Code   RO          138    i.LoadDefaultVmcParam  paramdefine.o
    0x0000339c   0x000002a8   Code   RO          141    i.LoadNewTradeParam  paramdefine.o
    0x00003644   0x000001f0   Code   RO          142    i.LoadNewVmcParam   paramdefine.o
    0x00003834   0x00000178   Code   RO          303    i.Login             maintenance.o
    0x000039ac   0x000000c8   Code   RO         2231    i.MDBConversation   mdb.o
    0x00003a74   0x00000a6c   Code   RO          304    i.MaintenDevConfig  maintenance.o
    0x000044e0   0x00000188   Code   RO          305    i.MaintenDevInfo    maintenance.o
    0x00004668   0x000001b0   Code   RO          306    i.MaintenDevTest    maintenance.o
    0x00004818   0x0000207c   Code   RO          307    i.MaintenTradeConfig  maintenance.o
    0x00006894   0x00000130   Code   RO          308    i.MaintenTradeLog   maintenance.o
    0x000069c4   0x00000040   Code   RO          309    i.Maintenance       maintenance.o
    0x00006a04   0x000007b4   Code   RO          353    i.MdbBillResetAndSetup  mdbbilldeviceoperation.o
    0x000071b8   0x00000024   Code   RO         2232    i.MdbBufferClr      mdb.o
    0x000071dc   0x0000005c   Code   RO         2233    i.MdbPutCh          mdb.o
    0x00007238   0x00000028   Code   RO         2234    i.MdbSetParityMode  mdb.o
    0x00007260   0x00000018   Code   RO         2032    i.NVIC_DisableIRQ   key.o
    0x00007278   0x00000016   Code   RO         2033    i.NVIC_EnableIRQ    key.o
    0x0000728e   0x00000016   Code   RO         2110    i.NVIC_EnableIRQ    timer.o
    0x000072a4   0x00000028   Code   RO         2111    i.NVIC_SetPriority  timer.o
    0x000072cc   0x0000004c   Code   RO         1903    i.PinFuctionSelect  pinselect.o
    0x00007318   0x00000074   Code   RO         1953    i.PutByteIntoSimSpiBus  lcm.o
    0x0000738c   0x00000064   Code   RO         1954    i.PutCmdIntoLcmController  lcm.o
    0x000073f0   0x00000064   Code   RO         1955    i.PutDataIntoLcmController  lcm.o
    0x00007454   0x00000038   Code   RO         1920    i.RTCReadTime       rtc.o
    0x0000748c   0x00000034   Code   RO         1921    i.RTCSetTime        rtc.o
    0x000074c0   0x00000024   Code   RO         2034    i.ReadKeyValue      key.o
    0x000074e4   0x00000068   Code   RO         2035    i.SetAKeyColOutputLow  key.o
    0x0000754c   0x00000028   Code   RO         2036    i.SetAllkeyColInput  key.o
    0x00007574   0x00000012   Code   RO         2112    i.SetSystemTimerValue  timer.o
    0x00007586   0x00000002   PAD
    0x00007588   0x00000034   Code   RO         1545    i.SysTick_Handler   port.o
    0x000075bc   0x00000134   Code   RO         2328    i.SystemInit        system_lpc17xx.o
    0x000076f0   0x00000048   Code   RO         2113    i.TIMER0_IRQHandler  timer.o
    0x00007738   0x000000bc   Code   RO         2114    i.TIMER1_IRQHandler  timer.o
    0x000077f4   0x00000050   Code   RO         2115    i.TIMER2_IRQHandler  timer.o
    0x00007844   0x00000094   Code   RO         2116    i.TIMER3_IRQHandler  timer.o
    0x000078d8   0x00000080   Code   RO         2117    i.TimerCtrl         timer.o
    0x00007958   0x00000034   Code   RO         1761    i.Trace             uart0.o
    0x0000798c   0x000000a4   Code   RO         1762    i.UART0_IRQHandler  uart0.o
    0x00007a30   0x00000104   Code   RO         2235    i.UART2_IRQHandler  mdb.o
    0x00007b34   0x0000001c   Code   RO         1763    i.Uart0BuffIsNotEmpty  uart0.o
    0x00007b50   0x00000018   Code   RO         1765    i.Uart0PutChar      uart0.o
    0x00007b68   0x00000068   Code   RO          264    i.VendService       vendservice.o
    0x00007bd0   0x0000002c   Code   RO          265    i.VendingIdle       vendservice.o
    0x00007bfc   0x0000016c   Code   RO          266    i.VendingService    vendservice.o
    0x00007d68   0x00000038   Code   RO         2195    i.Wait_I2C0_End     i2c.o
    0x00007da0   0x00000028   Code   RO         2563    i.__ARM_fpclassify  m_ws.l(fpclassify.o)
    0x00007dc8   0x0000000e   Code   RO         2385    i._is_digit         c_w.l(__printf_wp.o)
    0x00007dd6   0x00000002   PAD
    0x00007dd8   0x00000054   Code   RO            1    i.main              main.o
    0x00007e2c   0x00000098   Code   RO         1181    i.prvAddCurrentTaskToDelayedList  tasks.o
    0x00007ec4   0x000000b8   Code   RO         1182    i.prvAddNewTaskToReadyList  tasks.o
    0x00007f7c   0x00000064   Code   RO         1183    i.prvCheckTasksWaitingTermination  tasks.o
    0x00007fe0   0x0000002a   Code   RO          992    i.prvCopyDataFromQueue  queue.o
    0x0000800a   0x0000007c   Code   RO          993    i.prvCopyDataToQueue  queue.o
    0x00008086   0x00000012   Code   RO         1184    i.prvDeleteTCB      tasks.o
    0x00008098   0x00000064   Code   RO         1642    i.prvHeapInit       heap.o
    0x000080fc   0x0000002c   Code   RO         1185    i.prvIdleTask       tasks.o
    0x00008128   0x0000002a   Code   RO          995    i.prvInitialiseNewQueue  queue.o
    0x00008152   0x00000090   Code   RO         1186    i.prvInitialiseNewTask  tasks.o
    0x000081e2   0x00000002   PAD
    0x000081e4   0x00000068   Code   RO         1187    i.prvInitialiseTaskLists  tasks.o
    0x0000824c   0x00000068   Code   RO         1643    i.prvInsertBlockIntoFreeList  heap.o
    0x000082b4   0x0000001a   Code   RO          996    i.prvIsQueueEmpty   queue.o
    0x000082ce   0x00000002   PAD
    0x000082d0   0x00000034   Code   RO         1189    i.prvResetNextTaskUnblockTime  tasks.o
    0x00008304   0x00000016   Code   RO         1546    i.prvTaskExitError  port.o
    0x0000831a   0x0000007e   Code   RO          998    i.prvUnlockQueue    queue.o
    0x00008398   0x000000dc   Code   RO         1644    i.pvPortMalloc      heap.o
    0x00008474   0x00000020   Code   RO         1193    i.pvTaskIncrementMutexHeldCount  tasks.o
    0x00008494   0x00000024   Code   RO         1547    i.pxPortInitialiseStack  port.o
    0x000084b8   0x00000028   Code   RO          955    i.uxListRemove      list.o
    0x000084e0   0x00000034   Code   RO         1708    i.vApplicationMallocFailedHook  freertoshooks.o
    0x00008514   0x00000050   Code   RO         1709    i.vApplicationStackOverflowHook  freertoshooks.o
    0x00008564   0x00000002   Code   RO         1710    i.vApplicationTickHook  freertoshooks.o
    0x00008566   0x0000001a   Code   RO          956    i.vListInitialise   list.o
    0x00008580   0x00000006   Code   RO          957    i.vListInitialiseItem  list.o
    0x00008586   0x00000034   Code   RO          958    i.vListInsert       list.o
    0x000085ba   0x00000018   Code   RO          959    i.vListInsertEnd    list.o
    0x000085d2   0x00000002   PAD
    0x000085d4   0x00000024   Code   RO         1549    i.vPortEnterCritical  port.o
    0x000085f8   0x00000020   Code   RO         1550    i.vPortExitCritical  port.o
    0x00008618   0x00000048   Code   RO         1645    i.vPortFree         heap.o
    0x00008660   0x00000014   Code   RO         1551    i.vPortSetupTimerInterrupt  port.o
    0x00008674   0x00000034   Code   RO         1202    i.vTaskDelay        tasks.o
    0x000086a8   0x0000000c   Code   RO         1208    i.vTaskMissedYield  tasks.o
    0x000086b4   0x00000020   Code   RO         1210    i.vTaskPlaceOnEventList  tasks.o
    0x000086d4   0x000000b0   Code   RO         1212    i.vTaskPriorityInherit  tasks.o
    0x00008784   0x00000018   Code   RO         1216    i.vTaskSetTimeOutState  tasks.o
    0x0000879c   0x00000064   Code   RO         1217    i.vTaskStartScheduler  tasks.o
    0x00008800   0x00000010   Code   RO         1219    i.vTaskSuspendAll   tasks.o
    0x00008810   0x00000098   Code   RO         1220    i.vTaskSwitchContext  tasks.o
    0x000088a8   0x00000034   Code   RO         1552    i.xPortStartScheduler  port.o
    0x000088dc   0x00000038   Code   RO         1009    i.xQueueGenericCreate  queue.o
    0x00008914   0x0000015c   Code   RO         1010    i.xQueueGenericReceive  queue.o
    0x00008a70   0x00000080   Code   RO         1011    i.xQueueGenericReset  queue.o
    0x00008af0   0x00000086   Code   RO         1013    i.xQueueGenericSendFromISR  queue.o
    0x00008b76   0x00000002   PAD
    0x00008b78   0x0000005c   Code   RO         1221    i.xTaskCheckForTimeOut  tasks.o
    0x00008bd4   0x00000060   Code   RO         1222    i.xTaskCreate       tasks.o
    0x00008c34   0x00000128   Code   RO         1228    i.xTaskIncrementTick  tasks.o
    0x00008d5c   0x00000084   Code   RO         1231    i.xTaskPriorityDisinherit  tasks.o
    0x00008de0   0x00000080   Code   RO         1232    i.xTaskRemoveFromEventList  tasks.o
    0x00008e60   0x000000e8   Code   RO         1234    i.xTaskResumeAll    tasks.o
    0x00008f48   0x0000002c   Code   RO         2550    locale$$code        c_w.l(lc_numeric_c.o)
    0x00008f74   0x0000002c   Code   RO         2571    locale$$code        c_w.l(lc_ctype_c.o)
    0x00008fa0   0x00000004   Code   RO         2486    x$fpl$printf1       fz_ws.l(printf1.o)
    0x00008fa4   0x00000000   Code   RO         2562    x$fpl$usenofp       fz_ws.l(usenofp.o)
    0x00008fa4   0x00000470   Data   RO          403    .constdata          menu.o
    0x00009414   0x00000012   Data   RO         2037    .constdata          key.o
    0x00009426   0x00002a38   Data   RO         2321    .constdata          lib.o
    0x0000be5e   0x00000011   Data   RO         2393    .constdata          c_w.l(__printf_flags_ss_wp.o)
    0x0000be6f   0x00000001   PAD
    0x0000be70   0x00000008   Data   RO         2430    .constdata          c_w.l(_printf_wctomb.o)
    0x0000be78   0x00000028   Data   RO         2459    .constdata          c_w.l(_printf_hex_int_ll_ptr.o)
    0x0000bea0   0x00000094   Data   RO         2525    .constdata          c_w.l(bigflt0.o)
    0x0000bf34   0x00000049   Data   RO          354    .conststring        mdbbilldeviceoperation.o
    0x0000bf7d   0x00000003   PAD
    0x0000bf80   0x00000e60   Data   RO          404    .conststring        menu.o
    0x0000cde0   0x00000030   Data   RO         2697    Region$$Table       anon$$obj.o
    0x0000ce10   0x0000001c   Data   RO         2549    locale$$data        c_w.l(lc_numeric_c.o)
    0x0000ce2c   0x00000110   Data   RO         2570    locale$$data        c_w.l(lc_ctype_c.o)


    Execution Region RW_IRAM1 (Base: 0x10000000, Size: 0x00004000, Max: 0x00008000, ABSOLUTE)

    Base Addr    Size         Type   Attr      Idx    E Section Name        Object

    0x10000000   0x00004000   Zero   RW         1649    .bss                heap.o


    Execution Region RW_IRAM2 (Base: 0x2007c000, Size: 0x00000668, Max: 0x00008000, ABSOLUTE)

    Base Addr    Size         Type   Attr      Idx    E Section Name        Object

    0x2007c000   0x0000000b   Data   RW          144    .data               paramdefine.o
    0x2007c00b   0x00000001   PAD
    0x2007c00c   0x0000003c   Data   RW         1237    .data               tasks.o
    0x2007c048   0x00000004   Data   RW         1553    .data               port.o
    0x2007c04c   0x00000018   Data   RW         1650    .data               heap.o
    0x2007c064   0x00000002   Data   RW         1768    .data               uart0.o
    0x2007c066   0x00000002   PAD
    0x2007c068   0x00000004   Data   RW         2038    .data               key.o
    0x2007c06c   0x00000020   Data   RW         2119    .data               timer.o
    0x2007c08c   0x00000016   Data   RW         2196    .data               i2c.o
    0x2007c0a2   0x00000004   Data   RW         2237    .data               mdb.o
    0x2007c0a6   0x00000002   PAD
    0x2007c0a8   0x00000200   Zero   RW          143    .bss                paramdefine.o
    0x2007c2a8   0x000000dc   Zero   RW         1236    .bss                tasks.o
    0x2007c384   0x00000040   Zero   RW         1767    .bss                uart0.o
    0x2007c3c4   0x00000020   Zero   RW         2118    .bss                timer.o
    0x2007c3e4   0x00000024   Zero   RW         2236    .bss                mdb.o
    0x2007c408   0x00000060   Zero   RW         2566    .bss                c_w.l(libspace.o)
    0x2007c468   0x00000000   Zero   RW         2352    HEAP                startup_lpc17xx.o
    0x2007c468   0x00000200   Zero   RW         2351    STACK               startup_lpc17xx.o


==============================================================================

Image component sizes


      Code (inc. data)   RO Data    RW Data    ZI Data      Debug   Object Name

       264          0          0          0          0       4532   billvalidatorrecycler.o
        40          6          0          0          0        409   buzzer.o
        74          0          0          0          0       1101   com.o
         0          0          0          0          0       7132   croutine.o
       240          0          0          0          0       3389   display.o
         0          0          0          0          0       9236   event_groups.o
        60          0          0          0          0       1689   fram.o
       136         90          0          0          0       7313   freertoshooks.o
       496         60          0         24      16384       3579   heap.o
      1036        134          0         22          0       3944   i2c.o
      1062        110         18          4          0      23714   key.o
        24          0          0          0          0       1289   keyboard.o
      1480         44          0          0          0       7881   lcm.o
         0          0      10808          0          0        710   lib.o
       148          0          0          0          0       2846   list.o
        84         32          0          0          0       4911   main.o
     12892        326          0          0          0       9986   maintenance.o
       756         80          0          4         36       5096   mdb.o
      1972       1004         73          0          0       1295   mdbbilldeviceoperation.o
         0          0       4816          0          0       5259   menu.o
      2954       1140          0         11        512       8155   paramdefine.o
        76         14          0          0          0        439   pinselect.o
       400         50          0          4          0      10812   port.o
      1026         12          0          0          0      10877   queue.o
        24          0          0          0          0        971   realtimeclock.o
       108          8          0          0          0        967   rtc.o
        64         26        204          0        512        980   startup_lpc17xx.o
       108         18          0          0          0       2065   system.o
       308         10          0          0          0        557   system_lpc17xx.o
      2370        338          0         60        220      25282   tasks.o
       968        120          0         32         32      22494   timer.o
       424         62          0          2         64      42300   uart0.o
       512        140          0          0          0       1430   vendservice.o

    ----------------------------------------------------------------------
     30124       3824      15970        168      17760     232640   Object Totals
         0          0         48          0          0          0   (incl. Generated)
        18          0          3          5          0          0   (incl. Padding)

    ----------------------------------------------------------------------

      Code (inc. data)   RO Data    RW Data    ZI Data      Debug   Library Member Name

         8          0          0          0          0         68   __main.o
       392          4         17          0          0         92   __printf_flags_ss_wp.o
        14          0          0          0          0         68   __printf_wp.o
         0          0          0          0          0          0   __rtentry.o
        12          0          0          0          0          0   __rtentry2.o
         6          0          0          0          0          0   __rtentry4.o
        52          8          0          0          0          0   __scatter.o
        26          0          0          0          0          0   __scatter_copy.o
        28          0          0          0          0          0   __scatter_zi.o
         6          0          0          0          0          0   _printf_a.o
         6          0          0          0          0          0   _printf_c.o
        44          0          0          0          0        108   _printf_char.o
        48          6          0          0          0         96   _printf_char_common.o
        40          0          0          0          0         68   _printf_charcount.o
         6          0          0          0          0          0   _printf_d.o
       120         16          0          0          0         92   _printf_dec.o
         6          0          0          0          0          0   _printf_e.o
         6          0          0          0          0          0   _printf_f.o
      1050          0          0          0          0        216   _printf_fp_dec.o
       128         16          0          0          0         84   _printf_fp_infnan.o
         6          0          0          0          0          0   _printf_g.o
       148          4         40          0          0        160   _printf_hex_int_ll_ptr.o
         6          0          0          0          0          0   _printf_i.o
       178          0          0          0          0         88   _printf_intcommon.o
        10          0          0          0          0          0   _printf_l.o
         6          0          0          0          0          0   _printf_lc.o
        10          0          0          0          0          0   _printf_ll.o
         6          0          0          0          0          0   _printf_lld.o
         6          0          0          0          0          0   _printf_lli.o
         6          0          0          0          0          0   _printf_llo.o
         6          0          0          0          0          0   _printf_llu.o
         6          0          0          0          0          0   _printf_llx.o
       124         16          0          0          0         92   _printf_longlong_dec.o
         6          0          0          0          0          0   _printf_ls.o
         6          0          0          0          0          0   _printf_n.o
         6          0          0          0          0          0   _printf_o.o
       112          8          0          0          0        124   _printf_oct_int_ll.o
         6          0          0          0          0          0   _printf_p.o
        78          0          0          0          0        108   _printf_pad.o
         0          0          0          0          0          0   _printf_percent.o
         4          0          0          0          0          0   _printf_percent_end.o
         6          0          0          0          0          0   _printf_s.o
        82          0          0          0          0         80   _printf_str.o
        36          0          0          0          0         84   _printf_truncate.o
         6          0          0          0          0          0   _printf_u.o
        44          0          0          0          0        108   _printf_wchar.o
       188          6          8          0          0         92   _printf_wctomb.o
         6          0          0          0          0          0   _printf_x.o
        10          0          0          0          0         68   _sputc.o
        64          0          0          0          0         92   _wcrtomb.o
        16          0          0          0          0         68   aeabi_memset.o
       220          4        148          0          0         96   bigflt0.o
      1910        128          0          0          0        672   btod.o
        36          4          0          0          0         76   c89vsprintf.o
        18          0          0          0          0         80   exit.o
         6          0          0          0          0        152   heapauxi.o
         0          0          0          0          0          0   indicate_semi.o
        44         10        272          0          0         76   lc_ctype_c.o
        44         10         28          0          0         76   lc_numeric_c.o
         2          0          0          0          0          0   libinit.o
        30          0          0          0          0          0   libinit2.o
         2          0          0          0          0          0   libshutdown.o
         2          0          0          0          0          0   libshutdown2.o
         8          4          0          0         96         68   libspace.o
       138          0          0          0          0         80   lludiv10.o
        16          4          0          0          0         76   rt_ctype_table.o
         8          4          0          0          0         68   rt_locale_intlibspace.o
        68          0          0          0          0         68   rt_memclr.o
        78          0          0          0          0         80   rt_memclr_w.o
       138          0          0          0          0         68   rt_memcpy_v6.o
       100          0          0          0          0         80   rt_memcpy_w.o
         2          0          0          0          0          0   rtexit.o
        10          0          0          0          0          0   rtexit2.o
       128          0          0          0          0         68   strcmpv7m.o
        62          0          0          0          0         76   strlen.o
        36          0          0          0          0         80   strstr.o
        12          4          0          0          0         68   sys_exit.o
        74          0          0          0          0         80   sys_stackheap_outer.o
         2          0          0          0          0         68   use_no_semi.o
         4          0          0          0          0         68   printf1.o
         0          0          0          0          0          0   usenofp.o
        40          0          0          0          0         68   fpclassify.o

    ----------------------------------------------------------------------
      6444        256        514          0         96       4448   Library Totals
        14          0          1          0          0          0   (incl. Padding)

    ----------------------------------------------------------------------

      Code (inc. data)   RO Data    RW Data    ZI Data      Debug   Library Name

      6386        256        513          0         96       4312   c_w.l
         4          0          0          0          0         68   fz_ws.l
        40          0          0          0          0         68   m_ws.l

    ----------------------------------------------------------------------
      6444        256        514          0         96       4448   Library Totals

    ----------------------------------------------------------------------

==============================================================================


      Code (inc. data)   RO Data    RW Data    ZI Data      Debug   

     36568       4080      16484        168      17856     226788   Grand Totals
     36568       4080      16484        168      17856     226788   ELF Image Totals
     36568       4080      16484        168          0          0   ROM Totals

==============================================================================

    Total RO  Size (Code + RO Data)                53052 (  51.81kB)
    Total RW  Size (RW Data + ZI Data)             18024 (  17.60kB)
    Total ROM Size (Code + RO Data + RW Data)      53220 (  51.97kB)

==============================================================================

