Component: ARM Compiler 5.06 (build 20) Tool: armlink [4d35a3]

==============================================================================

Section Cross References

    main.o(i.main) refers to tasks.o(i.xTaskCreate) for xTaskCreate
    main.o(i.main) refers to tasks.o(i.vTaskStartScheduler) for vTaskStartScheduler
    main.o(i.main) refers to vendservice.o(i.VendService) for VendService
    main.o(i.main) refers to maintenance.o(i.Maintenance) for Maintenance
    paramdefine.o(i.InitSingleLog) refers to paramdefine.o(.bss) for SingleTradeLog
    paramdefine.o(i.InitSysErrCode) refers to paramdefine.o(.data) for SysError
    paramdefine.o(i.InitTotalLog) refers to fram.o(i.API_FRAM_ReadFram) for API_FRAM_ReadFram
    paramdefine.o(i.InitTotalLog) refers to paramdefine.o(i.CrcCheck) for CrcCheck
    paramdefine.o(i.InitTotalLog) refers to paramdefine.o(i.LoadNewTotalLog) for LoadNewTotalLog
    paramdefine.o(i.InitTotalLog) refers to uart0.o(i.Trace) for Trace
    paramdefine.o(i.InitTotalLog) refers to paramdefine.o(.bss) for TotalTradeLog
    paramdefine.o(i.InitTotalLog) refers to paramdefine.o(.data) for SysError
    paramdefine.o(i.InitTradeParam) refers to fram.o(i.API_FRAM_ReadFram) for API_FRAM_ReadFram
    paramdefine.o(i.InitTradeParam) refers to paramdefine.o(i.CrcCheck) for CrcCheck
    paramdefine.o(i.InitTradeParam) refers to uart0.o(i.Trace) for Trace
    paramdefine.o(i.InitTradeParam) refers to paramdefine.o(.bss) for TradeParam
    paramdefine.o(i.InitTradeParam) refers to paramdefine.o(.data) for SysError
    paramdefine.o(i.InitVmcParam) refers to fram.o(i.API_FRAM_ReadFram) for API_FRAM_ReadFram
    paramdefine.o(i.InitVmcParam) refers to paramdefine.o(i.CrcCheck) for CrcCheck
    paramdefine.o(i.InitVmcParam) refers to uart0.o(i.Trace) for Trace
    paramdefine.o(i.InitVmcParam) refers to paramdefine.o(i.LoadDefaultVmcParam) for LoadDefaultVmcParam
    paramdefine.o(i.InitVmcParam) refers to paramdefine.o(.bss) for VMCParam
    paramdefine.o(i.LoadDefaultVmcParam) refers to paramdefine.o(i.CrcCheck) for CrcCheck
    paramdefine.o(i.LoadDefaultVmcParam) refers to fram.o(i.API_FRAM_WriteFram) for API_FRAM_WriteFram
    paramdefine.o(i.LoadDefaultVmcParam) refers to tasks.o(i.vTaskDelay) for vTaskDelay
    paramdefine.o(i.LoadDefaultVmcParam) refers to uart0.o(i.Trace) for Trace
    paramdefine.o(i.LoadDefaultVmcParam) refers to paramdefine.o(.bss) for VMCParam
    paramdefine.o(i.LoadNewSingleLog) refers to paramdefine.o(i.CrcCheck) for CrcCheck
    paramdefine.o(i.LoadNewSingleLog) refers to fram.o(i.API_FRAM_WriteFram) for API_FRAM_WriteFram
    paramdefine.o(i.LoadNewSingleLog) refers to tasks.o(i.vTaskDelay) for vTaskDelay
    paramdefine.o(i.LoadNewSingleLog) refers to paramdefine.o(i.LoadNewTotalLog) for LoadNewTotalLog
    paramdefine.o(i.LoadNewSingleLog) refers to paramdefine.o(.bss) for SingleTradeLog
    paramdefine.o(i.LoadNewTotalLog) refers to paramdefine.o(i.CrcCheck) for CrcCheck
    paramdefine.o(i.LoadNewTotalLog) refers to fram.o(i.API_FRAM_WriteFram) for API_FRAM_WriteFram
    paramdefine.o(i.LoadNewTotalLog) refers to tasks.o(i.vTaskDelay) for vTaskDelay
    paramdefine.o(i.LoadNewTotalLog) refers to paramdefine.o(.bss) for TotalTradeLog
    paramdefine.o(i.LoadNewTradeParam) refers to uart0.o(i.Trace) for Trace
    paramdefine.o(i.LoadNewTradeParam) refers to paramdefine.o(i.CrcCheck) for CrcCheck
    paramdefine.o(i.LoadNewTradeParam) refers to fram.o(i.API_FRAM_WriteFram) for API_FRAM_WriteFram
    paramdefine.o(i.LoadNewTradeParam) refers to tasks.o(i.vTaskDelay) for vTaskDelay
    paramdefine.o(i.LoadNewTradeParam) refers to paramdefine.o(.bss) for TradeParam
    paramdefine.o(i.LoadNewTradeParam) refers to paramdefine.o(.data) for SysError
    paramdefine.o(i.LoadNewVmcParam) refers to paramdefine.o(i.CrcCheck) for CrcCheck
    paramdefine.o(i.LoadNewVmcParam) refers to fram.o(i.API_FRAM_WriteFram) for API_FRAM_WriteFram
    paramdefine.o(i.LoadNewVmcParam) refers to tasks.o(i.vTaskDelay) for vTaskDelay
    paramdefine.o(i.LoadNewVmcParam) refers to uart0.o(i.Trace) for Trace
    paramdefine.o(i.LoadNewVmcParam) refers to paramdefine.o(.bss) for VMCParam
    paramdefine.o(i.PrintfMoney) refers to _printf_pad.o(.text) for _printf_pre_padding
    paramdefine.o(i.PrintfMoney) refers to _printf_percent.o(.ARM.Collect$$_printf_percent$$00000000) for _printf_percent
    paramdefine.o(i.PrintfMoney) refers to _printf_d.o(.ARM.Collect$$_printf_percent$$00000009) for _printf_d
    paramdefine.o(i.PrintfMoney) refers to _printf_dec.o(.text) for _printf_int_dec
    paramdefine.o(i.PrintfMoney) refers to __2sprintf.o(.text) for __2sprintf
    vendservice.o(i.BillCoinCtr) refers to uart0.o(i.Trace) for Trace
    vendservice.o(i.BillCoinCtr) refers to mdbbilldeviceoperation.o(i.BillDevProcess) for BillDevProcess
    vendservice.o(i.BillCoinCtr) refers to mdbcoindeviceoperation.o(i.MdbCoinTypeEanbleOrDisable) for MdbCoinTypeEanbleOrDisable
[...]
    __sigvec_lookup                           - Undefined Weak Reference
    _atexit_init                              - Undefined Weak Reference
    _call_atexit_fns                          - Undefined Weak Reference
    _clock_init                               - Undefined Weak Reference
    _fp_trap_init                             - Undefined Weak Reference
    _fp_trap_shutdown                         - Undefined Weak Reference
    _get_lc_collate                           - Undefined Weak Reference
    _get_lc_monetary                          - Undefined Weak Reference
    _get_lc_time                              - Undefined Weak Reference
    _getenv_init                              - Undefined Weak Reference
    _handle_redirection                       - Undefined Weak Reference
    _init_alloc                               - Undefined Weak Reference
    _init_user_alloc                          - Undefined Weak Reference
    _initio                                   - Undefined Weak Reference
    _printf_fp_hex                            - Undefined Weak Reference
    _printf_mbtowc                            - Undefined Weak Reference
    _printf_wc                                - Undefined Weak Reference
    _rand_init                                - Undefined Weak Reference
    _signal_finish                            - Undefined Weak Reference
    _signal_init                              - Undefined Weak Reference
    _terminate_alloc                          - Undefined Weak Reference
    _terminate_user_alloc                     - Undefined Weak Reference
    _terminateio                              - Undefined Weak Reference
    __main                                   0x000000cd   Thumb Code     8  __main.o(!!!main)
    __scatterload                            0x000000d5   Thumb Code     0  __scatter.o(!!!scatter)
    __scatterload_rt2                        0x000000d5   Thumb Code    44  __scatter.o(!!!scatter)
    __scatterload_rt2_thumb_only             0x000000d5   Thumb Code     0  __scatter.o(!!!scatter)
    __scatterload_null                       0x000000e3   Thumb Code     0  __scatter.o(!!!scatter)
    __scatterload_copy                       0x00000109   Thumb Code    26  __scatter_copy.o(!!handler_copy)
    __scatterload_zeroinit                   0x00000125   Thumb Code    28  __scatter_zi.o(!!handler_zi)
    _printf_n                                0x00000141   Thumb Code     0  _printf_n.o(.ARM.Collect$$_printf_percent$$00000001)
    _printf_percent                          0x00000141   Thumb Code     0  _printf_percent.o(.ARM.Collect$$_printf_percent$$00000000)
    _printf_p                                0x00000147   Thumb Code     0  _printf_p.o(.ARM.Collect$$_printf_percent$$00000002)
    _printf_f                                0x0000014d   Thumb Code     0  _printf_f.o(.ARM.Collect$$_printf_percent$$00000003)
    _printf_e                                0x00000153   Thumb Code     0  _printf_e.o(.ARM.Collect$$_printf_percent$$00000004)
    _printf_g                                0x00000159   Thumb Code     0  _printf_g.o(.ARM.Collect$$_printf_percent$$00000005)
    _printf_a                                0x0000015f   Thumb Code     0  _printf_a.o(.ARM.Collect$$_printf_percent$$00000006)
    _printf_ll                               0x00000165   Thumb Code     0  _printf_ll.o(.ARM.Collect$$_printf_percent$$00000007)
    _printf_i                                0x0000016f   Thumb Code     0  _printf_i.o(.ARM.Collect$$_printf_percent$$00000008)
    _printf_d                                0x00000175   Thumb Code     0  _printf_d.o(.ARM.Collect$$_printf_percent$$00000009)
    _printf_u                                0x0000017b   Thumb Code     0  _printf_u.o(.ARM.Collect$$_printf_percent$$0000000A)
    _printf_o                                0x00000181   Thumb Code     0  _printf_o.o(.ARM.Collect$$_printf_percent$$0000000B)
    _printf_x                                0x00000187   Thumb Code     0  _printf_x.o(.ARM.Collect$$_printf_percent$$0000000C)
    _printf_lli                              0x0000018d   Thumb Code     0  _printf_lli.o(.ARM.Collect$$_printf_percent$$0000000D)
    _printf_lld                              0x00000193   Thumb Code     0  _printf_lld.o(.ARM.Collect$$_printf_percent$$0000000E)
    _printf_llu                              0x00000199   Thumb Code     0  _printf_llu.o(.ARM.Collect$$_printf_percent$$0000000F)
    _printf_llo                              0x0000019f   Thumb Code     0  _printf_llo.o(.ARM.Collect$$_printf_percent$$00000010)
    _printf_llx                              0x000001a5   Thumb Code     0  _printf_llx.o(.ARM.Collect$$_printf_percent$$00000011)
    _printf_l                                0x000001ab   Thumb Code     0  _printf_l.o(.ARM.Collect$$_printf_percent$$00000012)
    _printf_c                                0x000001b5   Thumb Code     0  _printf_c.o(.ARM.Collect$$_printf_percent$$00000013)
    _printf_s                                0x000001bb   Thumb Code     0  _printf_s.o(.ARM.Collect$$_printf_percent$$00000014)
    _printf_lc                               0x000001c1   Thumb Code     0  _printf_lc.o(.ARM.Collect$$_printf_percent$$00000015)
    _printf_ls                               0x000001c7   Thumb Code     0  _printf_ls.o(.ARM.Collect$$_printf_percent$$00000016)
    _printf_percent_end                      0x000001cd   Thumb Code     0  _printf_percent_end.o(.ARM.Collect$$_printf_percent$$00000017)
    __rt_lib_init                            0x000001d1   Thumb Code     0  libinit.o(.ARM.Collect$$libinit$$00000000)
    __rt_lib_init_fp_1                       0x000001d3   Thumb Code     0  libinit2.o(.ARM.Collect$$libinit$$00000002)
    __rt_lib_init_heap_1                     0x000001d3   Thumb Code     0  libinit2.o(.ARM.Collect$$libinit$$0000000A)
    __rt_lib_init_lc_common                  0x000001d3   Thumb Code     0  libinit2.o(.ARM.Collect$$libinit$$0000000F)
    __rt_lib_init_preinit_1                  0x000001d3   Thumb Code     0  libinit2.o(.ARM.Collect$$libinit$$00000004)
    __rt_lib_init_rand_1                     0x000001d3   Thumb Code     0  libinit2.o(.ARM.Collect$$libinit$$0000000E)
    __rt_lib_init_user_alloc_1               0x000001d3   Thumb Code     0  libinit2.o(.ARM.Collect$$libinit$$0000000C)
    __rt_lib_init_lc_collate_1               0x000001d9   Thumb Code     0  libinit2.o(.ARM.Collect$$libinit$$00000011)
    __rt_lib_init_lc_ctype_2                 0x000001d9   Thumb Code     0  libinit2.o(.ARM.Collect$$libinit$$00000012)
    __rt_lib_init_lc_ctype_1                 0x000001e5   Thumb Code     0  libinit2.o(.ARM.Collect$$libinit$$00000013)
    __rt_lib_init_lc_monetary_1              0x000001e5   Thumb Code     0  libinit2.o(.ARM.Collect$$libinit$$00000015)
    __rt_lib_init_lc_numeric_2               0x000001e5   Thumb Code     0  libinit2.o(.ARM.Collect$$libinit$$00000016)
    __rt_lib_init_alloca_1                   0x000001ef   Thumb Code     0  libinit2.o(.ARM.Collect$$libinit$$0000002E)
    __rt_lib_init_argv_1                     0x000001ef   Thumb Code     0  libinit2.o(.ARM.Collect$$libinit$$0000002C)
    __rt_lib_init_atexit_1                   0x000001ef   Thumb Code     0  libinit2.o(.ARM.Collect$$libinit$$0000001B)
    __rt_lib_init_clock_1                    0x000001ef   Thumb Code     0  libinit2.o(.ARM.Collect$$libinit$$00000021)
    __rt_lib_init_cpp_1                      0x000001ef   Thumb Code     0  libinit2.o(.ARM.Collect$$libinit$$00000032)
    __rt_lib_init_exceptions_1               0x000001ef   Thumb Code     0  libinit2.o(.ARM.Collect$$libinit$$00000030)
    __rt_lib_init_fp_trap_1                  0x000001ef   Thumb Code     0  libinit2.o(.ARM.Collect$$libinit$$0000001F)
    __rt_lib_init_getenv_1                   0x000001ef   Thumb Code     0  libinit2.o(.ARM.Collect$$libinit$$00000023)
    __rt_lib_init_lc_numeric_1               0x000001ef   Thumb Code     0  libinit2.o(.ARM.Collect$$libinit$$00000017)
    __rt_lib_init_lc_time_1                  0x000001ef   Thumb Code     0  libinit2.o(.ARM.Collect$$libinit$$00000019)
    __rt_lib_init_return                     0x000001ef   Thumb Code     0  libinit2.o(.ARM.Collect$$libinit$$00000033)
    __rt_lib_init_signal_1                   0x000001ef   Thumb Code     0  libinit2.o(.ARM.Collect$$libinit$$0000001D)
    __rt_lib_init_stdio_1                    0x000001ef   Thumb Code     0  libinit2.o(.ARM.Collect$$libinit$$00000025)
    __rt_lib_shutdown                        0x000001f1   Thumb Code     0  libshutdown.o(.ARM.Collect$$libshutdown$$00000000)
    __rt_lib_shutdown_cpp_1                  0x000001f3   Thumb Code     0  libshutdown2.o(.ARM.Collect$$libshutdown$$00000002)
    __rt_lib_shutdown_fp_trap_1              0x000001f3   Thumb Code     0  libshutdown2.o(.ARM.Collect$$libshutdown$$00000007)
    __rt_lib_shutdown_heap_1                 0x000001f3   Thumb Code     0  libshutdown2.o(.ARM.Collect$$libshutdown$$0000000F)
    __rt_lib_shutdown_return                 0x000001f3   Thumb Code     0  libshutdown2.o(.ARM.Collect$$libshutdown$$00000010)
    __rt_lib_shutdown_signal_1               0x000001f3   Thumb Code     0  libshutdown2.o(.ARM.Collect$$libshutdown$$0000000A)
    __rt_lib_shutdown_stdio_1                0x000001f3   Thumb Code     0  libshutdown2.o(.ARM.Collect$$libshutdown$$00000004)
    __rt_lib_shutdown_user_alloc_1           0x000001f3   Thumb Code     0  libshutdown2.o(.ARM.Collect$$libshutdown$$0000000C)
    __rt_entry                               0x000001f5   Thumb Code     0  __rtentry.o(.ARM.Collect$$rtentry$$00000000)
    __rt_entry_presh_1                       0x000001f5   Thumb Code     0  __rtentry2.o(.ARM.Collect$$rtentry$$00000002)
    __rt_entry_sh                            0x000001f5   Thumb Code     0  __rtentry4.o(.ARM.Collect$$rtentry$$00000004)
    __rt_entry_li                            0x000001fb   Thumb Code     0  __rtentry2.o(.ARM.Collect$$rtentry$$0000000A)
    __rt_entry_postsh_1                      0x000001fb   Thumb Code     0  __rtentry2.o(.ARM.Collect$$rtentry$$00000009)
    __rt_entry_main                          0x000001ff   Thumb Code     0  __rtentry2.o(.ARM.Collect$$rtentry$$0000000D)
    __rt_entry_postli_1                      0x000001ff   Thumb Code     0  __rtentry2.o(.ARM.Collect$$rtentry$$0000000C)
    __rt_exit                                0x00000207   Thumb Code     0  rtexit.o(.ARM.Collect$$rtexit$$00000000)
    __rt_exit_ls                             0x00000209   Thumb Code     0  rtexit2.o(.ARM.Collect$$rtexit$$00000003)
    __rt_exit_prels_1                        0x00000209   Thumb Code     0  rtexit2.o(.ARM.Collect$$rtexit$$00000002)
    __rt_exit_exit                           0x0000020d   Thumb Code     0  rtexit2.o(.ARM.Collect$$rtexit$$00000004)
    SVC_Handler                              0x00000215   Thumb Code    32  port.o(.emb_text)
    __asm___6_port_c_39a90d8d__prvStartFirstTask 0x00000239   Thumb Code    28  port.o(.emb_text)
    PendSV_Handler                           0x00000259   Thumb Code    72  port.o(.emb_text)
    vPortGetIPSR                             0x000002a5   Thumb Code     6  port.o(.emb_text)
    Reset_Handler                            0x000002ad   Thumb Code     8  startup_lpc17xx.o(.text)
    NMI_Handler                              0x000002b5   Thumb Code     2  startup_lpc17xx.o(.text)
    HardFault_Handler                        0x000002b7   Thumb Code     2  startup_lpc17xx.o(.text)
    MemManage_Handler                        0x000002b9   Thumb Code     2  startup_lpc17xx.o(.text)
    BusFault_Handler                         0x000002bb   Thumb Code     2  startup_lpc17xx.o(.text)
    UsageFault_Handler                       0x000002bd   Thumb Code     2  startup_lpc17xx.o(.text)
    DebugMon_Handler                         0x000002c1   Thumb Code     2  startup_lpc17xx.o(.text)
    ADC_IRQHandler                           0x000002c7   Thumb Code     0  startup_lpc17xx.o(.text)
    BOD_IRQHandler                           0x000002c7   Thumb Code     0  startup_lpc17xx.o(.text)
    CANActivity_IRQHandler                   0x000002c7   Thumb Code     0  startup_lpc17xx.o(.text)
    CAN_IRQHandler                           0x000002c7   Thumb Code     0  startup_lpc17xx.o(.text)
    DMA_IRQHandler                           0x000002c7   Thumb Code     0  startup_lpc17xx.o(.text)
    EINT0_IRQHandler                         0x000002c7   Thumb Code     0  startup_lpc17xx.o(.text)
    EINT2_IRQHandler                         0x000002c7   Thumb Code     0  startup_lpc17xx.o(.text)
    EINT3_IRQHandler                         0x000002c7   Thumb Code     0  startup_lpc17xx.o(.text)
    ENET_IRQHandler                          0x000002c7   Thumb Code     0  startup_lpc17xx.o(.text)
    I2C1_IRQHandler                          0x000002c7   Thumb Code     0  startup_lpc17xx.o(.text)
    I2C2_IRQHandler                          0x000002c7   Thumb Code     0  startup_lpc17xx.o(.text)
    I2S_IRQHandler                           0x000002c7   Thumb Code     0  startup_lpc17xx.o(.text)
    MCPWM_IRQHandler                         0x000002c7   Thumb Code     0  startup_lpc17xx.o(.text)
    PLL0_IRQHandler                          0x000002c7   Thumb Code     0  startup_lpc17xx.o(.text)
    PLL1_IRQHandler                          0x000002c7   Thumb Code     0  startup_lpc17xx.o(.text)
    PWM1_IRQHandler                          0x000002c7   Thumb Code     0  startup_lpc17xx.o(.text)
    QEI_IRQHandler                           0x000002c7   Thumb Code     0  startup_lpc17xx.o(.text)
    RIT_IRQHandler                           0x000002c7   Thumb Code     0  startup_lpc17xx.o(.text)
    RTC_IRQHandler                           0x000002c7   Thumb Code     0  startup_lpc17xx.o(.text)
    SPI_IRQHandler                           0x000002c7   Thumb Code     0  startup_lpc17xx.o(.text)
    SSP0_IRQHandler                          0x000002c7   Thumb Code     0  startup_lpc17xx.o(.text)
    SSP1_IRQHandler                          0x000002c7   Thumb Code     0  startup_lpc17xx.o(.text)
    UART1_IRQHandler                         0x000002c7   Thumb Code     0  startup_lpc17xx.o(.text)
    UART3_IRQHandler                         0x000002c7   Thumb Code     0  startup_lpc17xx.o(.text)
    USBActivity_IRQHandler                   0x000002c7   Thumb Code     0  startup_lpc17xx.o(.text)
    USB_IRQHandler                           0x000002c7   Thumb Code     0  startup_lpc17xx.o(.text)
    WDT_IRQHandler                           0x000002c7   Thumb Code     0  startup_lpc17xx.o(.text)
    __user_initial_stackheap                 0x000002c9   Thumb Code     0  startup_lpc17xx.o(.text)
    __aeabi_memset                           0x000002e9   Thumb Code    16  aeabi_memset.o(.text)
    __I$use$semihosting                      0x000002f9   Thumb Code     0  use_no_semi.o(.text)
    __use_no_semihosting_swi                 0x000002f9   Thumb Code     2  use_no_semi.o(.text)
    __semihosting_library_function           0x000002fb   Thumb Code     0  indicate_semi.o(.text)
    vApplicationIdleHook                     0x000002fb   Thumb Code     2  freertoshooks.o(i.vApplicationIdleHook)
    __c89vsprintf                            0x00000301   Thumb Code    32  c89vsprintf.o(.text)
    __2sprintf                               0x00000325   Thumb Code    38  __2sprintf.o(.text)
    _printf_pre_padding                      0x00000351   Thumb Code    44  _printf_pad.o(.text)
    _printf_post_padding                     0x0000037d   Thumb Code    34  _printf_pad.o(.text)
    _printf_str                              0x0000039f   Thumb Code    82  _printf_str.o(.text)
    _printf_int_dec                          0x000003f1   Thumb Code   104  _printf_dec.o(.text)
    __printf                                 0x00000469   Thumb Code   388  __printf_flags_ss_wp.o(.text)
    strstr                                   0x000005f1   Thumb Code    36  strstr.o(.text)
    strcpy                                   0x00000615   Thumb Code    72  strcpy.o(.text)
    strlen                                   0x0000065d   Thumb Code    62  strlen.o(.text)
    strcat                                   0x0000069b   Thumb Code    24  strcat.o(.text)
    __aeabi_memcpy                           0x000006b3   Thumb Code     0  rt_memcpy_v6.o(.text)
    __rt_memcpy                              0x000006b3   Thumb Code   138  rt_memcpy_v6.o(.text)
    _memcpy_lastbytes                        0x00000719   Thumb Code     0  rt_memcpy_v6.o(.text)
    __aeabi_memclr                           0x0000073d   Thumb Code     0  rt_memclr.o(.text)
    __rt_memclr                              0x0000073d   Thumb Code    68  rt_memclr.o(.text)
    _memset                                  0x00000741   Thumb Code     0  rt_memclr.o(.text)
    __aeabi_memclr4                          0x00000781   Thumb Code     0  rt_memclr_w.o(.text)
    __aeabi_memclr8                          0x00000781   Thumb Code     0  rt_memclr_w.o(.text)
    __rt_memclr_w                            0x00000781   Thumb Code    78  rt_memclr_w.o(.text)
    _memset_w                                0x00000785   Thumb Code     0  rt_memclr_w.o(.text)
    __use_two_region_memory                  0x000007cf   Thumb Code     2  heapauxi.o(.text)
    __rt_heap_escrow$2region                 0x000007d1   Thumb Code     2  heapauxi.o(.text)
    __rt_heap_expand$2region                 0x000007d3   Thumb Code     2  heapauxi.o(.text)
    _printf_truncate_signed                  0x000007d5   Thumb Code    18  _printf_truncate.o(.text)
    _printf_truncate_unsigned                0x000007e7   Thumb Code    18  _printf_truncate.o(.text)
    _printf_int_common                       0x000007f9   Thumb Code   178  _printf_intcommon.o(.text)
    _printf_charcount                        0x000008ab   Thumb Code    40  _printf_charcount.o(.text)
    _printf_char_common                      0x000008df   Thumb Code    32  _printf_char_common.o(.text)
    _sputc                                   0x00000905   Thumb Code    10  _sputc.o(.text)
    _printf_cs_common                        0x0000090f   Thumb Code    20  _printf_char.o(.text)
    _printf_char                             0x00000923   Thumb Code    16  _printf_char.o(.text)
    _printf_string                           0x00000933   Thumb Code     8  _printf_char.o(.text)
    _printf_wctomb                           0x0000093d   Thumb Code   182  _printf_wctomb.o(.text)
    _printf_longlong_dec                     0x000009f9   Thumb Code   108  _printf_longlong_dec.o(.text)
    _printf_longlong_oct                     0x00000a75   Thumb Code    68  _printf_oct_int_ll.o(.text)
    _printf_int_oct                          0x00000ab9   Thumb Code    24  _printf_oct_int_ll.o(.text)
    _printf_ll_oct                           0x00000ad1   Thumb Code    12  _printf_oct_int_ll.o(.text)
    _printf_longlong_hex                     0x00000ae5   Thumb Code    86  _printf_hex_int_ll_ptr.o(.text)
    _printf_int_hex                          0x00000b3b   Thumb Code    28  _printf_hex_int_ll_ptr.o(.text)
    _printf_ll_hex                           0x00000b57   Thumb Code    12  _printf_hex_int_ll_ptr.o(.text)
    _printf_hex_ptr                          0x00000b63   Thumb Code    18  _printf_hex_int_ll_ptr.o(.text)
    __aeabi_memcpy4                          0x00000b79   Thumb Code     0  rt_memcpy_w.o(.text)
    __aeabi_memcpy8                          0x00000b79   Thumb Code     0  rt_memcpy_w.o(.text)
    __rt_memcpy_w                            0x00000b79   Thumb Code   100  rt_memcpy_w.o(.text)
    _memcpy_lastbytes_aligned                0x00000bc1   Thumb Code     0  rt_memcpy_w.o(.text)
    _ll_udiv10                               0x00000bdd   Thumb Code   138  lludiv10.o(.text)
    __lib_sel_fp_printf                      0x00000c67   Thumb Code     2  _printf_fp_dec.o(.text)
    _printf_fp_dec_real                      0x00000e15   Thumb Code   620  _printf_fp_dec.o(.text)
    _printf_lcs_common                       0x00001081   Thumb Code    20  _printf_wchar.o(.text)
    _printf_wchar                            0x00001095   Thumb Code    16  _printf_wchar.o(.text)
    _printf_wstring                          0x000010a5   Thumb Code     8  _printf_wchar.o(.text)
    _wcrtomb                                 0x000010ad   Thumb Code    64  _wcrtomb.o(.text)
    __user_setup_stackheap                   0x000010ed   Thumb Code    74  sys_stackheap_outer.o(.text)
    __rt_ctype_table                         0x00001139   Thumb Code    16  rt_ctype_table.o(.text)
    __rt_locale                              0x00001149   Thumb Code     8  rt_locale_intlibspace.o(.text)
    _printf_fp_infnan                        0x00001151   Thumb Code   112  _printf_fp_infnan.o(.text)
    _btod_etento                             0x000011d1   Thumb Code   216  bigflt0.o(.text)
    exit                                     0x000012ad   Thumb Code    18  exit.o(.text)
    __user_libspace                          0x000012c1   Thumb Code     8  libspace.o(.text)
    __user_perproc_libspace                  0x000012c1   Thumb Code     0  libspace.o(.text)
    __user_perthread_libspace                0x000012c1   Thumb Code     0  libspace.o(.text)
    strcmp                                   0x000012c9   Thumb Code   128  strcmpv7m.o(.text)
    _sys_exit                                0x00001349   Thumb Code     8  sys_exit.o(.text)
    _btod_d2e                                0x00001355   Thumb Code    62  btod.o(CL$$btod_d2e)
    _d2e_denorm_low                          0x00001393   Thumb Code    70  btod.o(CL$$btod_d2e_denorm_low)
    _d2e_norm_op1                            0x000013d9   Thumb Code    96  btod.o(CL$$btod_d2e_norm_op1)
    __btod_div_common                        0x00001439   Thumb Code   696  btod.o(CL$$btod_div_common)
    _e2e                                     0x00001771   Thumb Code   198  btod.o(CL$$btod_e2e)
    _btod_ediv                               0x00001837   Thumb Code    40  btod.o(CL$$btod_ediv)
    _btod_emul                               0x0000185f   Thumb Code    40  btod.o(CL$$btod_emul)
    __btod_mult_common                       0x00001887   Thumb Code   580  btod.o(CL$$btod_mult_common)
    API_BUZZER_Buzzer                        0x00001acb   Thumb Code     8  keyboard.o(i.API_BUZZER_Buzzer)
    API_COM_Init                             0x00001ad3   Thumb Code    36  com.o(i.API_COM_Init)
    API_COM_RecBufferIsNotEmpty              0x00001af7   Thumb Code    38  com.o(i.API_COM_RecBufferIsNotEmpty)
    API_FRAM_Init                            0x00001b1d   Thumb Code     8  fram.o(i.API_FRAM_Init)
    API_FRAM_ReadFram                        0x00001b25   Thumb Code    26  fram.o(i.API_FRAM_ReadFram)
    API_FRAM_WriteFram                       0x00001b3f   Thumb Code    26  fram.o(i.API_FRAM_WriteFram)
    API_KEY_KeyboardInit                     0x00001b59   Thumb Code     8  keyboard.o(i.API_KEY_KeyboardInit)
    API_KEY_ReadKey                          0x00001b61   Thumb Code     8  keyboard.o(i.API_KEY_ReadKey)
    API_LCM_ClearArea                        0x00001b69   Thumb Code    28  display.o(i.API_LCM_ClearArea)
    API_LCM_ClearScreen                      0x00001b85   Thumb Code     8  display.o(i.API_LCM_ClearScreen)
    API_LCM_DrawLine                         0x00001b8d   Thumb Code    16  display.o(i.API_LCM_DrawLine)
    API_LCM_Init                             0x00001b9d   Thumb Code     8  display.o(i.API_LCM_Init)
    API_LCM_Printf                           0x00001ba5   Thumb Code   180  display.o(i.API_LCM_Printf)
    API_MDB_BillType_BillDevice              0x00001c59   Thumb Code    58  billvalidatorrecycler.o(i.API_MDB_BillType_BillDevice)
    API_MDB_CoinType_CoinDevice              0x00001c93   Thumb Code    54  coinacceptorchanger.o(i.API_MDB_CoinType_CoinDevice)
    API_MDB_Escrow_BillDevice                0x00001cc9   Thumb Code   200  billvalidatorrecycler.o(i.API_MDB_Escrow_BillDevice)
    API_MDB_ExpanDiagStatus_CoinDevice       0x00001e05   Thumb Code    54  coinacceptorchanger.o(i.API_MDB_ExpanDiagStatus_CoinDevice)
    API_MDB_ExpanFeatureEnable_CoinDevice    0x00001e3b   Thumb Code    62  coinacceptorchanger.o(i.API_MDB_ExpanFeatureEnable_CoinDevice)
    API_MDB_ExpanIdentification_CoinDevice   0x00001e79   Thumb Code    38  coinacceptorchanger.o(i.API_MDB_ExpanIdentification_CoinDevice)
    API_MDB_ExpanPayoutStatus_CoinDevice     0x00001ea1   Thumb Code    72  coinacceptorchanger.o(i.API_MDB_ExpanPayoutStatus_CoinDevice)
    API_MDB_ExpanPayoutValuePoll_CoinDevice  0x00001f09   Thumb Code    86  coinacceptorchanger.o(i.API_MDB_ExpanPayoutValuePoll_CoinDevice)
    API_MDB_ExpanPayout_CoinDevice           0x00001f81   Thumb Code    42  coinacceptorchanger.o(i.API_MDB_ExpanPayout_CoinDevice)
    API_MDB_L2FeatureEnable_BillDevice       0x00001fab   Thumb Code    62  billvalidatorrecycler.o(i.API_MDB_L2FeatureEnable_BillDevice)
    API_MDB_L2IdentificationWithOptBit_BillDevice 0x00001fe9   Thumb Code    36  billvalidatorrecycler.o(i.API_MDB_L2IdentificationWithOptBit_BillDevice)
    API_MDB_Poll_BillDevice                  0x0000200d   Thumb Code    28  billvalidatorrecycler.o(i.API_MDB_Poll_BillDevice)
    API_MDB_Poll_CoinDevice                  0x00002029   Thumb Code    28  coinacceptorchanger.o(i.API_MDB_Poll_CoinDevice)
    API_MDB_Reset_BillDevice                 0x00002045   Thumb Code    24  billvalidatorrecycler.o(i.API_MDB_Reset_BillDevice)
    API_MDB_Reset_CoinDevice                 0x0000205d   Thumb Code    24  coinacceptorchanger.o(i.API_MDB_Reset_CoinDevice)
    API_MDB_Setup_BillDevice                 0x00002075   Thumb Code    28  billvalidatorrecycler.o(i.API_MDB_Setup_BillDevice)
    API_MDB_Setup_CoinDevice                 0x00002091   Thumb Code    28  coinacceptorchanger.o(i.API_MDB_Setup_CoinDevice)
    API_MDB_Stacker_BillDevice               0x000020ad   Thumb Code   104  billvalidatorrecycler.o(i.API_MDB_Stacker_BillDevice)
    API_MDB_TubeStatus_CoinDevice            0x00002161   Thumb Code    28  coinacceptorchanger.o(i.API_MDB_TubeStatus_CoinDevice)
    API_MDB_UartInit                         0x0000217d   Thumb Code   112  mdb.o(i.API_MDB_UartInit)
    API_RTC_Read                             0x000021fd   Thumb Code    12  realtimeclock.o(i.API_RTC_Read)
    API_RTC_Write                            0x00002209   Thumb Code    12  realtimeclock.o(i.API_RTC_Write)
    API_SYSTEM_PinFuctionSelect              0x00002215   Thumb Code     8  system.o(i.API_SYSTEM_PinFuctionSelect)
    API_SYSTEM_TimerChannelSet               0x0000221d   Thumb Code    26  system.o(i.API_SYSTEM_TimerChannelSet)
    API_SYSTEM_TimerInit                     0x0000223d   Thumb Code    38  system.o(i.API_SYSTEM_TimerInit)
    API_SYSTEM_TimerReadChannelValue         0x00002269   Thumb Code    18  system.o(i.API_SYSTEM_TimerReadChannelValue)
    BillCoinCtr                              0x00002281   Thumb Code   166  vendservice.o(i.BillCoinCtr)
    BillDevProcess                           0x0000236d   Thumb Code   568  mdbbilldeviceoperation.o(i.BillDevProcess)
    Buzzer                                   0x00002705   Thumb Code    34  buzzer.o(i.Buzzer)
    CLrBusinessText                          0x0000272d   Thumb Code    22  vendservice.o(i.CLrBusinessText)
    ChangePayoutProcessLevel3                0x00002745   Thumb Code   284  mdbcoindeviceoperation.o(i.ChangePayoutProcessLevel3)
    ChangerMoney                             0x000028d5   Thumb Code   108  vendservice.o(i.ChangerMoney)
    ClearDealPar                             0x00002995   Thumb Code    20  vendservice.o(i.ClearDealPar)
    CoinDevProcess                           0x00002a35   Thumb Code   332  mdbcoindeviceoperation.o(i.CoinDevProcess)
    CrcCheck                                 0x00002bbd   Thumb Code    78  paramdefine.o(i.CrcCheck)
    DispChaxunPage                           0x00002c0d   Thumb Code   404  vendservice.o(i.DispChaxunPage)
    DispChhuoFailPage                        0x00002ddd   Thumb Code    38  vendservice.o(i.DispChhuoFailPage)
    DispChuhuoPage                           0x00002e0d   Thumb Code    38  vendservice.o(i.DispChuhuoPage)
    DispEndPage                              0x00002e3d   Thumb Code    60  vendservice.o(i.DispEndPage)
    DispFreePage                             0x00002e81   Thumb Code   238  vendservice.o(i.DispFreePage)
    DispIOUPage                              0x00002fa1   Thumb Code    64  vendservice.o(i.DispIOUPage)
    DispPayoutPage                           0x00002fe9   Thumb Code    58  vendservice.o(i.DispPayoutPage)
    DispQuChangePage                         0x0000302d   Thumb Code    38  vendservice.o(i.DispQuChangePage)
    DispQuhuoPage                            0x0000305d   Thumb Code    38  vendservice.o(i.DispQuhuoPage)
    DispSalePage                             0x0000308d   Thumb Code   108  vendservice.o(i.DispSalePage)
    EINT1_IRQHandler                         0x00003105   Thumb Code    48  key.o(i.EINT1_IRQHandler)
    GetAmountMoney                           0x00003461   Thumb Code    24  vendservice.o(i.GetAmountMoney)
    GetMoney                                 0x00003489   Thumb Code   188  vendservice.o(i.GetMoney)
    I2C0Init                                 0x000035b1   Thumb Code    88  i2c.o(i.I2C0Init)
    I2C0RdNByte                              0x00003619   Thumb Code   138  i2c.o(i.I2C0RdNByte)
    I2C0WrNByte                              0x000036c5   Thumb Code   132  i2c.o(i.I2C0WrNByte)
    I2C0_IRQHandler                          0x00003769   Thumb Code   508  i2c.o(i.I2C0_IRQHandler)
    InitTimer                                0x00003985   Thumb Code   256  timer.o(i.InitTimer)
    InitTradeParam                           0x00003a95   Thumb Code   360  paramdefine.o(i.InitTradeParam)
    InitUart0                                0x00003d29   Thumb Code   124  uart0.o(i.InitUart0)
    InitVmcParam                             0x00003dc5   Thumb Code   334  paramdefine.o(i.InitVmcParam)
    IsErrorState                             0x00003ff5   Thumb Code   170  vendservice.o(i.IsErrorState)
    IsTuibiAPI                               0x000040f1   Thumb Code    22  vendservice.o(i.IsTuibiAPI)
    KeyBoardScan                             0x0000410d   Thumb Code   228  key.o(i.KeyBoardScan)
    KeyboardCtrl                             0x000041fd   Thumb Code    76  key.o(i.KeyboardCtrl)
    KeyboardInit                             0x00004255   Thumb Code   128  key.o(i.KeyboardInit)
    LCMBacklightControl                      0x000042f9   Thumb Code    40  lcm.o(i.LCMBacklightControl)
    LCMClearArea                             0x00004325   Thumb Code    60  lcm.o(i.LCMClearArea)
    LCMClearScreen                           0x00004361   Thumb Code    42  lcm.o(i.LCMClearScreen)
    LCMDrawline                              0x0000438b   Thumb Code    38  lcm.o(i.LCMDrawline)
    LCMInit                                  0x000043b1   Thumb Code    74  lcm.o(i.LCMInit)
    LCMPrintfOneAscIICh16x8                  0x000043fd   Thumb Code   214  lcm.o(i.LCMPrintfOneAscIICh16x8)
    LCMPrintfOneAscIICh32x16                 0x000044dd   Thumb Code   414  lcm.o(i.LCMPrintfOneAscIICh32x16)
    LCMPrintfOneChinese16x16                 0x00004685   Thumb Code   192  lcm.o(i.LCMPrintfOneChinese16x16)
    LCMSetXY                                 0x00004765   Thumb Code    34  lcm.o(i.LCMSetXY)
    LoadDefaultVmcParam                      0x00004789   Thumb Code   330  paramdefine.o(i.LoadDefaultVmcParam)
    LoadNewTradeParam                        0x00004969   Thumb Code   386  paramdefine.o(i.LoadNewTradeParam)
    LoadNewVmcParam                          0x00004c11   Thumb Code   326  paramdefine.o(i.LoadNewVmcParam)
    MDBConversation                          0x00004f79   Thumb Code   184  mdb.o(i.MDBConversation)
    Maintenance                              0x00008101   Thumb Code    60  maintenance.o(i.Maintenance)
    MdbBillResetAndSetup                     0x00008141   Thumb Code  1954  mdbbilldeviceoperation.o(i.MdbBillResetAndSetup)
    MdbBillTypeEanbleOrDisable               0x0000899d   Thumb Code   162  mdbbilldeviceoperation.o(i.MdbBillTypeEanbleOrDisable)
    MdbCoinGetTubeStatus                     0x00008a69   Thumb Code   202  mdbcoindeviceoperation.o(i.MdbCoinGetTubeStatus)
    MdbCoinResetAndSetup                     0x00008bb1   Thumb Code   808  mdbcoindeviceoperation.o(i.MdbCoinResetAndSetup)
    MdbCoinTypeEanbleOrDisable               0x000091a1   Thumb Code   112  mdbcoindeviceoperation.o(i.MdbCoinTypeEanbleOrDisable)
    MdbGetCoinValue                          0x00009215   Thumb Code    10  mdbcoindeviceoperation.o(i.MdbGetCoinValue)
    PinFuctionSelect                         0x00009315   Thumb Code    62  pinselect.o(i.PinFuctionSelect)
    PrintfMoney                              0x00009361   Thumb Code   102  paramdefine.o(i.PrintfMoney)
    RTCReadTime                              0x00009519   Thumb Code    52  rtc.o(i.RTCReadTime)
    RTCSetTime                               0x00009551   Thumb Code    48  rtc.o(i.RTCSetTime)
    ReadKeyValue                             0x00009585   Thumb Code    30  key.o(i.ReadKeyValue)
    SaleCostMoney                            0x000095a9   Thumb Code    50  vendservice.o(i.SaleCostMoney)
    SetSystemTimerValue                      0x00009675   Thumb Code    18  timer.o(i.SetSystemTimerValue)
    SysTick_Handler                          0x00009689   Thumb Code    46  port.o(i.SysTick_Handler)
    SystemInit                               0x000096bd   Thumb Code   298  system_lpc17xx.o(i.SystemInit)
    TIMER0_IRQHandler                        0x000097f1   Thumb Code    66  timer.o(i.TIMER0_IRQHandler)
    TIMER1_IRQHandler                        0x00009839   Thumb Code   164  timer.o(i.TIMER1_IRQHandler)
    TIMER2_IRQHandler                        0x000098f5   Thumb Code    66  timer.o(i.TIMER2_IRQHandler)
    TIMER3_IRQHandler                        0x00009945   Thumb Code   110  timer.o(i.TIMER3_IRQHandler)
    TimerCtrl                                0x00009de1   Thumb Code   114  timer.o(i.TimerCtrl)
    Trace                                    0x00009e61   Thumb Code    52  uart0.o(i.Trace)
    UART0_IRQHandler                         0x00009e95   Thumb Code   146  uart0.o(i.UART0_IRQHandler)
    UART2_IRQHandler                         0x00009f39   Thumb Code   238  mdb.o(i.UART2_IRQHandler)
    Uart0BuffIsNotEmpty                      0x0000a03d   Thumb Code    20  uart0.o(i.Uart0BuffIsNotEmpty)
    Uart0PutChar                             0x0000a059   Thumb Code    20  uart0.o(i.Uart0PutChar)
    UnpdateTubeMoney                         0x0000a071   Thumb Code   112  vendservice.o(i.UnpdateTubeMoney)
    VendService                              0x0000a0fd   Thumb Code    98  vendservice.o(i.VendService)
    __ARM_fpclassify                         0x0000a739   Thumb Code    40  fpclassify.o(i.__ARM_fpclassify)
    _is_digit                                0x0000a761   Thumb Code    14  __printf_wp.o(i._is_digit)
    main                                     0x0000a771   Thumb Code    52  main.o(i.main)
    pvPortMalloc                             0x0000ad31   Thumb Code   198  heap.o(i.pvPortMalloc)
    pvTaskIncrementMutexHeldCount            0x0000ae0d   Thumb Code    26  tasks.o(i.pvTaskIncrementMutexHeldCount)
    pxPortInitialiseStack                    0x0000ae2d   Thumb Code    30  port.o(i.pxPortInitialiseStack)
    uxListRemove                             0x0000ae51   Thumb Code    40  list.o(i.uxListRemove)
    vApplicationMallocFailedHook             0x0000ae79   Thumb Code    10  freertoshooks.o(i.vApplicationMallocFailedHook)
    vApplicationStackOverflowHook            0x0000aead   Thumb Code    32  freertoshooks.o(i.vApplicationStackOverflowHook)
    vApplicationTickHook                     0x0000aefd   Thumb Code     2  freertoshooks.o(i.vApplicationTickHook)
    vListInitialise                          0x0000aeff   Thumb Code    26  list.o(i.vListInitialise)
    vListInitialiseItem                      0x0000af19   Thumb Code     6  list.o(i.vListInitialiseItem)
    vListInsert                              0x0000af1f   Thumb Code    52  list.o(i.vListInsert)
    vListInsertEnd                           0x0000af53   Thumb Code    24  list.o(i.vListInsertEnd)
    vPortEnterCritical                       0x0000af6d   Thumb Code    30  port.o(i.vPortEnterCritical)
    vPortExitCritical                        0x0000af91   Thumb Code    28  port.o(i.vPortExitCritical)
    vPortFree                                0x0000afb1   Thumb Code    64  heap.o(i.vPortFree)
    vPortSetupTimerInterrupt                 0x0000aff9   Thumb Code    14  port.o(i.vPortSetupTimerInterrupt)
    vTaskDelay                               0x0000b00d   Thumb Code    46  tasks.o(i.vTaskDelay)
    vTaskMissedYield                         0x0000b041   Thumb Code     8  tasks.o(i.vTaskMissedYield)
    vTaskPlaceOnEventList                    0x0000b04d   Thumb Code    28  tasks.o(i.vTaskPlaceOnEventList)
    vTaskPriorityInherit                     0x0000b06d   Thumb Code   164  tasks.o(i.vTaskPriorityInherit)
    vTaskSetTimeOutState                     0x0000b11d   Thumb Code    14  tasks.o(i.vTaskSetTimeOutState)
    vTaskStartScheduler                      0x0000b135   Thumb Code    72  tasks.o(i.vTaskStartScheduler)
    vTaskSuspendAll                          0x0000b199   Thumb Code    12  tasks.o(i.vTaskSuspendAll)
    vTaskSwitchContext                       0x0000b1a9   Thumb Code   132  tasks.o(i.vTaskSwitchContext)
    xPortStartScheduler                      0x0000b241   Thumb Code    42  port.o(i.xPortStartScheduler)
    xQueueGenericCreate                      0x0000b275   Thumb Code    56  queue.o(i.xQueueGenericCreate)
    xQueueGenericReceive                     0x0000b2ad   Thumb Code   342  queue.o(i.xQueueGenericReceive)
    xQueueGenericReset                       0x0000b409   Thumb Code   122  queue.o(i.xQueueGenericReset)
    xQueueGenericSendFromISR                 0x0000b489   Thumb Code   134  queue.o(i.xQueueGenericSendFromISR)
    xTaskCheckForTimeOut                     0x0000b511   Thumb Code    84  tasks.o(i.xTaskCheckForTimeOut)
    xTaskCreate                              0x0000b56d   Thumb Code    96  tasks.o(i.xTaskCreate)
    xTaskIncrementTick                       0x0000b5cd   Thumb Code   252  tasks.o(i.xTaskIncrementTick)
    xTaskPriorityDisinherit                  0x0000b6f5   Thumb Code   122  tasks.o(i.xTaskPriorityDisinherit)
    xTaskRemoveFromEventList                 0x0000b779   Thumb Code   104  tasks.o(i.xTaskRemoveFromEventList)
    xTaskResumeAll                           0x0000b7f9   Thumb Code   196  tasks.o(i.xTaskResumeAll)
    _get_lc_numeric                          0x0000b8e1   Thumb Code    44  lc_numeric_c.o(locale$$code)
    _get_lc_ctype                            0x0000b90d   Thumb Code    44  lc_ctype_c.o(locale$$code)
    _printf_fp_dec                           0x0000b939   Thumb Code     4  printf1.o(x$fpl$printf1)
    UIMenu                                   0x0000b93c   Data         112  menu.o(.constdata)
    __I$use$fp                               0x0000b93c   Number         0  usenofp.o(x$fpl$usenofp)
    LoginUI                                  0x0000b9ac   Data          32  menu.o(.constdata)
    MaintenUI                                0x0000b9cc   Data          56  menu.o(.constdata)
    DevInfo                                  0x0000ba04   Data          40  menu.o(.constdata)
    DevConfig                                0x0000ba2c   Data         112  menu.o(.constdata)
    DevTest                                  0x0000ba9c   Data          48  menu.o(.constdata)
    BillTest                                 0x0000bacc   Data          80  menu.o(.constdata)
    CoinTest                                 0x0000bb1c   Data          88  menu.o(.constdata)
    CashlessTest                             0x0000bb74   Data          80  menu.o(.constdata)
    ChannelTest                              0x0000bbc4   Data          80  menu.o(.constdata)
    TradeConfig                              0x0000bc14   Data          56  menu.o(.constdata)
    TradeConfigGC                            0x0000bc4c   Data          72  menu.o(.constdata)
    TradeConfigBillEscrow                    0x0000bc94   Data          72  menu.o(.constdata)
    TradeConfigBillChannel                   0x0000bcdc   Data          72  menu.o(.constdata)
    TradeConfigCoinChannel                   0x0000bd24   Data          48  menu.o(.constdata)
    TradeConfigAddGoods                      0x0000bd54   Data         136  menu.o(.constdata)
    TradeLog                                 0x0000bddc   Data          56  menu.o(.constdata)
    KEYTABLE                                 0x0000be14   Data          18  key.o(.constdata)
    ASCII16X8INDEX                           0x0000be26   Data          93  lib.o(.constdata)
    ASCII16X8LIB                             0x0000be83   Data        1472  lib.o(.constdata)
    ASCII32X16INDEX                          0x0000c443   Data          12  lib.o(.constdata)
    ASCII32X16LIB                            0x0000c44f   Data         704  lib.o(.constdata)
    RMB                                      0x0000c70f   Data         128  lib.o(.constdata)
    CHINESE16X16INDEX                        0x0000c78f   Data         495  lib.o(.constdata)
    CHINESE16X16LIB                          0x0000c97e   Data        7904  lib.o(.constdata)
    Region$$Table$$Base                      0x0000f9cc   Number         0  anon$$obj.o(Region$$Table)
    Region$$Table$$Limit                     0x0000f9fc   Number         0  anon$$obj.o(Region$$Table)
    __ctype                                  0x0000fa25   Data           0  lc_ctype_c.o(locale$$data)
    SysError                                 0x2007c000   Data           4  paramdefine.o(.data)
    Rtc                                      0x2007c004   Data           7  paramdefine.o(.data)
    ChannelNum                               0x2007c00c   Data           3  vendservice.o(.data)
    BinNum                                   0x2007c00f   Data           2  vendservice.o(.data)
    channelInput                             0x2007c011   Data           1  vendservice.o(.data)
    vmcStatus                                0x2007c012   Data           1  vendservice.o(.data)
    vmcChangeLow                             0x2007c013   Data           1  vendservice.o(.data)
    isTuibi                                  0x2007c014   Data           1  vendservice.o(.data)
    vmcEorr                                  0x2007c015   Data           1  vendservice.o(.data)
    g_coinAmount                             0x2007c018   Data           4  vendservice.o(.data)
    g_billAmount                             0x2007c01c   Data           4  vendservice.o(.data)
    g_holdValue                              0x2007c020   Data           4  vendservice.o(.data)
    g_readerAmount                           0x2007c024   Data           4  vendservice.o(.data)
    vmcColumn                                0x2007c028   Data           2  vendservice.o(.data)
    vmcPrice                                 0x2007c02c   Data           4  vendservice.o(.data)
    transMul                                 0x2007c030   Data           1  vendservice.o(.data)
    MoneyMaxin                               0x2007c034   Data           4  vendservice.o(.data)
    PriceMaxin                               0x2007c038   Data           4  vendservice.o(.data)
    BillScale                                0x2007c03c   Data           4  mdbbilldeviceoperation.o(.data)
    CoinScale                                0x2007c044   Data           4  mdbcoindeviceoperation.o(.data)
    pxCurrentTCB                             0x2007c04c   Data           4  tasks.o(.data)
    Uart0RxdHead                             0x2007c0a4   Data           1  uart0.o(.data)
    Uart0RxdTail                             0x2007c0a5   Data           1  uart0.o(.data)
    KeyQueue                                 0x2007c0a8   Data           4  key.o(.data)
    SystemTimer                              0x2007c0ac   Data           4  timer.o(.data)
    I2C0_sla                                 0x2007c0cc   Data           1  i2c.o(.data)
    I2C0_suba                                0x2007c0d0   Data           4  i2c.o(.data)
    I2C0_suba_num                            0x2007c0d4   Data           1  i2c.o(.data)
    I2C0_buf                                 0x2007c0d8   Data           4  i2c.o(.data)
    I2C0_num                                 0x2007c0dc   Data           4  i2c.o(.data)
    I2C0_end                                 0x2007c0e0   Data           1  i2c.o(.data)
    I2C0_suba_en                             0x2007c0e1   Data           1  i2c.o(.data)
    MdbBufRIndex                             0x2007c0e2   Data           1  mdb.o(.data)
    MdbBufFIndex                             0x2007c0e3   Data           1  mdb.o(.data)
    MdbStatus                                0x2007c0e4   Data           1  mdb.o(.data)
    VMCParam                                 0x2007c0e8   Data         122  paramdefine.o(.bss)
    TradeParam                               0x2007c162   Data         152  paramdefine.o(.bss)
    TotalTradeLog                            0x2007c1fc   Data          36  paramdefine.o(.bss)
    SingleTradeLog                           0x2007c220   Data          24  paramdefine.o(.bss)
    MDBCoinDevice                            0x2007c238   Data          63  paramdefine.o(.bss)
    MDBBillDevice                            0x2007c278   Data         112  paramdefine.o(.bss)
    MdbBillErr                               0x2007c2e8   Data           9  paramdefine.o(.bss)
    MdbCoinErr                               0x2007c2f1   Data          10  paramdefine.o(.bss)
    Uart0RevBuff                             0x2007c3d8   Data          64  uart0.o(.bss)
    TimerForAPP                              0x2007c418   Data          32  timer.o(.bss)
    MdbBuffer                                0x2007c438   Data          36  mdb.o(.bss)
    __libspace_start                         0x2007c45c   Data          96  libspace.o(.bss)
    __temporary_stack_top$libspace           0x2007c4bc   Data           0  libspace.o(.bss)



==============================================================================

Memory Map of the image

  Image Entry point : 0x000000cd

  Load Region LR_IROM1 (Base: 0x00000000, Size: 0x0000fc10, Max: 0x00080000, ABSOLUTE)

    Execution Region ER_IROM1 (Base: 0x00000000, Size: 0x0000fb28, Max: 0x00080000, ABSOLUTE)

    Base Addr    Size         Type   Attr      Idx    E Section Name        Object

    0x00000000   0x000000cc   Data   RO         2587    RESET               startup_lpc17xx.o
    0x000000cc   0x00000008   Code   RO         2653  * !!!main             c_w.l(__main.o)
    0x000000d4   0x00000034   Code   RO         2935    !!!scatter          c_w.l(__scatter.o)
    0x00000108   0x0000001a   Code   RO         2937    !!handler_copy      c_w.l(__scatter_copy.o)
    0x00000122   0x00000002   PAD
    0x00000124   0x0000001c   Code   RO         2939    !!handler_zi        c_w.l(__scatter_zi.o)
    0x00000140   0x00000000   Code   RO         2634    .ARM.Collect$$_printf_percent$$00000000  c_w.l(_printf_percent.o)
    0x00000140   0x00000006   Code   RO         2701    .ARM.Collect$$_printf_percent$$00000001  c_w.l(_printf_n.o)
    0x00000146   0x00000006   Code   RO         2703    .ARM.Collect$$_printf_percent$$00000002  c_w.l(_printf_p.o)
    0x0000014c   0x00000006   Code   RO         2706    .ARM.Collect$$_printf_percent$$00000003  c_w.l(_printf_f.o)
    0x00000152   0x00000006   Code   RO         2707    .ARM.Collect$$_printf_percent$$00000004  c_w.l(_printf_e.o)
    0x00000158   0x00000006   Code   RO         2708    .ARM.Collect$$_printf_percent$$00000005  c_w.l(_printf_g.o)
    0x0000015e   0x00000006   Code   RO         2709    .ARM.Collect$$_printf_percent$$00000006  c_w.l(_printf_a.o)
    0x00000164   0x0000000a   Code   RO         2714    .ARM.Collect$$_printf_percent$$00000007  c_w.l(_printf_ll.o)
    0x0000016e   0x00000006   Code   RO         2705    .ARM.Collect$$_printf_percent$$00000008  c_w.l(_printf_i.o)
    0x00000174   0x00000006   Code   RO         2632    .ARM.Collect$$_printf_percent$$00000009  c_w.l(_printf_d.o)
    0x0000017a   0x00000006   Code   RO         2633    .ARM.Collect$$_printf_percent$$0000000A  c_w.l(_printf_u.o)
    0x00000180   0x00000006   Code   RO         2704    .ARM.Collect$$_printf_percent$$0000000B  c_w.l(_printf_o.o)
    0x00000186   0x00000006   Code   RO         2702    .ARM.Collect$$_printf_percent$$0000000C  c_w.l(_printf_x.o)
    0x0000018c   0x00000006   Code   RO         2711    .ARM.Collect$$_printf_percent$$0000000D  c_w.l(_printf_lli.o)
    0x00000192   0x00000006   Code   RO         2712    .ARM.Collect$$_printf_percent$$0000000E  c_w.l(_printf_lld.o)
    0x00000198   0x00000006   Code   RO         2713    .ARM.Collect$$_printf_percent$$0000000F  c_w.l(_printf_llu.o)
    0x0000019e   0x00000006   Code   RO         2718    .ARM.Collect$$_printf_percent$$00000010  c_w.l(_printf_llo.o)
    0x000001a4   0x00000006   Code   RO         2719    .ARM.Collect$$_printf_percent$$00000011  c_w.l(_printf_llx.o)
    0x000001aa   0x0000000a   Code   RO         2715    .ARM.Collect$$_printf_percent$$00000012  c_w.l(_printf_l.o)
    0x000001b4   0x00000006   Code   RO         2631    .ARM.Collect$$_printf_percent$$00000013  c_w.l(_printf_c.o)
    0x000001ba   0x00000006   Code   RO         2700    .ARM.Collect$$_printf_percent$$00000014  c_w.l(_printf_s.o)
    0x000001c0   0x00000006   Code   RO         2716    .ARM.Collect$$_printf_percent$$00000015  c_w.l(_printf_lc.o)
    0x000001c6   0x00000006   Code   RO         2717    .ARM.Collect$$_printf_percent$$00000016  c_w.l(_printf_ls.o)
    0x000001cc   0x00000004   Code   RO         2710    .ARM.Collect$$_printf_percent$$00000017  c_w.l(_printf_percent_end.o)
    0x000001d0   0x00000002   Code   RO         2795    .ARM.Collect$$libinit$$00000000  c_w.l(libinit.o)
    0x000001d2   0x00000000   Code   RO         2812    .ARM.Collect$$libinit$$00000002  c_w.l(libinit2.o)
    0x000001d2   0x00000000   Code   RO         2814    .ARM.Collect$$libinit$$00000004  c_w.l(libinit2.o)
    0x000001d2   0x00000000   Code   RO         2817    .ARM.Collect$$libinit$$0000000A  c_w.l(libinit2.o)
    0x000001d2   0x00000000   Code   RO         2819    .ARM.Collect$$libinit$$0000000C  c_w.l(libinit2.o)
    0x000001d2   0x00000000   Code   RO         2821    .ARM.Collect$$libinit$$0000000E  c_w.l(libinit2.o)
    0x000001d2   0x00000006   Code   RO         2822    .ARM.Collect$$libinit$$0000000F  c_w.l(libinit2.o)
    0x000001d8   0x00000000   Code   RO         2824    .ARM.Collect$$libinit$$00000011  c_w.l(libinit2.o)
    0x000001d8   0x0000000c   Code   RO         2825    .ARM.Collect$$libinit$$00000012  c_w.l(libinit2.o)
    0x000001e4   0x00000000   Code   RO         2826    .ARM.Collect$$libinit$$00000013  c_w.l(libinit2.o)
    0x000001e4   0x00000000   Code   RO         2828    .ARM.Collect$$libinit$$00000015  c_w.l(libinit2.o)
    0x000001e4   0x0000000a   Code   RO         2829    .ARM.Collect$$libinit$$00000016  c_w.l(libinit2.o)
    0x000001ee   0x00000000   Code   RO         2830    .ARM.Collect$$libinit$$00000017  c_w.l(libinit2.o)
    0x000001ee   0x00000000   Code   RO         2832    .ARM.Collect$$libinit$$00000019  c_w.l(libinit2.o)
    0x000001ee   0x00000000   Code   RO         2834    .ARM.Collect$$libinit$$0000001B  c_w.l(libinit2.o)
    0x000001ee   0x00000000   Code   RO         2836    .ARM.Collect$$libinit$$0000001D  c_w.l(libinit2.o)
    0x000001ee   0x00000000   Code   RO         2838    .ARM.Collect$$libinit$$0000001F  c_w.l(libinit2.o)
    0x000001ee   0x00000000   Code   RO         2840    .ARM.Collect$$libinit$$00000021  c_w.l(libinit2.o)
    0x000001ee   0x00000000   Code   RO         2842    .ARM.Collect$$libinit$$00000023  c_w.l(libinit2.o)
    0x000001ee   0x00000000   Code   RO         2844    .ARM.Collect$$libinit$$00000025  c_w.l(libinit2.o)
    0x000001ee   0x00000000   Code   RO         2848    .ARM.Collect$$libinit$$0000002C  c_w.l(libinit2.o)
    0x000001ee   0x00000000   Code   RO         2850    .ARM.Collect$$libinit$$0000002E  c_w.l(libinit2.o)
    0x000001ee   0x00000000   Code   RO         2852    .ARM.Collect$$libinit$$00000030  c_w.l(libinit2.o)
    0x000001ee   0x00000000   Code   RO         2854    .ARM.Collect$$libinit$$00000032  c_w.l(libinit2.o)
    0x000001ee   0x00000002   Code   RO         2855    .ARM.Collect$$libinit$$00000033  c_w.l(libinit2.o)
    0x000001f0   0x00000002   Code   RO         2875    .ARM.Collect$$libshutdown$$00000000  c_w.l(libshutdown.o)
    0x000001f2   0x00000000   Code   RO         2888    .ARM.Collect$$libshutdown$$00000002  c_w.l(libshutdown2.o)
    0x000001f2   0x00000000   Code   RO         2890    .ARM.Collect$$libshutdown$$00000004  c_w.l(libshutdown2.o)
    0x000001f2   0x00000000   Code   RO         2893    .ARM.Collect$$libshutdown$$00000007  c_w.l(libshutdown2.o)
    0x000001f2   0x00000000   Code   RO         2896    .ARM.Collect$$libshutdown$$0000000A  c_w.l(libshutdown2.o)
    0x000001f2   0x00000000   Code   RO         2898    .ARM.Collect$$libshutdown$$0000000C  c_w.l(libshutdown2.o)
    0x000001f2   0x00000000   Code   RO         2901    .ARM.Collect$$libshutdown$$0000000F  c_w.l(libshutdown2.o)
    0x000001f2   0x00000002   Code   RO         2902    .ARM.Collect$$libshutdown$$00000010  c_w.l(libshutdown2.o)
    0x000001f4   0x00000000   Code   RO         2655    .ARM.Collect$$rtentry$$00000000  c_w.l(__rtentry.o)
    0x000001f4   0x00000000   Code   RO         2725    .ARM.Collect$$rtentry$$00000002  c_w.l(__rtentry2.o)
    0x000001f4   0x00000006   Code   RO         2737    .ARM.Collect$$rtentry$$00000004  c_w.l(__rtentry4.o)
    0x000001fa   0x00000000   Code   RO         2727    .ARM.Collect$$rtentry$$00000009  c_w.l(__rtentry2.o)
    0x000001fa   0x00000004   Code   RO         2728    .ARM.Collect$$rtentry$$0000000A  c_w.l(__rtentry2.o)
    0x000001fe   0x00000000   Code   RO         2730    .ARM.Collect$$rtentry$$0000000C  c_w.l(__rtentry2.o)
    0x000001fe   0x00000008   Code   RO         2731    .ARM.Collect$$rtentry$$0000000D  c_w.l(__rtentry2.o)
    0x00000206   0x00000002   Code   RO         2804    .ARM.Collect$$rtexit$$00000000  c_w.l(rtexit.o)
    0x00000208   0x00000000   Code   RO         2857    .ARM.Collect$$rtexit$$00000002  c_w.l(rtexit2.o)
    0x00000208   0x00000004   Code   RO         2858    .ARM.Collect$$rtexit$$00000003  c_w.l(rtexit2.o)
    0x0000020c   0x00000006   Code   RO         2859    .ARM.Collect$$rtexit$$00000004  c_w.l(rtexit2.o)
    0x00000212   0x00000002   PAD
    0x00000214   0x00000096   Code   RO         1778    .emb_text           port.o
    0x000002aa   0x00000002   PAD
    0x000002ac   0x0000003c   Code   RO         2589    .text               startup_lpc17xx.o
    0x000002e8   0x00000010   Code   RO         2645    .text               c_w.l(aeabi_memset.o)
    0x000002f8   0x00000002   Code   RO         2878    .text               c_w.l(use_no_semi.o)
    0x000002fa   0x00000000   Code   RO         2880    .text               c_w.l(indicate_semi.o)
    0x000002fa   0x00000002   Code   RO         1941    i.vApplicationIdleHook  freertoshooks.o
    0x000002fc   0x00000004   Code   RO         2588    .ARM.__at_0x02FC    startup_lpc17xx.o
    0x00000300   0x00000024   Code   RO         2597    .text               c_w.l(c89vsprintf.o)
    0x00000324   0x0000002c   Code   RO         2599    .text               c_w.l(__2sprintf.o)
    0x00000350   0x0000004e   Code   RO         2605    .text               c_w.l(_printf_pad.o)
    0x0000039e   0x00000052   Code   RO         2607    .text               c_w.l(_printf_str.o)
    0x000003f0   0x00000078   Code   RO         2609    .text               c_w.l(_printf_dec.o)
    0x00000468   0x00000188   Code   RO         2628    .text               c_w.l(__printf_flags_ss_wp.o)
    0x000005f0   0x00000024   Code   RO         2635    .text               c_w.l(strstr.o)
    0x00000614   0x00000048   Code   RO         2637    .text               c_w.l(strcpy.o)
    0x0000065c   0x0000003e   Code   RO         2639    .text               c_w.l(strlen.o)
    0x0000069a   0x00000018   Code   RO         2641    .text               c_w.l(strcat.o)
    0x000006b2   0x0000008a   Code   RO         2643    .text               c_w.l(rt_memcpy_v6.o)
    0x0000073c   0x00000044   Code   RO         2647    .text               c_w.l(rt_memclr.o)
    0x00000780   0x0000004e   Code   RO         2649    .text               c_w.l(rt_memclr_w.o)
    0x000007ce   0x00000006   Code   RO         2651    .text               c_w.l(heapauxi.o)
    0x000007d4   0x00000024   Code   RO         2656    .text               c_w.l(_printf_truncate.o)
    0x000007f8   0x000000b2   Code   RO         2658    .text               c_w.l(_printf_intcommon.o)
    0x000008aa   0x00000028   Code   RO         2660    .text               c_w.l(_printf_charcount.o)
    0x000008d2   0x00000002   PAD
    0x000008d4   0x00000030   Code   RO         2662    .text               c_w.l(_printf_char_common.o)
    0x00000904   0x0000000a   Code   RO         2664    .text               c_w.l(_sputc.o)
    0x0000090e   0x0000002c   Code   RO         2666    .text               c_w.l(_printf_char.o)
    0x0000093a   0x00000002   PAD
    0x0000093c   0x000000bc   Code   RO         2668    .text               c_w.l(_printf_wctomb.o)
    0x000009f8   0x0000007c   Code   RO         2671    .text               c_w.l(_printf_longlong_dec.o)
    0x00000a74   0x00000070   Code   RO         2677    .text               c_w.l(_printf_oct_int_ll.o)
    0x00000ae4   0x00000094   Code   RO         2697    .text               c_w.l(_printf_hex_int_ll_ptr.o)
    0x00000b78   0x00000064   Code   RO         2720    .text               c_w.l(rt_memcpy_w.o)
    0x00000bdc   0x0000008a   Code   RO         2739    .text               c_w.l(lludiv10.o)
    0x00000c66   0x0000041a   Code   RO         2741    .text               c_w.l(_printf_fp_dec.o)
    0x00001080   0x0000002c   Code   RO         2745    .text               c_w.l(_printf_wchar.o)
    0x000010ac   0x00000040   Code   RO         2747    .text               c_w.l(_wcrtomb.o)
    0x000010ec   0x0000004a   Code   RO         2749    .text               c_w.l(sys_stackheap_outer.o)
    0x00001136   0x00000002   PAD
    0x00001138   0x00000010   Code   RO         2751    .text               c_w.l(rt_ctype_table.o)
    0x00001148   0x00000008   Code   RO         2756    .text               c_w.l(rt_locale_intlibspace.o)
    0x00001150   0x00000080   Code   RO         2758    .text               c_w.l(_printf_fp_infnan.o)
    0x000011d0   0x000000dc   Code   RO         2760    .text               c_w.l(bigflt0.o)
    0x000012ac   0x00000012   Code   RO         2788    .text               c_w.l(exit.o)
    0x000012be   0x00000002   PAD
    0x000012c0   0x00000008   Code   RO         2801    .text               c_w.l(libspace.o)
    0x000012c8   0x00000080   Code   RO         2809    .text               c_w.l(strcmpv7m.o)
    0x00001348   0x0000000c   Code   RO         2867    .text               c_w.l(sys_exit.o)
    0x00001354   0x0000003e   Code   RO         2763    CL$$btod_d2e        c_w.l(btod.o)
    0x00001392   0x00000046   Code   RO         2765    CL$$btod_d2e_denorm_low  c_w.l(btod.o)
    0x000013d8   0x00000060   Code   RO         2764    CL$$btod_d2e_norm_op1  c_w.l(btod.o)
    0x00001438   0x00000338   Code   RO         2773    CL$$btod_div_common  c_w.l(btod.o)
    0x00001770   0x000000c6   Code   RO         2770    CL$$btod_e2e        c_w.l(btod.o)
    0x00001836   0x00000028   Code   RO         2767    CL$$btod_ediv       c_w.l(btod.o)
    0x0000185e   0x00000028   Code   RO         2766    CL$$btod_emul       c_w.l(btod.o)
    0x00001886   0x00000244   Code   RO         2772    CL$$btod_mult_common  c_w.l(btod.o)
    0x00001aca   0x00000008   Code   RO          933    i.API_BUZZER_Buzzer  keyboard.o
    0x00001ad2   0x00000024   Code   RO          835    i.API_COM_Init      com.o
    0x00001af6   0x00000026   Code   RO          837    i.API_COM_RecBufferIsNotEmpty  com.o
    0x00001b1c   0x00000008   Code   RO          969    i.API_FRAM_Init     fram.o
    0x00001b24   0x0000001a   Code   RO          970    i.API_FRAM_ReadFram  fram.o
    0x00001b3e   0x0000001a   Code   RO          971    i.API_FRAM_WriteFram  fram.o
    0x00001b58   0x00000008   Code   RO          935    i.API_KEY_KeyboardInit  keyboard.o
    0x00001b60   0x00000008   Code   RO          936    i.API_KEY_ReadKey   keyboard.o
    0x00001b68   0x0000001c   Code   RO          868    i.API_LCM_ClearArea  display.o
    0x00001b84   0x00000008   Code   RO          869    i.API_LCM_ClearScreen  display.o
    0x00001b8c   0x00000010   Code   RO          870    i.API_LCM_DrawLine  display.o
    0x00001b9c   0x00000008   Code   RO          871    i.API_LCM_Init      display.o
    0x00001ba4   0x000000b4   Code   RO          872    i.API_LCM_Printf    display.o
    0x00001c58   0x0000003a   Code   RO          715    i.API_MDB_BillType_BillDevice  billvalidatorrecycler.o
    0x00001c92   0x00000036   Code   RO          637    i.API_MDB_CoinType_CoinDevice  coinacceptorchanger.o
    0x00001cc8   0x0000013c   Code   RO          716    i.API_MDB_Escrow_BillDevice  billvalidatorrecycler.o
    0x00001e04   0x00000036   Code   RO          638    i.API_MDB_ExpanDiagStatus_CoinDevice  coinacceptorchanger.o
    0x00001e3a   0x0000003e   Code   RO          639    i.API_MDB_ExpanFeatureEnable_CoinDevice  coinacceptorchanger.o
    0x00001e78   0x00000026   Code   RO          640    i.API_MDB_ExpanIdentification_CoinDevice  coinacceptorchanger.o
    0x00001e9e   0x00000002   PAD
    0x00001ea0   0x00000068   Code   RO          641    i.API_MDB_ExpanPayoutStatus_CoinDevice  coinacceptorchanger.o
    0x00001f08   0x00000078   Code   RO          642    i.API_MDB_ExpanPayoutValuePoll_CoinDevice  coinacceptorchanger.o
    0x00001f80   0x0000002a   Code   RO          643    i.API_MDB_ExpanPayout_CoinDevice  coinacceptorchanger.o
    0x00001faa   0x0000003e   Code   RO          717    i.API_MDB_L2FeatureEnable_BillDevice  billvalidatorrecycler.o
    0x00001fe8   0x00000024   Code   RO          718    i.API_MDB_L2IdentificationWithOptBit_BillDevice  billvalidatorrecycler.o
    0x0000200c   0x0000001c   Code   RO          719    i.API_MDB_Poll_BillDevice  billvalidatorrecycler.o
    0x00002028   0x0000001c   Code   RO          644    i.API_MDB_Poll_CoinDevice  coinacceptorchanger.o
    0x00002044   0x00000018   Code   RO          721    i.API_MDB_Reset_BillDevice  billvalidatorrecycler.o
    0x0000205c   0x00000018   Code   RO          645    i.API_MDB_Reset_CoinDevice  coinacceptorchanger.o
    0x00002074   0x0000001c   Code   RO          723    i.API_MDB_Setup_BillDevice  billvalidatorrecycler.o
    0x00002090   0x0000001c   Code   RO          646    i.API_MDB_Setup_CoinDevice  coinacceptorchanger.o
    0x000020ac   0x000000b4   Code   RO          724    i.API_MDB_Stacker_BillDevice  billvalidatorrecycler.o
    0x00002160   0x0000001c   Code   RO          647    i.API_MDB_TubeStatus_CoinDevice  coinacceptorchanger.o
    0x0000217c   0x00000080   Code   RO         2464    i.API_MDB_UartInit  mdb.o
    0x000021fc   0x0000000c   Code   RO          996    i.API_RTC_Read      realtimeclock.o
    0x00002208   0x0000000c   Code   RO          998    i.API_RTC_Write     realtimeclock.o
    0x00002214   0x00000008   Code   RO          596    i.API_SYSTEM_PinFuctionSelect  system.o
    0x0000221c   0x00000020   Code   RO          597    i.API_SYSTEM_TimerChannelSet  system.o
    0x0000223c   0x0000002c   Code   RO          598    i.API_SYSTEM_TimerInit  system.o
    0x00002268   0x00000018   Code   RO          599    i.API_SYSTEM_TimerReadChannelValue  system.o
    0x00002280   0x000000ec   Code   RO          270    i.BillCoinCtr       vendservice.o
    0x0000236c   0x00000398   Code   RO          497    i.BillDevProcess    mdbbilldeviceoperation.o
    0x00002704   0x00000028   Code   RO         2413    i.Buzzer            buzzer.o
    0x0000272c   0x00000016   Code   RO          271    i.CLrBusinessText   vendservice.o
    0x00002742   0x00000002   PAD
    0x00002744   0x00000190   Code   RO          531    i.ChangePayoutProcessLevel3  mdbcoindeviceoperation.o
    0x000028d4   0x000000c0   Code   RO          272    i.ChangerMoney      vendservice.o
    0x00002994   0x00000020   Code   RO          273    i.ClearDealPar      vendservice.o
    0x000029b4   0x00000080   Code   RO         2258    i.ClrAllKeyRow      key.o
    0x00002a34   0x00000188   Code   RO          532    i.CoinDevProcess    mdbcoindeviceoperation.o
    0x00002bbc   0x0000004e   Code   RO          132    i.CrcCheck          paramdefine.o
    0x00002c0a   0x00000002   PAD
    0x00002c0c   0x000001d0   Code   RO          274    i.DispChaxunPage    vendservice.o
    0x00002ddc   0x00000030   Code   RO          275    i.DispChhuoFailPage  vendservice.o
    0x00002e0c   0x00000030   Code   RO          276    i.DispChuhuoPage    vendservice.o
    0x00002e3c   0x00000044   Code   RO          277    i.DispEndPage       vendservice.o
    0x00002e80   0x00000120   Code   RO          278    i.DispFreePage      vendservice.o
    0x00002fa0   0x00000048   Code   RO          279    i.DispIOUPage       vendservice.o
    0x00002fe8   0x00000044   Code   RO          280    i.DispPayoutPage    vendservice.o
    0x0000302c   0x00000030   Code   RO          281    i.DispQuChangePage  vendservice.o
    0x0000305c   0x00000030   Code   RO          282    i.DispQuhuoPage     vendservice.o
    0x0000308c   0x00000078   Code   RO          283    i.DispSalePage      vendservice.o
    0x00003104   0x0000003c   Code   RO         2259    i.EINT1_IRQHandler  key.o
    0x00003140   0x00000154   Code   RO          435    i.EnterMaintenance  maintenance.o
    0x00003294   0x00000130   Code   RO          436    i.Errcheck          maintenance.o
    0x000033c4   0x00000010   Code   RO         2260    i.GPIOChangeDirectionDelay  key.o
    0x000033d4   0x0000008c   Code   RO         2261    i.GetAKeyRowValue   key.o
    0x00003460   0x00000028   Code   RO          284    i.GetAmountMoney    vendservice.o
    0x00003488   0x00000128   Code   RO          285    i.GetMoney          vendservice.o
    0x000035b0   0x00000068   Code   RO         2425    i.I2C0Init          i2c.o
    0x00003618   0x000000ac   Code   RO         2426    i.I2C0RdNByte       i2c.o
    0x000036c4   0x000000a4   Code   RO         2427    i.I2C0WrNByte       i2c.o
    0x00003768   0x0000021c   Code   RO         2428    i.I2C0_IRQHandler   i2c.o
    0x00003984   0x00000110   Code   RO         2343    i.InitTimer         timer.o
    0x00003a94   0x00000294   Code   RO          136    i.InitTradeParam    paramdefine.o
    0x00003d28   0x0000009c   Code   RO         1994    i.InitUart0         uart0.o
    0x00003dc4   0x00000230   Code   RO          137    i.InitVmcParam      paramdefine.o
    0x00003ff4   0x000000fc   Code   RO          286    i.IsErrorState      vendservice.o
    0x000040f0   0x0000001c   Code   RO          287    i.IsTuibiAPI        vendservice.o
    0x0000410c   0x000000f0   Code   RO         2262    i.KeyBoardScan      key.o
    0x000041fc   0x00000058   Code   RO         2264    i.KeyboardCtrl      key.o
    0x00004254   0x000000a4   Code   RO         2265    i.KeyboardInit      key.o
    0x000042f8   0x0000002c   Code   RO         2177    i.LCMBacklightControl  lcm.o
    0x00004324   0x0000003c   Code   RO         2178    i.LCMClearArea      lcm.o
    0x00004360   0x0000002a   Code   RO         2179    i.LCMClearScreen    lcm.o
    0x0000438a   0x00000026   Code   RO         2180    i.LCMDrawline       lcm.o
    0x000043b0   0x0000004a   Code   RO         2181    i.LCMInit           lcm.o
    0x000043fa   0x00000002   PAD
    0x000043fc   0x000000e0   Code   RO         2182    i.LCMPrintfOneAscIICh16x8  lcm.o
    0x000044dc   0x000001a8   Code   RO         2183    i.LCMPrintfOneAscIICh32x16  lcm.o
    0x00004684   0x000000c8   Code   RO         2184    i.LCMPrintfOneChinese16x16  lcm.o
    0x0000474c   0x00000018   Code   RO         2185    i.LCMPutChar        lcm.o
    0x00004764   0x00000022   Code   RO         2186    i.LCMSetXY          lcm.o
    0x00004786   0x00000002   PAD
    0x00004788   0x000001e0   Code   RO          138    i.LoadDefaultVmcParam  paramdefine.o
    0x00004968   0x000002a8   Code   RO          141    i.LoadNewTradeParam  paramdefine.o
    0x00004c10   0x000001f0   Code   RO          142    i.LoadNewVmcParam   paramdefine.o
    0x00004e00   0x00000178   Code   RO          437    i.Login             maintenance.o
    0x00004f78   0x000000c8   Code   RO         2465    i.MDBConversation   mdb.o
    0x00005040   0x00000a6c   Code   RO          438    i.MaintenDevConfig  maintenance.o
    0x00005aac   0x000001c8   Code   RO          439    i.MaintenDevInfo    maintenance.o
    0x00005c74   0x00000294   Code   RO          440    i.MaintenDevTest    maintenance.o
    0x00005f08   0x000020c8   Code   RO          441    i.MaintenTradeConfig  maintenance.o
    0x00007fd0   0x00000130   Code   RO          442    i.MaintenTradeLog   maintenance.o
    0x00008100   0x00000040   Code   RO          443    i.Maintenance       maintenance.o
    0x00008140   0x0000085c   Code   RO          498    i.MdbBillResetAndSetup  mdbbilldeviceoperation.o
    0x0000899c   0x000000a8   Code   RO          499    i.MdbBillTypeEanbleOrDisable  mdbbilldeviceoperation.o
    0x00008a44   0x00000024   Code   RO         2466    i.MdbBufferClr      mdb.o
    0x00008a68   0x00000148   Code   RO          533    i.MdbCoinGetTubeStatus  mdbcoindeviceoperation.o
    0x00008bb0   0x000005f0   Code   RO          535    i.MdbCoinResetAndSetup  mdbcoindeviceoperation.o
    0x000091a0   0x00000074   Code   RO          536    i.MdbCoinTypeEanbleOrDisable  mdbcoindeviceoperation.o
    0x00009214   0x00000010   Code   RO          537    i.MdbGetCoinValue   mdbcoindeviceoperation.o
    0x00009224   0x0000005c   Code   RO         2467    i.MdbPutCh          mdb.o
    0x00009280   0x00000028   Code   RO         2468    i.MdbSetParityMode  mdb.o
    0x000092a8   0x00000018   Code   RO         2266    i.NVIC_DisableIRQ   key.o
    0x000092c0   0x00000016   Code   RO         2267    i.NVIC_EnableIRQ    key.o
    0x000092d6   0x00000016   Code   RO         2344    i.NVIC_EnableIRQ    timer.o
    0x000092ec   0x00000028   Code   RO         2345    i.NVIC_SetPriority  timer.o
    0x00009314   0x0000004c   Code   RO         2137    i.PinFuctionSelect  pinselect.o
    0x00009360   0x0000007c   Code   RO          143    i.PrintfMoney       paramdefine.o
    0x000093dc   0x00000074   Code   RO         2187    i.PutByteIntoSimSpiBus  lcm.o
    0x00009450   0x00000064   Code   RO         2188    i.PutCmdIntoLcmController  lcm.o
    0x000094b4   0x00000064   Code   RO         2189    i.PutDataIntoLcmController  lcm.o
    0x00009518   0x00000038   Code   RO         2154    i.RTCReadTime       rtc.o
    0x00009550   0x00000034   Code   RO         2155    i.RTCSetTime        rtc.o
    0x00009584   0x00000024   Code   RO         2268    i.ReadKeyValue      key.o
    0x000095a8   0x0000003c   Code   RO          288    i.SaleCostMoney     vendservice.o
    0x000095e4   0x00000068   Code   RO         2269    i.SetAKeyColOutputLow  key.o
    0x0000964c   0x00000028   Code   RO         2270    i.SetAllkeyColInput  key.o
    0x00009674   0x00000012   Code   RO         2346    i.SetSystemTimerValue  timer.o
    0x00009686   0x00000002   PAD
    0x00009688   0x00000034   Code   RO         1779    i.SysTick_Handler   port.o
    0x000096bc   0x00000134   Code   RO         2562    i.SystemInit        system_lpc17xx.o
    0x000097f0   0x00000048   Code   RO         2347    i.TIMER0_IRQHandler  timer.o
    0x00009838   0x000000bc   Code   RO         2348    i.TIMER1_IRQHandler  timer.o
    0x000098f4   0x00000050   Code   RO         2349    i.TIMER2_IRQHandler  timer.o
    0x00009944   0x00000094   Code   RO         2350    i.TIMER3_IRQHandler  timer.o
    0x000099d8   0x00000188   Code   RO          444    i.TestBillValidator  maintenance.o
    0x00009b60   0x00000280   Code   RO          445    i.TestCoinValidator  maintenance.o
    0x00009de0   0x00000080   Code   RO         2351    i.TimerCtrl         timer.o
    0x00009e60   0x00000034   Code   RO         1995    i.Trace             uart0.o
    0x00009e94   0x000000a4   Code   RO         1996    i.UART0_IRQHandler  uart0.o
    0x00009f38   0x00000104   Code   RO         2469    i.UART2_IRQHandler  mdb.o
    0x0000a03c   0x0000001c   Code   RO         1997    i.Uart0BuffIsNotEmpty  uart0.o
    0x0000a058   0x00000018   Code   RO         1999    i.Uart0PutChar      uart0.o
    0x0000a070   0x0000008c   Code   RO          289    i.UnpdateTubeMoney  vendservice.o
    0x0000a0fc   0x00000068   Code   RO          290    i.VendService       vendservice.o
    0x0000a164   0x0000002c   Code   RO          291    i.VendingIdle       vendservice.o
    0x0000a190   0x00000570   Code   RO          292    i.VendingService    vendservice.o
    0x0000a700   0x00000038   Code   RO         2429    i.Wait_I2C0_End     i2c.o
    0x0000a738   0x00000028   Code   RO         2799    i.__ARM_fpclassify  m_ws.l(fpclassify.o)
    0x0000a760   0x0000000e   Code   RO         2621    i._is_digit         c_w.l(__printf_wp.o)
    0x0000a76e   0x00000002   PAD
    0x0000a770   0x00000054   Code   RO            1    i.main              main.o
    0x0000a7c4   0x00000098   Code   RO         1415    i.prvAddCurrentTaskToDelayedList  tasks.o
    0x0000a85c   0x000000b8   Code   RO         1416    i.prvAddNewTaskToReadyList  tasks.o
    0x0000a914   0x00000064   Code   RO         1417    i.prvCheckTasksWaitingTermination  tasks.o
    0x0000a978   0x0000002a   Code   RO         1226    i.prvCopyDataFromQueue  queue.o
    0x0000a9a2   0x0000007c   Code   RO         1227    i.prvCopyDataToQueue  queue.o
    0x0000aa1e   0x00000012   Code   RO         1418    i.prvDeleteTCB      tasks.o
    0x0000aa30   0x00000064   Code   RO         1876    i.prvHeapInit       heap.o
    0x0000aa94   0x0000002c   Code   RO         1419    i.prvIdleTask       tasks.o
    0x0000aac0   0x0000002a   Code   RO         1229    i.prvInitialiseNewQueue  queue.o
    0x0000aaea   0x00000090   Code   RO         1420    i.prvInitialiseNewTask  tasks.o
    0x0000ab7a   0x00000002   PAD
    0x0000ab7c   0x00000068   Code   RO         1421    i.prvInitialiseTaskLists  tasks.o
    0x0000abe4   0x00000068   Code   RO         1877    i.prvInsertBlockIntoFreeList  heap.o
    0x0000ac4c   0x0000001a   Code   RO         1230    i.prvIsQueueEmpty   queue.o
    0x0000ac66   0x00000002   PAD
    0x0000ac68   0x00000034   Code   RO         1423    i.prvResetNextTaskUnblockTime  tasks.o
    0x0000ac9c   0x00000016   Code   RO         1780    i.prvTaskExitError  port.o
    0x0000acb2   0x0000007e   Code   RO         1232    i.prvUnlockQueue    queue.o
    0x0000ad30   0x000000dc   Code   RO         1878    i.pvPortMalloc      heap.o
    0x0000ae0c   0x00000020   Code   RO         1427    i.pvTaskIncrementMutexHeldCount  tasks.o
    0x0000ae2c   0x00000024   Code   RO         1781    i.pxPortInitialiseStack  port.o
    0x0000ae50   0x00000028   Code   RO         1189    i.uxListRemove      list.o
    0x0000ae78   0x00000034   Code   RO         1942    i.vApplicationMallocFailedHook  freertoshooks.o
    0x0000aeac   0x00000050   Code   RO         1943    i.vApplicationStackOverflowHook  freertoshooks.o
    0x0000aefc   0x00000002   Code   RO         1944    i.vApplicationTickHook  freertoshooks.o
    0x0000aefe   0x0000001a   Code   RO         1190    i.vListInitialise   list.o
    0x0000af18   0x00000006   Code   RO         1191    i.vListInitialiseItem  list.o
    0x0000af1e   0x00000034   Code   RO         1192    i.vListInsert       list.o
    0x0000af52   0x00000018   Code   RO         1193    i.vListInsertEnd    list.o
    0x0000af6a   0x00000002   PAD
    0x0000af6c   0x00000024   Code   RO         1783    i.vPortEnterCritical  port.o
    0x0000af90   0x00000020   Code   RO         1784    i.vPortExitCritical  port.o
    0x0000afb0   0x00000048   Code   RO         1879    i.vPortFree         heap.o
    0x0000aff8   0x00000014   Code   RO         1785    i.vPortSetupTimerInterrupt  port.o
    0x0000b00c   0x00000034   Code   RO         1436    i.vTaskDelay        tasks.o
    0x0000b040   0x0000000c   Code   RO         1442    i.vTaskMissedYield  tasks.o
    0x0000b04c   0x00000020   Code   RO         1444    i.vTaskPlaceOnEventList  tasks.o
    0x0000b06c   0x000000b0   Code   RO         1446    i.vTaskPriorityInherit  tasks.o
    0x0000b11c   0x00000018   Code   RO         1450    i.vTaskSetTimeOutState  tasks.o
    0x0000b134   0x00000064   Code   RO         1451    i.vTaskStartScheduler  tasks.o
    0x0000b198   0x00000010   Code   RO         1453    i.vTaskSuspendAll   tasks.o
    0x0000b1a8   0x00000098   Code   RO         1454    i.vTaskSwitchContext  tasks.o
    0x0000b240   0x00000034   Code   RO         1786    i.xPortStartScheduler  port.o
    0x0000b274   0x00000038   Code   RO         1243    i.xQueueGenericCreate  queue.o
    0x0000b2ac   0x0000015c   Code   RO         1244    i.xQueueGenericReceive  queue.o
    0x0000b408   0x00000080   Code   RO         1245    i.xQueueGenericReset  queue.o
    0x0000b488   0x00000086   Code   RO         1247    i.xQueueGenericSendFromISR  queue.o
    0x0000b50e   0x00000002   PAD
    0x0000b510   0x0000005c   Code   RO         1455    i.xTaskCheckForTimeOut  tasks.o
    0x0000b56c   0x00000060   Code   RO         1456    i.xTaskCreate       tasks.o
    0x0000b5cc   0x00000128   Code   RO         1462    i.xTaskIncrementTick  tasks.o
    0x0000b6f4   0x00000084   Code   RO         1465    i.xTaskPriorityDisinherit  tasks.o
    0x0000b778   0x00000080   Code   RO         1466    i.xTaskRemoveFromEventList  tasks.o
    0x0000b7f8   0x000000e8   Code   RO         1468    i.xTaskResumeAll    tasks.o
    0x0000b8e0   0x0000002c   Code   RO         2786    locale$$code        c_w.l(lc_numeric_c.o)
    0x0000b90c   0x0000002c   Code   RO         2807    locale$$code        c_w.l(lc_ctype_c.o)
    0x0000b938   0x00000004   Code   RO         2722    x$fpl$printf1       fz_ws.l(printf1.o)
    0x0000b93c   0x00000000   Code   RO         2798    x$fpl$usenofp       fz_ws.l(usenofp.o)
    0x0000b93c   0x000004d8   Data   RO          583    .constdata          menu.o
    0x0000be14   0x00000012   Data   RO         2271    .constdata          key.o
    0x0000be26   0x00002a38   Data   RO         2555    .constdata          lib.o
    0x0000e85e   0x00000011   Data   RO         2629    .constdata          c_w.l(__printf_flags_ss_wp.o)
    0x0000e86f   0x00000001   PAD
    0x0000e870   0x00000008   Data   RO         2669    .constdata          c_w.l(_printf_wctomb.o)
    0x0000e878   0x00000028   Data   RO         2698    .constdata          c_w.l(_printf_hex_int_ll_ptr.o)
    0x0000e8a0   0x00000094   Data   RO         2761    .constdata          c_w.l(bigflt0.o)
    0x0000e934   0x00000049   Data   RO          500    .conststring        mdbbilldeviceoperation.o
    0x0000e97d   0x00000003   PAD
    0x0000e980   0x00000089   Data   RO          538    .conststring        mdbcoindeviceoperation.o
    0x0000ea09   0x00000003   PAD
    0x0000ea0c   0x00000fc0   Data   RO          584    .conststring        menu.o
    0x0000f9cc   0x00000030   Data   RO         2933    Region$$Table       anon$$obj.o
    0x0000f9fc   0x0000001c   Data   RO         2785    locale$$data        c_w.l(lc_numeric_c.o)
    0x0000fa18   0x00000110   Data   RO         2806    locale$$data        c_w.l(lc_ctype_c.o)


    Execution Region RW_IRAM1 (Base: 0x10000000, Size: 0x00004000, Max: 0x00008000, ABSOLUTE)

    Base Addr    Size         Type   Attr      Idx    E Section Name        Object

    0x10000000   0x00004000   Zero   RW         1883    .bss                heap.o


    Execution Region RW_IRAM2 (Base: 0x2007c000, Size: 0x000006c0, Max: 0x00008000, ABSOLUTE)

    Base Addr    Size         Type   Attr      Idx    E Section Name        Object

    0x2007c000   0x0000000b   Data   RW          145    .data               paramdefine.o
    0x2007c00b   0x00000001   PAD
    0x2007c00c   0x00000030   Data   RW          293    .data               vendservice.o
    0x2007c03c   0x00000005   Data   RW          501    .data               mdbbilldeviceoperation.o
    0x2007c041   0x00000003   PAD
    0x2007c044   0x00000005   Data   RW          539    .data               mdbcoindeviceoperation.o
    0x2007c049   0x00000003   PAD
    0x2007c04c   0x0000003c   Data   RW         1471    .data               tasks.o
    0x2007c088   0x00000004   Data   RW         1787    .data               port.o
    0x2007c08c   0x00000018   Data   RW         1884    .data               heap.o
    0x2007c0a4   0x00000002   Data   RW         2002    .data               uart0.o
    0x2007c0a6   0x00000002   PAD
    0x2007c0a8   0x00000004   Data   RW         2272    .data               key.o
    0x2007c0ac   0x00000020   Data   RW         2353    .data               timer.o
    0x2007c0cc   0x00000016   Data   RW         2430    .data               i2c.o
    0x2007c0e2   0x00000004   Data   RW         2471    .data               mdb.o
    0x2007c0e6   0x00000002   PAD
    0x2007c0e8   0x00000213   Zero   RW          144    .bss                paramdefine.o
    0x2007c2fb   0x00000001   PAD
    0x2007c2fc   0x000000dc   Zero   RW         1470    .bss                tasks.o
    0x2007c3d8   0x00000040   Zero   RW         2001    .bss                uart0.o
    0x2007c418   0x00000020   Zero   RW         2352    .bss                timer.o
    0x2007c438   0x00000024   Zero   RW         2470    .bss                mdb.o
    0x2007c45c   0x00000060   Zero   RW         2802    .bss                c_w.l(libspace.o)
    0x2007c4bc   0x00000004   PAD
    0x2007c4c0   0x00000000   Zero   RW         2586    HEAP                startup_lpc17xx.o
    0x2007c4c0   0x00000200   Zero   RW         2585    STACK               startup_lpc17xx.o


==============================================================================

Image component sizes


      Code (inc. data)   RO Data    RW Data    ZI Data      Debug   Object Name

       732        192          0          0          0       5488   billvalidatorrecycler.o
        40          6          0          0          0        409   buzzer.o
       582         66          0          0          0       7378   coinacceptorchanger.o
        74          0          0          0          0       1101   com.o
         0          0          0          0          0       7132   croutine.o
       240          0          0          0          0       3389   display.o
         0          0          0          0          0       9236   event_groups.o
        60          0          0          0          0       1689   fram.o
       136         90          0          0          0       7313   freertoshooks.o
       496         60          0         24      16384       3579   heap.o
      1036        134          0         22          0       3944   i2c.o
      1062        110         18          4          0      23714   key.o
        24          0          0          0          0       1289   keyboard.o
      1480         44          0          0          0       7881   lcm.o
         0          0      10808          0          0        710   lib.o
       148          0          0          0          0       2846   list.o
        84         32          0          0          0       4911   main.o
     14596        568          0          0          0      12322   maintenance.o
       756         80          0          4         36       5096   mdb.o
      3228       1430         73          5          0       4073   mdbbilldeviceoperation.o
      2772       1038        137          5          0       6062   mdbcoindeviceoperation.o
         0          0       5272          0          0       5567   menu.o
      3078       1162          0         11        531       9827   paramdefine.o
        76         14          0          0          0        439   pinselect.o
       400         50          0          4          0      10812   port.o
      1026         12          0          0          0      10877   queue.o
        24          0          0          0          0        971   realtimeclock.o
       108          8          0          0          0        967   rtc.o
        64         26        204          0        512        980   startup_lpc17xx.o
       108         18          0          0          0       2065   system.o
       308         10          0          0          0        557   system_lpc17xx.o
      2370        338          0         60        220      25282   tasks.o
       968        120          0         32         32      22494   timer.o
       424         62          0          2         64      42300   uart0.o
      4110        940          0         48          0      14758   vendservice.o

    ----------------------------------------------------------------------
     40632       6610      16566        232      17780     267458   Object Totals
         0          0         48          0          0          0   (incl. Generated)
        22          0          6         11          1          0   (incl. Padding)

    ----------------------------------------------------------------------

      Code (inc. data)   RO Data    RW Data    ZI Data      Debug   Library Member Name

        44          6          0          0          0         84   __2sprintf.o
         8          0          0          0          0         68   __main.o
       392          4         17          0          0         92   __printf_flags_ss_wp.o
        14          0          0          0          0         68   __printf_wp.o
         0          0          0          0          0          0   __rtentry.o
        12          0          0          0          0          0   __rtentry2.o
         6          0          0          0          0          0   __rtentry4.o
        52          8          0          0          0          0   __scatter.o
        26          0          0          0          0          0   __scatter_copy.o
        28          0          0          0          0          0   __scatter_zi.o
         6          0          0          0          0          0   _printf_a.o
         6          0          0          0          0          0   _printf_c.o
        44          0          0          0          0        108   _printf_char.o
        48          6          0          0          0         96   _printf_char_common.o
        40          0          0          0          0         68   _printf_charcount.o
         6          0          0          0          0          0   _printf_d.o
       120         16          0          0          0         92   _printf_dec.o
         6          0          0          0          0          0   _printf_e.o
         6          0          0          0          0          0   _printf_f.o
      1050          0          0          0          0        216   _printf_fp_dec.o
       128         16          0          0          0         84   _printf_fp_infnan.o
         6          0          0          0          0          0   _printf_g.o
       148          4         40          0          0        160   _printf_hex_int_ll_ptr.o
         6          0          0          0          0          0   _printf_i.o
       178          0          0          0          0         88   _printf_intcommon.o
        10          0          0          0          0          0   _printf_l.o
         6          0          0          0          0          0   _printf_lc.o
        10          0          0          0          0          0   _printf_ll.o
         6          0          0          0          0          0   _printf_lld.o
         6          0          0          0          0          0   _printf_lli.o
         6          0          0          0          0          0   _printf_llo.o
         6          0          0          0          0          0   _printf_llu.o
         6          0          0          0          0          0   _printf_llx.o
       124         16          0          0          0         92   _printf_longlong_dec.o
         6          0          0          0          0          0   _printf_ls.o
         6          0          0          0          0          0   _printf_n.o
         6          0          0          0          0          0   _printf_o.o
       112          8          0          0          0        124   _printf_oct_int_ll.o
         6          0          0          0          0          0   _printf_p.o
        78          0          0          0          0        108   _printf_pad.o
         0          0          0          0          0          0   _printf_percent.o
         4          0          0          0          0          0   _printf_percent_end.o
         6          0          0          0          0          0   _printf_s.o
        82          0          0          0          0         80   _printf_str.o
        36          0          0          0          0         84   _printf_truncate.o
         6          0          0          0          0          0   _printf_u.o
        44          0          0          0          0        108   _printf_wchar.o
       188          6          8          0          0         92   _printf_wctomb.o
         6          0          0          0          0          0   _printf_x.o
        10          0          0          0          0         68   _sputc.o
        64          0          0          0          0         92   _wcrtomb.o
        16          0          0          0          0         68   aeabi_memset.o
       220          4        148          0          0         96   bigflt0.o
      1910        128          0          0          0        672   btod.o
        36          4          0          0          0         76   c89vsprintf.o
        18          0          0          0          0         80   exit.o
         6          0          0          0          0        152   heapauxi.o
         0          0          0          0          0          0   indicate_semi.o
        44         10        272          0          0         76   lc_ctype_c.o
        44         10         28          0          0         76   lc_numeric_c.o
         2          0          0          0          0          0   libinit.o
        30          0          0          0          0          0   libinit2.o
         2          0          0          0          0          0   libshutdown.o
         2          0          0          0          0          0   libshutdown2.o
         8          4          0          0         96         68   libspace.o
       138          0          0          0          0         80   lludiv10.o
        16          4          0          0          0         76   rt_ctype_table.o
         8          4          0          0          0         68   rt_locale_intlibspace.o
        68          0          0          0          0         68   rt_memclr.o
        78          0          0          0          0         80   rt_memclr_w.o
       138          0          0          0          0         68   rt_memcpy_v6.o
       100          0          0          0          0         80   rt_memcpy_w.o
         2          0          0          0          0          0   rtexit.o
        10          0          0          0          0          0   rtexit2.o
        24          0          0          0          0         68   strcat.o
       128          0          0          0          0         68   strcmpv7m.o
        72          0          0          0          0         80   strcpy.o
        62          0          0          0          0         76   strlen.o
        36          0          0          0          0         80   strstr.o
        12          4          0          0          0         68   sys_exit.o
        74          0          0          0          0         80   sys_stackheap_outer.o
         2          0          0          0          0         68   use_no_semi.o
         4          0          0          0          0         68   printf1.o
         0          0          0          0          0          0   usenofp.o
        40          0          0          0          0         68   fpclassify.o

    ----------------------------------------------------------------------
      6584        262        514          0        100       4680   Library Totals
        14          0          1          0          4          0   (incl. Padding)

    ----------------------------------------------------------------------

      Code (inc. data)   RO Data    RW Data    ZI Data      Debug   Library Name

      6526        262        513          0         96       4544   c_w.l
         4          0          0          0          0         68   fz_ws.l
        40          0          0          0          0         68   m_ws.l

    ----------------------------------------------------------------------
      6584        262        514          0        100       4680   Library Totals

    ----------------------------------------------------------------------

==============================================================================


      Code (inc. data)   RO Data    RW Data    ZI Data      Debug   

     47216       6872      17080        232      17880     259394   Grand Totals
     47216       6872      17080        232      17880     259394   ELF Image Totals
     47216       6872      17080        232          0          0   ROM Totals

==============================================================================

    Total RO  Size (Code + RO Data)                64296 (  62.79kB)
    Total RW  Size (RW Data + ZI Data)             18112 (  17.69kB)
    Total ROM Size (Code + RO Data + RW Data)      64528 (  63.02kB)

==============================================================================

